******************************************************************************
                  TI ARM Linker PC v18.12.4                    
******************************************************************************
>> Linked Sat May  1 13:57:14 2021

OUTPUT FILE NAME:   <CC_2021_12x.out>
ENTRY POINT SYMBOL: "_c_int00"  address: 0001d84c


MEMORY CONFIGURATION

         name            origin    length      used     unused   attr    fill
----------------------  --------  ---------  --------  --------  ----  --------
  VECTORS               00000000   00000020  00000020  00000000     X
  KERNEL                00000020   00008000  00005ba4  0000245c  R  X
  FLASH0                00008020   00137fe0  00019330  0011ecb0  R  X
  STACKS                08000000   00000800  00000000  00000800  RW  
  KRAM                  08000800   00000800  00000104  000006fc  RW  
  RAM                   08001000   0002f000  00003043  0002bfbd  RW  


SEGMENT ALLOCATION MAP

run origin  load origin   length   init length attrs members
----------  ----------- ---------- ----------- ----- -------
00000000    00000000    00005204   00005204    r-x
  00000000    00000000    00000020   00000020    r-x .intvecs
  00000020    00000020    000051e4   000051e4    r-x .kernelTEXT
00005208    00005208    00000800   00000000    rw-
  00005208    00005208    00000800   00000000    rw- .sysmem
00005a08    00005a08    000001c0   000001c0    r--
  00005a08    00005a08    000001c0   000001c0    r-- .cinit
00008020    00008020    00019334   00019334    r-x
  00008020    00008020    000187e4   000187e4    r-x .text
  00020808    00020808    00000b4c   00000b4c    r-- .const
08000800    08000800    00000104   00000000    rw-
  08000800    08000800    00000104   00000000    rw- .kernelBSS
08001000    08001000    00003045   00000000    rw-
  08001000    08001000    00002000   00000000    rw- .kernelHEAP
  08003000    08003000    00000b9a   00000000    rw- .bss
  08003b9c    08003b9c    000004a9   00000000    rw- .data


SECTION ALLOCATION MAP

 output                                  attributes/
section   page    origin      length       input sections
--------  ----  ----------  ----------   ----------------
.intvecs   0    00000000    00000020     
                  00000000    00000020     sys_intvecs.obj (.intvecs)

.kernelTEXT 
*          0    00000020    000051e4     
                  00000020    00002bdc     os_tasks.obj (.kernelTEXT)
                  00002bfc    000011dc     os_queue.obj (.kernelTEXT)
                  00003dd8    0000081c     os_event_groups.obj (.kernelTEXT)
                  000045f4    000004b0     os_portasm.obj (.kernelTEXT)
                  00004aa4    000003e0     os_port.obj (.kernelTEXT)
                  00004e84    00000380     os_heap.obj (.kernelTEXT)

.cinit     0    00005a08    000001c0     
                  00005a08    00000176     (.cinit..data.load) [load image, compression = lzss]
                  00005b7e    00000002     --HOLE-- [fill = 0]
                  00005b80    0000000c     (__TI_handler_table)
                  00005b8c    00000009     (.cinit..kernelBSS.load) [load image, compression = lzss]
                  00005b95    00000003     --HOLE-- [fill = 0]
                  00005b98    00000008     (.cinit..bss.load) [load image, compression = zero_init]
                  00005ba0    00000008     (.cinit..kernelHEAP.load) [load image, compression = zero_init]
                  00005ba8    00000020     (__TI_cinit_table)

.text      0    00008020    000187e4     
                  00008020    00004d48     ff.obj (.text)
                  0000cd68    00002cdc     sys_selftest.obj (.text)
                  0000fa44    000015a4     BMP280.obj (.text)
                  00010fe8    00000ef0     spi.obj (.text)
                  00011ed8    00000e98     mmc-hercules.obj (.text)
                  00012d70    00000e0c     Commands.obj (.text)
                  00013b7c    00000cf8     sd_card.obj (.text)
                  00014874    00000b64     system.obj (.text)
                  000153d8    00000aec     adc.obj (.text)
                  00015ec4    00000a58     sys_vim.obj (.text)
                  0001691c    00000a4a     rtsv7R4_T_be_v3D16_eabi.lib : _printfi.c.obj (.text:__TI_printfi)
                  00017366    00000002                                 : _lock.c.obj (.text:_nop)
                  00017368    000009a0     os_mpu_wrappers.obj (.text)
                  00017d08    000008f0     het.obj (.text)
                  000185f8    000008c0     pinmux.obj (.text)
                  00018eb8    000007b8     sci.obj (.text)
                  00019670    00000728     uartstdio.obj (.text)
                  00019d98    000006f8     Utilities.obj (.text)
                  0001a490    000006e4     sys_main.obj (.text)
                  0001ab74    0000068c     rtsv7R4_T_be_v3D16_eabi.lib : e_pow.c.obj (.text:pow)
                  0001b200    00000664     errata_SSWF021_45.obj (.text)
                  0001b864    000005bc     esm.obj (.text)
                  0001be20    00000518     spi.obj (.text:retain)
                  0001c338    00000484     gio.obj (.text)
                  0001c7bc    000003e8     rtsv7R4_T_be_v3D16_eabi.lib : strtod.c.obj (.text:strtod)
                  0001cba4    000003d8     sci.obj (.text:retain)
                  0001cf7c    0000034c     sys_core.obj (.text)
                  0001d2c8    000002cc     sys_vim.obj (.text:retain)
                  0001d594    000002b8     rtsv7R4_T_be_v3D16_eabi.lib : ull_div32.asm.obj (.text)
                  0001d84c    00000290     sys_startup.obj (.text:retain)
                  0001dadc    00000278     os_heap.obj (.text)
                  0001dd54    00000254     rtsv7R4_T_be_v3D16_eabi.lib : e_log.c.obj (.text:log)
                  0001dfa8    00000248                                 : _printfi.c.obj (.text:_pconv_a)
                  0001e1f0    00000238     os_list.obj (.text)
                  0001e428    000001b4     os_port.obj (.text)
                  0001e5dc    000001a0     rtsv7R4_T_be_v3D16_eabi.lib : _printfi.c.obj (.text:_pconv_g)
                  0001e77c    0000019c     PWM.obj (.text)
                  0001e918    00000164     os_tasks.obj (.text)
                  0001ea7c    00000130     cmdline.obj (.text)
                  0001ebac    00000118     rtsv7R4_T_be_v3D16_eabi.lib : fputs.c.obj (.text:fputs)
                  0001ecc4    00000114                                 : memory.c.obj (.text:aligned_alloc)
                  0001edd8    00000114     esm.obj (.text:retain)
                  0001eeec    0000010c     notification.obj (.text)
                  0001eff8    00000104     rtsv7R4_T_be_v3D16_eabi.lib : _printfi.c.obj (.text:_pconv_e)
                  0001f0fc    000000fc                                 : _printfi.c.obj (.text:fcvt)
                  0001f1f8    000000f0                                 : s_scalbn.c.obj (.text:scalbn)
                  0001f2e8    000000e8     dabort.obj (.text)
                  0001f3d0    000000e4     rtsv7R4_T_be_v3D16_eabi.lib : memory.c.obj (.text:free)
                  0001f4b4    000000e0                                 : s_floor.c.obj (.text:floor)
                  0001f594    000000e0     sys_pmu.obj (.text)
                  0001f674    000000dc     rtsv7R4_T_be_v3D16_eabi.lib : setvbuf.c.obj (.text:setvbuf)
                  0001f750    000000ad                                 : _printfi.c.obj (.text:_ltostr)
                  0001f7fd    00000001     --HOLE-- [fill = 0]
                  0001f7fe    00000002                                 : div0.asm.obj (.text)
                  0001f800    000000a0     microSD.obj (.text)
                  0001f8a0    0000009c     rtsv7R4_T_be_v3D16_eabi.lib : memcpy_t2.asm.obj (.text)
                  0001f93c    00000098                                 : ll_div32.asm.obj (.text)
                  0001f9d4    00000080                                 : fflush.c.obj (.text:fflush)
                  0001fa54    0000007a                                 : _printfi.c.obj (.text:_mcpy)
                  0001face    0000007a                                 : memset_t2.asm.obj (.text)
                  0001fb48    00000074                                 : fclose.c.obj (.text:__TI_closefile)
                  0001fbbc    00000074                                 : s_frexp.c.obj (.text:frexp)
                  0001fc30    00000070                                 : memory.c.obj (.text:split)
                  0001fca0    0000006c                                 : hostrename.c.obj (.text:HOSTrename)
                  0001fd0c    0000006c                                 : copy_decompress_lzss.c.obj (.text:decompress:lzss:__TI_decompress_lzss)
                  0001fd78    00000068                                 : hostlseek.c.obj (.text:HOSTlseek)
                  0001fde0    00000064                                 : _io_perm.c.obj (.text:__TI_wrt_ok)
                  0001fe44    00000064                                 : fseek.c.obj (.text:fseek)
                  0001fea8    0000005c                                 : hostopen.c.obj (.text:HOSTopen)
                  0001ff04    0000005c                                 : hostread.c.obj (.text:HOSTread)
                  0001ff60    00000058                                 : hostwrite.c.obj (.text:HOSTwrite)
                  0001ffb8    00000058                                 : close.c.obj (.text:close)
                  00020010    00000054                                 : _printfi.c.obj (.text:_ecpy)
                  00020064    00000054                                 : ltoa.c.obj (.text:ltoa)
                  000200b8    00000050                                 : _printfi.c.obj (.text:_pconv_f)
                  00020108    00000050                                 : atoi.c.obj (.text:atoi)
                  00020158    00000050                                 : u_div32.asm.obj (.text)
                  000201a8    0000004c                                 : fflush.c.obj (.text:__TI_doflush)
                  000201f4    00000044                                 : hostclose.c.obj (.text:HOSTclose)
                  00020238    00000044                                 : hostunlink.c.obj (.text:HOSTunlink)
                  0002027c    00000044                                 : autoinit.c.obj (.text:__TI_auto_init_nobinit_nopinit:__TI_auto_init_nobinit_nopinit)
                  000202c0    00000044                                 : exit.c.obj (.text:exit)
                  00020304    00000044                                 : getdevice.c.obj (.text:getdevice)
                  00020348    00000042                                 : ll_tofs_t2.asm.obj (.text)
                  0002038a    00000040                                 : _printfi.c.obj (.text:_fcpy)
                  000203ca    00000002     --HOLE-- [fill = 0]
                  000203cc    00000040                                 : sprintf.c.obj (.text:sprintf)
                  0002040c    00000040                                 : strtok.c.obj (.text:strtok)
                  0002044c    0000003c                                 : trgmsg.c.obj (.text:__TI_writemsg)
                  00020488    00000036                                 : strncpy.c.obj (.text:strncpy)
                  000204be    00000002     --HOLE-- [fill = 0]
                  000204c0    00000034                                 : fopen.c.obj (.text:__TI_cleanup)
                  000204f4    00000034                                 : trgmsg.c.obj (.text:__TI_readmsg)
                  00020528    00000034                                 : getdevice.c.obj (.text:finddevice)
                  0002055c    0000002c                                 : e_sqrt.c.obj (.text:sqrt)
                  00020588    0000002c                                 : unlink.c.obj (.text:unlink)
                  000205b4    0000002a                                 : strspn.c.obj (.text:strspn)
                  000205de    00000002     --HOLE-- [fill = 0]
                  000205e0    00000028                                 : memory.c.obj (.text:free_list_insert)
                  00020608    00000028                                 : lseek.c.obj (.text:lseek)
                  00020630    00000028                                 : write.c.obj (.text:write)
                  00020658    00000022                                 : strcspn.c.obj (.text:strcspn)
                  0002067a    00000020                                 : memchr.c.obj (.text:memchr)
                  0002069a    0000001e                                 : s_copysign.c.obj (.text:copysign)
                  000206b8    0000001e                                 : strcat.c.obj (.text:strcat)
                  000206d6    00000002     --HOLE-- [fill = 0]
                  000206d8    0000001c                                 : assert.c.obj (.text:_abort_msg)
                  000206f4    0000001c                                 : memory.c.obj (.text:free_list_remove)
                  00020710    0000001c                                 : memccpy.c.obj (.text:memccpy)
                  0002072c    0000001a                                 : sprintf.c.obj (.text:_outs)
                  00020746    00000018                                 : strcmp.c.obj (.text:strcmp)
                  0002075e    00000016                                 : strchr.c.obj (.text:strchr)
                  00020774    00000016                                 : strlen.c.obj (.text:strlen)
                  0002078a    00000014                                 : strcpy.c.obj (.text:strcpy)
                  0002079e    00000012                                 : wcslen.c.obj (.text:wcslen)
                  000207b0    0000000e                                 : copy_decompress_none.c.obj (.text:decompress:none:__TI_decompress_none)
                  000207be    0000000c                                 : copy_zero_init.c.obj (.text:decompress:ZI:__TI_zero_init)
                  000207ca    0000000a                                 : sprintf.c.obj (.text:_outc)
                  000207d4    00000008                                 : errno.c.obj (.text:__aeabi_errno_addr)
                  000207dc    00000008                                 : memory.c.obj (.text:malloc)
                  000207e4    00000006                                 : atof.c.obj (.text:atof)
                  000207ea    00000004                                 : exit.c.obj (.text:abort:abort)
                  000207ee    00000002     --HOLE-- [fill = 0]
                  000207f0    00000004     sys_phantom.obj (.text:retain)
                  000207f4    00000004     sys_startup.obj (.text)
                  000207f8    0000000c     rtsv7R4_T_be_v3D16_eabi.lib : div0.asm.obj (.tramp.__aeabi_ldiv0.1)

.const     0    00020808    00000b4c     
                  00020808    000003a0     het.obj (.const:het1PROGRAM)
                  00020ba8    00000230     sd_card.obj (.const:.string)
                  00020dd8    00000200     sys_vim.obj (.const:s_vim_init)
                  00020fd8    00000101     rtsv7R4_T_be_v3D16_eabi.lib : ctype.c.obj (.const:.string:_ctypes_)
                  000210d9    00000002     Utilities.obj (.const:.string:$P$T0$1)
                  000210db    00000001     --HOLE-- [fill = 0]
                  000210dc    00000004     uartstdio.obj (.const)
                  000210e0    000000c8     rtsv7R4_T_be_v3D16_eabi.lib : strtod.c.obj (.const:$O1$$)
                  000211a8    00000068     Utilities.obj (.const:.string)
                  00021210    00000030     rtsv7R4_T_be_v3D16_eabi.lib : e_pow.c.obj (.const:$O1$$)
                  00021240    00000028     Commands.obj (.const:.string:$P$T1$2)
                  00021268    00000020     PWM.obj (.const:s_het1pwmPolarity)
                  00021288    00000020     het.obj (.const:s_het1pwmPolarity)
                  000212a8    0000001e     Commands.obj (.const:.string:$P$T0$1)
                  000212c6    0000001d     Commands.obj (.const:.string:$P$T2$3)
                  000212e3    00000001     --HOLE-- [fill = 0]
                  000212e4    00000018     adc.obj (.const:s_adcFiFoSize)
                  000212fc    00000018     adc.obj (.const:s_adcSelect)
                  00021314    00000014     uartstdio.obj (.const:.string)
                  00021328    00000010     sys_main.obj (.const:$P$T1$2)
                  00021338    0000000c     sys_main.obj (.const:$P$T0$1)
                  00021344    0000000c     Commands.obj (.const:$P$T3$4)
                  00021350    00000002     Utilities.obj (.const:.string:$P$T1$2)
                  00021352    00000002     Utilities.obj (.const:.string:$P$T2$3)

.kernelBSS 
*          0    08000800    00000104     UNINITIALIZED
                  08000800    000000d0     os_tasks.obj (.kernelBSS:uninit)
                  080008d0    00000034     os_tasks.obj (.kernelBSS:init)

.kernelHEAP 
*          0    08001000    00002000     UNINITIALIZED
                  08001000    00002000     os_heap.obj (.kernelHEAP)

.bss       0    08003000    00000b9a     UNINITIALIZED
                  08003000    00000230     sd_card.obj (.bss:g_sFatFs)
                  08003230    00000228     sd_card.obj (.bss:g_sFileObject)
                  08003458    00000228     (.common:filew)
                  08003680    00000120     rtsv7R4_T_be_v3D16_eabi.lib : trgmsg.c.obj (.bss:_CIOBUF_)
                  080037a0    000000a0     (.common:__TI_tmpnams)
                  08003840    00000078     spi.obj (.bss:g_spiPacket_t)
                  080038b8    00000064     (.common:command)
                  0800391c    00000064     (.common:tramaAPI)
                  08003980    00000050     sd_card.obj (.bss:g_pcTmpBuf)
                  080039d0    00000040     sd_card.obj (.bss:g_pcCmdBuf)
                  08003a10    0000002c     sd_card.obj (.bss:g_sDirObject)
                  08003a3c    00000028     sci.obj (.bss:g_sciTransfer_t)
                  08003a64    00000024     cmdline.obj (.bss:g_ppcArgv)
                  08003a88    0000001c     BMP280.obj (.bss:ParametrosCalibracionBMP280)
                  08003aa4    00000018     Commands.obj (.bss:auxReceivedData)
                  08003abc    00000018     sd_card.obj (.bss:g_sFileInfo)
                  08003ad4    00000018     Commands.obj (.bss:receivedData2)
                  08003aec    00000018     Commands.obj (.bss:receivedData3)
                  08003b04    00000018     Commands.obj (.bss:receivedData)
                  08003b1c    00000018     sys_main.obj (.bss:receivedData)
                  08003b34    00000018     (.common:CMD_KEY)
                  08003b4c    00000004     ff.obj (.bss:FatFs)
                  08003b50    00000010     (.common:SERVO_PAYLOAD)
                  08003b60    0000000c     (.common:newDataCopy)
                  08003b6c    00000008     os_heap.obj (.bss:xStart)
                  08003b74    00000008     (.common:parmbuf)
                  08003b7c    00000004     (.common:SPI1_data_configCh2)
                  08003b80    00000004     (.common:auxNewData)
                  08003b84    00000004     (.common:newData)
                  08003b88    00000004     (.common:res)
                  08003b8c    00000004     (.common:xTelemetryHandle)
                  08003b90    00000004     (.common:xWTStartHandle)
                  08003b94    00000003     mmc-hercules.obj (.bss)
                  08003b97    00000001     (.common:iFResult)
                  08003b98    00000002     ff.obj (.bss)

.data      0    08003b9c    000004a9     UNINITIALIZED
                  08003b9c    000000f0     rtsv7R4_T_be_v3D16_eabi.lib : defs.c.obj (.data:_ftable)
                  08003c8c    000000a0     sd_card.obj (.data:g_psFResultStrings)
                  08003d2c    00000078     rtsv7R4_T_be_v3D16_eabi.lib : host_device.c.obj (.data:_device)
                  08003da4    00000078     sd_card.obj (.data:g_psCmdTable)
                  08003e1c    00000050     rtsv7R4_T_be_v3D16_eabi.lib : host_device.c.obj (.data:_stream)
                  08003e6c    00000050     sd_card.obj (.data:g_pcCwdBuf)
                  08003ebc    0000004c     Utilities.obj (.data)
                  08003f08    00000018     Utilities.obj (.data:FSW_STATE)
                  08003f20    00000010     Commands.obj (.data)
                  08003f30    00000010     os_heap.obj (.data)
                  08003f40    00000010     rtsv7R4_T_be_v3D16_eabi.lib : defs.c.obj (.data)
                  08003f50    0000000c                                 : exit.c.obj (.data:$O1$$)
                  08003f5c    0000000a     mmc-hercules.obj (.data)
                  08003f66    00000002     BMP280.obj (.data)
                  08003f68    00000008     rtsv7R4_T_be_v3D16_eabi.lib : _lock.c.obj (.data:$O1$$)
                  08003f70    00000008                                 : memory.c.obj (.data:$O1$$)
                  08003f78    00000008     BMP280.obj (.data:ALTITUD)
                  08003f80    00000008     BMP280.obj (.data:Alt_bmp280)
                  08003f88    00000008     BMP280.obj (.data:ComandoSPI)
                  08003f90    00000008     BMP280.obj (.data:DatoSPI01)
                  08003f98    00000008     BMP280.obj (.data:DatoSPI02)
                  08003fa0    00000008     BMP280.obj (.data:DatoSPI03)
                  08003fa8    00000008     BMP280.obj (.data:DatoSPI04)
                  08003fb0    00000008     BMP280.obj (.data:PRESION)
                  08003fb8    00000008     BMP280.obj (.data:Pres_bmp280)
                  08003fc0    00000008     BMP280.obj (.data:TEMPERATURA)
                  08003fc8    00000008     BMP280.obj (.data:Temp_bmp280)
                  08003fd0    00000008     Utilities.obj (.data:cALTITUDE_BAR)
                  08003fd8    00000008     Utilities.obj (.data:cPRESS_BAR)
                  08003fe0    00000008     Utilities.obj (.data:cTEMPERATURE)
                  08003fe8    00000008     os_port.obj (.data)
                  08003ff0    00000006     Utilities.obj (.data:cPACKET_COUNT)
                  08003ff6    00000006     Utilities.obj (.data:cSP1_PC)
                  08003ffc    00000006     Utilities.obj (.data:cSP2_PC)
                  08004002    00000004     Utilities.obj (.data:SP1_ALTITUDE)
                  08004006    00000004     Utilities.obj (.data:SP1_MISSION_TIME)
                  0800400a    00000004     Utilities.obj (.data:SP1_PACKET_COUNT)
                  0800400e    00000004     Utilities.obj (.data:SP1_PACKET_TYPE)
                  08004012    00000004     Utilities.obj (.data:SP1_ROTATION_RATE)
                  08004016    00000004     Utilities.obj (.data:SP1_TEMPERATURE)
                  0800401a    00000004     Utilities.obj (.data:SP2_ALTITUDE)
                  0800401e    00000004     Utilities.obj (.data:SP2_MISSION_TIME)
                  08004022    00000004     Utilities.obj (.data:SP2_PACKET_COUNT)
                  08004026    00000004     Utilities.obj (.data:SP2_PACKET_TYPE)
                  0800402a    00000004     Utilities.obj (.data:SP2_ROTATION_RATE)
                  0800402e    00000004     Utilities.obj (.data:SP2_TEMPERATURE)
                  08004032    00000001     uartstdio.obj (.data)
                  08004033    00000001     --HOLE--
                  08004034    00000004     rtsv7R4_T_be_v3D16_eabi.lib : errno.c.obj (.data)
                  08004038    00000004                                 : strtok.c.obj (.data)
                  0800403c    00000003     Utilities.obj (.data:cH)
                  0800403f    00000003     Utilities.obj (.data:cM)
                  08004042    00000003     Utilities.obj (.data:cS)

.sysmem    0    00005208    00000800     UNINITIALIZED
                  00005208    00000010     rtsv7R4_T_be_v3D16_eabi.lib : memory.c.obj (.sysmem)
                  00005218    000007f0     --HOLE--

MODULE SUMMARY

       Module                       code     ro data   rw data
       ------                       ----     -------   -------
    .\SDCard\
       sd_card.obj                  3320     560       1708   
       uartstdio.obj                1832     24        1      
       cmdline.obj                  304      0         36     
    +--+----------------------------+--------+---------+---------+
       Total:                       5456     584       1745   
                                                              
    .\fatfs\port\
       mmc-hercules.obj             3736     0         13     
    +--+----------------------------+--------+---------+---------+
       Total:                       3736     0         13     
                                                              
    .\fatfs\src\
       ff.obj                       19784    0         6      
    +--+----------------------------+--------+---------+---------+
       Total:                       19784    0         6      
                                                              
    .\source\
       os_tasks.obj                 11584    0         260    
       sys_selftest.obj             11484    0         0      
       os_heap.obj                  1528     0         8216   
       spi.obj                      5128     0         120    
       os_queue.obj                 4572     0         0      
       sys_vim.obj                  3364     512       0      
       het.obj                      2288     960       0      
       sci.obj                      2960     0         40     
       system.obj                   2916     0         0      
       adc.obj                      2796     48        0      
       os_mpu_wrappers.obj          2464     0         0      
       pinmux.obj                   2240     0         0      
       os_event_groups.obj          2076     0         0      
       sys_main.obj                 1764     28        24     
       esm.obj                      1744     0         0      
       errata_SSWF021_45.obj        1636     0         0      
       os_port.obj                  1428     0         8      
       os_portasm.obj               1200     0         0      
       gio.obj                      1156     0         0      
       sys_core.obj                 844      0         0      
       sys_startup.obj              660      0         0      
       os_list.obj                  568      0         0      
       notification.obj             268      0         0      
       dabort.obj                   232      0         0      
       sys_pmu.obj                  224      0         0      
       sys_intvecs.obj              32       0         0      
       sys_phantom.obj              4        0         0      
    +--+----------------------------+--------+---------+---------+
       Total:                       67160    1548      8668   
                                                              
    .\source\KaanSat_Lib\
       BMP280.obj                   5540     0         122    
       Commands.obj                 3596     111       132    
       Utilities.obj                1784     110       423    
       microSD.obj                  160      0         557    
       PWM.obj                      412      32        0      
    +--+----------------------------+--------+---------+---------+
       Total:                       11492    253       1234   
                                                              
    C:/ti/ccs930/ccs/tools/compiler/ti-cgt-arm_18.12.4.LTS/lib/rtsv7R4_T_be_v3D16_eabi.lib
       _printfi.c.obj               4669     0         0      
       e_pow.c.obj                  1676     48        0      
       strtod.c.obj                 1000     200       0      
       memory.c.obj                 692      0         8      
       ull_div32.asm.obj            696      0         0      
       e_log.c.obj                  596      0         0      
       defs.c.obj                   0        0         416    
       trgmsg.c.obj                 112      0         288    
       fputs.c.obj                  280      0         0      
       ctype.c.obj                  0        257       0      
       s_scalbn.c.obj               240      0         0      
       s_floor.c.obj                224      0         0      
       setvbuf.c.obj                220      0         0      
       fflush.c.obj                 204      0         0      
       host_device.c.obj            0        0         200    
       memcpy_t2.asm.obj            156      0         0      
       ll_div32.asm.obj             152      0         0      
       memset_t2.asm.obj            122      0         0      
       getdevice.c.obj              120      0         0      
       fclose.c.obj                 116      0         0      
       s_frexp.c.obj                116      0         0      
       copy_decompress_lzss.c.obj   108      0         0      
       hostrename.c.obj             108      0         0      
       hostlseek.c.obj              104      0         0      
       _io_perm.c.obj               100      0         0      
       fseek.c.obj                  100      0         0      
       hostopen.c.obj               92       0         8      
       sprintf.c.obj                100      0         0      
       hostread.c.obj               92       0         0      
       close.c.obj                  88       0         0      
       hostwrite.c.obj              88       0         0      
       exit.c.obj                   72       0         12     
       ltoa.c.obj                   84       0         0      
       atoi.c.obj                   80       0         0      
       u_div32.asm.obj              80       0         0      
       autoinit.c.obj               68       0         0      
       hostclose.c.obj              68       0         0      
       hostunlink.c.obj             68       0         0      
       strtok.c.obj                 64       0         4      
       ll_tofs_t2.asm.obj           66       0         0      
       strncpy.c.obj                54       0         0      
       fopen.c.obj                  52       0         0      
       e_sqrt.c.obj                 44       0         0      
       unlink.c.obj                 44       0         0      
       strspn.c.obj                 42       0         0      
       lseek.c.obj                  40       0         0      
       write.c.obj                  40       0         0      
       strcspn.c.obj                34       0         0      
       memchr.c.obj                 32       0         0      
       s_copysign.c.obj             30       0         0      
       strcat.c.obj                 30       0         0      
       assert.c.obj                 28       0         0      
       memccpy.c.obj                28       0         0      
       strcmp.c.obj                 24       0         0      
       strchr.c.obj                 22       0         0      
       strlen.c.obj                 22       0         0      
       strcpy.c.obj                 20       0         0      
       wcslen.c.obj                 18       0         0      
       copy_decompress_none.c.obj   14       0         0      
       div0.asm.obj                 14       0         0      
       copy_zero_init.c.obj         12       0         0      
       errno.c.obj                  8        0         4      
       _lock.c.obj                  2        0         8      
       atof.c.obj                   6        0         0      
    +--+----------------------------+--------+---------+---------+
       Total:                       13681    505       948    
                                                              
       Heap:                        0        0         2048   
       Linker Generated:            0        443       0      
    +--+----------------------------+--------+---------+---------+
       Grand Total:                 121309   3333      14662  


LINKER GENERATED COPY TABLES

__TI_cinit_table @ 00005ba8 records: 4, size/record: 8, table size: 32
	.data: load addr=00005a08, load size=00000176 bytes, run addr=08003b9c, run size=000004a9 bytes, compression=lzss
	.kernelBSS: load addr=00005b8c, load size=00000009 bytes, run addr=08000800, run size=00000104 bytes, compression=lzss
	.bss: load addr=00005b98, load size=00000008 bytes, run addr=08003000, run size=00000b9a bytes, compression=zero_init
	.kernelHEAP: load addr=00005ba0, load size=00000008 bytes, run addr=08001000, run size=00002000 bytes, compression=zero_init


LINKER GENERATED HANDLER TABLE

__TI_handler_table @ 00005b80 records: 3, size/record: 4, table size: 12
	index: 0, handler: __TI_decompress_lzss
	index: 1, handler: __TI_decompress_none
	index: 2, handler: __TI_zero_init

VENEERS

callee name               veneer name
   callee addr  veneer addr  call addr  call info
--------------  -----------  ---------  ----------------
__aeabi_ldiv0             $Ven$AT$L$PI$$__aeabi_ldiv0
   0001f7ff     000207f8     0001f970   rtsv7R4_T_be_v3D16_eabi.lib : ll_div32.asm.obj (.text)

[1 trampolines]
[1 trampoline calls]


GLOBAL SYMBOLS: SORTED ALPHABETICALLY BY Name 

address   name                                  
-------   ----                                  
08003edc  ALTITUDE_BAR                          
08003f80  Alt_bmp280                            
0000fb34  BMP280_Altitud                        
0001031c  BMP280_CalcularAltitud                
00010adc  BMP280_CalcularTemperaturaPresion     
0000fa78  BMP280_Init                           
0000fb20  BMP280_Presion                        
0000fb40  BMP280_Temperatura                    
000207eb  C$$EXIT                               
0002047f  C$$IO$$                               
0000fb4c  CAlibracion_BMP280                    
08003b34  CMD_KEY                               
00010f5c  CalcAltitudfloat                      
00010608  CalcTempYpres_bmp280                  
0001ea7c  CmdLineProcess                        
000141a4  Cmd_append                            
00013ff0  Cmd_cat                               
00013e2c  Cmd_cd                                
000142c0  Cmd_help                              
00013bf0  Cmd_ls                                
00013fb8  Cmd_pwd                               
08003f88  ComandoSPI                            
08003f90  DatoSPI01                             
08003f98  DatoSPI02                             
08003fa0  DatoSPI03                             
08003fa8  DatoSPI04                             
08003ef0  ENABLE_SIM                            
08003f08  FSW_STATE                             
08003ec4  FSW_STATE_TEMP                        
08003ef4  H                                     
000201f5  HOSTclose                             
0001fd79  HOSTlseek                             
0001fea9  HOSTopen                              
0001ff05  HOSTread                              
0001fca1  HOSTrename                            
00020239  HOSTunlink                            
0001ff61  HOSTwrite                             
00010368  LEERTempYpresRAW_bmp280               
08003ef8  M                                     
08003ec8  MISSION_TIME                          
08003ed0  MODE                                  
00017538  MPU_eTaskGetState                     
000176a0  MPU_pcTaskGetName                     
00017780  MPU_pvTaskGetThreadLocalStoragePointer
00017898  MPU_ulTaskNotifyTake                  
00017a54  MPU_uxQueueMessagesWaiting            
00017a88  MPU_uxQueueSpacesAvailable            
00017674  MPU_uxTaskGetNumberOfTasks            
00017708  MPU_uxTaskGetStackHighWaterMark       
00017504  MPU_uxTaskPriorityGet                 
00017cdc  MPU_vEventGroupDelete                 
00017abc  MPU_vQueueDelete                      
00017410  MPU_vTaskAllocateMPURegions           
00017470  MPU_vTaskDelay                        
0001749c  MPU_vTaskDelayUntil                   
00017444  MPU_vTaskDelete                       
0001756c  MPU_vTaskPrioritySet                  
000175cc  MPU_vTaskResume                       
0001773c  MPU_vTaskSetThreadLocalStoragePointer 
00017910  MPU_vTaskSetTimeOutState              
000175a0  MPU_vTaskSuspend                      
000175f8  MPU_vTaskSuspendAll                   
00017c00  MPU_xEventGroupClearBits              
00017b78  MPU_xEventGroupCreate                 
00017c44  MPU_xEventGroupSetBits                
00017c88  MPU_xEventGroupSync                   
00017ba4  MPU_xEventGroupWaitBits               
00017ae8  MPU_xQueueGenericCreate               
00017a00  MPU_xQueueGenericReceive              
00017b34  MPU_xQueueGenericReset                
000179ac  MPU_xQueueGenericSend                 
000174d0  MPU_xTaskAbortDelay                   
0001793c  MPU_xTaskCheckForTimeOut              
00017368  MPU_xTaskCreate                       
000173cc  MPU_xTaskCreateRestricted             
000177f0  MPU_xTaskGenericNotify                
000176d4  MPU_xTaskGetHandle                    
000177c4  MPU_xTaskGetIdleTaskHandle            
00017980  MPU_xTaskGetSchedulerState            
00017648  MPU_xTaskGetTickCount                 
000178dc  MPU_xTaskNotifyStateClear             
00017844  MPU_xTaskNotifyWait                   
0001761c  MPU_xTaskResumeAll                    
08003ecc  PACKET_COUNT                          
08003ee0  PRESS_BAR                             
08003fb8  Pres_bmp280                           
08003f02  R1                                    
08003f03  R2                                    
000135e0  Recorrido                             
00013774  RecorridoAuxNewData                   
08003efc  S                                     
00014390  SD_Test                               
08003b50  SERVO_PAYLOAD                         
UNDEFED   SHT$$INIT_ARRAY$$Base                 
UNDEFED   SHT$$INIT_ARRAY$$Limit                
08003f00  SP1X_ON                               
08004002  SP1_ALTITUDE                          
08004006  SP1_MISSION_TIME                      
0800400a  SP1_PACKET_COUNT                      
0800400e  SP1_PACKET_TYPE                       
08003ed4  SP1_PC                                
08003ed1  SP1_RELEASED                          
08004012  SP1_ROTATION_RATE                     
08004016  SP1_TEMPERATURE                       
08003f01  SP2X_ON                               
0800401a  SP2_ALTITUDE                          
0800401e  SP2_MISSION_TIME                      
08004022  SP2_PACKET_COUNT                      
08004026  SP2_PACKET_TYPE                       
08003ed8  SP2_PC                                
08003ed2  SP2_RELEASED                          
0800402a  SP2_ROTATION_RATE                     
0800402e  SP2_TEMPERATURE                       
08003b7c  SPI1_data_configCh2                   
00011f60  SPI_send                              
08003eed  SP_ON                                 
08003ed3  STATE                                 
000119a8  SpiRxStatus                           
0001191c  SpiTxStatus                           
00013b7c  StringFromFResult                     
00013be4  SysTickHandler                        
08003ee4  TEMPERATURE                           
08003fc8  Temp_bmp280                           
00019820  UARTgetc                              
000196ec  UARTgets                              
00019d48  UARTprintf                            
0001983c  UARTvprintf                           
00019670  UARTwrite                             
08003f2c  VALIDA_ENTRADA                        
08003ee8  VOLT_BATT                             
08003680  __CIOBUF_                             
00000800  __SYSMEM_SIZE                         
00005ba8  __TI_CINIT_Base                       
00005bc8  __TI_CINIT_Limit                      
00005b80  __TI_Handler_Table_Base               
00005b8c  __TI_Handler_Table_Limit              
0001d2c0  __TI_PINIT_Base                       
0001d2c4  __TI_PINIT_Limit                      
0002027d  __TI_auto_init_nobinit_nopinit        
000204c1  __TI_cleanup                          
08003f50  __TI_cleanup_ptr                      
0001fb49  __TI_closefile                        
0001fd0d  __TI_decompress_lzss                  
000207b1  __TI_decompress_none                  
000201a9  __TI_doflush                          
08003f54  __TI_dtors_ptr                        
08003f58  __TI_enable_exit_profile_output       
08003f40  __TI_ft_end                           
ffffffff  __TI_pprof_out_hndl                   
0001691d  __TI_printfi                          
ffffffff  __TI_prof_data_size                   
ffffffff  __TI_prof_data_start                  
000204f5  __TI_readmsg                          
00000000  __TI_static_base__                    
080037a0  __TI_tmpnams                          
0002044d  __TI_writemsg                         
0001fde1  __TI_wrt_ok                           
000207bf  __TI_zero_init                        
000207d5  __aeabi_errno_addr                    
0001f7ff  __aeabi_idiv0                         
00020349  __aeabi_l2f                           
0001f7ff  __aeabi_ldiv0                         
0001f93c  __aeabi_ldivmod                       
0001facf  __aeabi_memclr                        
0001facf  __aeabi_memclr4                       
0001facf  __aeabi_memclr8                       
0001f8a1  __aeabi_memcpy                        
0001f8a1  __aeabi_memcpy4                       
0001f8a1  __aeabi_memcpy8                       
0001fad1  __aeabi_memset                        
0001fad1  __aeabi_memset4                       
0001fad1  __aeabi_memset8                       
08003f4c  __aeabi_stderr                        
08003f44  __aeabi_stdin                         
08003f48  __aeabi_stdout                        
00020158  __aeabi_uidiv                         
00020158  __aeabi_uidivmod                      
0001d594  __aeabi_uldivmod                      
ffffffff  __binit__                             
ffffffff  __c_args__                            
000206d9  _abort_msg                            
0001d84c  _c_int00                              
0001d1d8  _coreClearAuxiliaryDataFault_         
0001d1ec  _coreClearAuxiliaryInstructionFault_  
0001d1b0  _coreClearDataFaultAddress_           
0001d188  _coreClearDataFault_                  
0001d1c4  _coreClearInstructionFaultAddress_    
0001d19c  _coreClearInstructionFault_           
0001d11c  _coreDisableEventBusExport_           
0001d160  _coreDisableFlashEcc_                 
0001d13c  _coreDisableRamEcc_                   
0001d10c  _coreEnableEventBusExport_            
0001d14c  _coreEnableFlashEcc_                  
0001d170  _coreEnableIrqVicOffset_              
0001d12c  _coreEnableRamEcc_                    
0001d0f4  _coreEnableVfp_                       
0001d1d0  _coreGetAuxiliaryDataFault_           
0001d1e4  _coreGetAuxiliaryInstructionFault_    
0001d1a8  _coreGetDataFaultAddress_             
0001d180  _coreGetDataFault_                    
0001d1bc  _coreGetInstructionFaultAddress_      
0001d194  _coreGetInstructionFault_             
0001cf7c  _coreInitRegisters_                   
0001d088  _coreInitStackPointer_                
00020fd8  _ctypes_                              
0001f2e8  _dabort                               
08003d2c  _device                               
0001d200  _disable_FIQ_interrupt_               
0001d208  _disable_IRQ_interrupt_               
0001d1f8  _disable_interrupt_                   
0001d210  _enable_interrupt_                    
0001d2a0  _errata_CORTEXR4_57_                  
0001d2b0  _errata_CORTEXR4_66_                  
0001b200  _errata_SSWF021_45_both_plls          
0001b3f4  _errata_SSWF021_45_pll1               
0001b56c  _errata_SSWF021_45_pll2               
0001d218  _esmCcmErrorsClear_                   
08003b9c  _ftable                               
0001d0d4  _getCPSRValue_                        
0001d0dc  _gotoCPUIdle_                         
08003f68  _lock                                 
00017367  _nop                                  
0001f5f0  _pmuDisableCountersGlobal_            
0001f5e0  _pmuEnableCountersGlobal_             
0001f64c  _pmuGetCycleCount_                    
0001f654  _pmuGetEventCount_                    
0001f660  _pmuGetOverflow_                      
0001f594  _pmuInit_                             
0001f620  _pmuResetCounters_                    
0001f600  _pmuResetCycleCounter_                
0001f610  _pmuResetEventCounters_               
0001f640  _pmuSetCountEvent_                    
0001f630  _pmuStartCounters_                    
0001f638  _pmuStopCounters_                     
08003f5c  _spiPORT                              
08003f60  _spiREG                               
08003e1c  _stream                               
00005208  _sys_memory                           
UNDEFED   _system_post_cinit                    
08003f6c  _unlock                               
000207eb  abort                                 
00015c54  adc1GetConfigValue                    
0000dfb4  adc1ParityCheck                       
0000e0a0  adc2ParityCheck                       
00015830  adcCalibration                        
00015bf4  adcDisableNotification                
00015ba4  adcEnableNotification                 
00015608  adcGetData                            
00015c3c  adcGetEVTPin                          
000153d8  adcInit                               
00015800  adcIsConversionComplete               
000157d0  adcIsFifoFull                         
00015a08  adcMidPointCalibration                
0001ef44  adcNotification                       
000155e0  adcResetFiFo                          
00015c1c  adcSetEVTPin                          
00015534  adcStartConversion                    
000155b8  adcStopConversion                     
0001ecc5  aligned_alloc                         
000207e5  atof                                  
00020109  atoi                                  
08003b80  auxNewData                            
ffffffff  binit                                 
08003ebc  buff_size                             
08003ec0  buff_sizeAPI                          
08003fd0  cALTITUDE_BAR                         
0800403c  cH                                    
0800403f  cM                                    
08003ff0  cPACKET_COUNT                         
08003fd8  cPRESS_BAR                            
08004042  cS                                    
08003ff6  cSP1_PC                               
08003ffc  cSP2_PC                               
08003fe0  cTEMPERATURE                          
0000e158  can1ParityCheck                       
0000e230  can2ParityCheck                       
0000e2f8  can3ParityCheck                       
00018314  capGetSignal                          
0000cd78  ccmSelfCheck                          
0000f444  ccmr4GetConfigValue                   
0000d680  checkB0RAMECC                         
0000d870  checkB1RAMECC                         
0000e960  checkClockMonitor                     
0000da60  checkFlashECC                         
0000ea3c  checkFlashEEPROMECC                   
0000ebd4  checkPLL1Slip                         
0000ecd4  checkPLL2Slip                         
0000ed98  checkRAMAddrParity                    
0000e718  checkRAMECC                           
0000eea4  checkRAMUERRTest                      
0000d504  checkefcSelfTest                      
0001ffb9  close                                 
08003f28  cmd_cont                              
000137f8  commCX                                
000138e4  commSIM                               
00013a3c  commSIMP                              
00013994  commSP1X                              
000139e8  commSP2X                              
00013a60  commSPR                               
0001384c  commST                                
000134a4  commVerification                      
080038b8  command                               
08003f20  commandsTam                           
0002069b  copysign                              
0002069b  copysignl                             
0000cf7c  cpuSelfTest                           
0000db44  cpuSelfTestFail                       
00019d98  createTelemetryPacket                 
000152fc  customTrimLPO                         
0000db3c  custom_dabort                         
0000f8a0  disableParity                         
0001248c  disk_initialize                       
000129dc  disk_ioctl                            
00012744  disk_read                             
00012718  disk_status                           
00012cd4  disk_timerproc                        
00012864  disk_write                            
0001efe4  dmaGroupANotification                 
0000dbf4  dmaParityCheck                        
00001f18  eTaskConfirmSleepModeStatus           
00000890  eTaskGetState                         
000182d4  edgeDisableNotification               
00018298  edgeEnableNotification                
0001826c  edgeGetCounter                        
0001efbc  edgeNotification                      
00018240  edgeResetCounter                      
0000d3a8  efcCheck                              
0000f3a8  efcGetConfigValue                     
0000d4dc  efcSelfTest                           
0000d430  efcStuckZeroTest                      
0000f818  enableParity                          
0000f4b4  errata_PBIST_4                        
08004034  errno                                 
0001b9e8  esmActivateNormalOperation            
0001babc  esmClearStatus                        
0001bafc  esmClearStatusBuffer                  
0001b9b0  esmDisableError                       
0001ba20  esmDisableInterrupt                   
0001b988  esmEnableError                        
0001b9f8  esmEnableInterrupt                    
0001bbf4  esmEnterSelfTest                      
0001b96c  esmError                              
0001bccc  esmGetConfigValue                     
0001bb38  esmGetStatus                          
0001bbbc  esmGetStatusBuffer                    
0001eeec  esmGroup1Notification                 
0001eefc  esmGroup2Notification                 
0001edd8  esmHighInterrupt                      
0001b864  esmInit                               
0001bc7c  esmSelfTestStatus                     
0001bb18  esmSetCounterPreloadValue             
0001ba48  esmSetInterruptLevel                  
0001b9d8  esmTriggerErrorPinReset               
000202c1  exit                                  
0000b3f0  f_close                               
0000b968  f_closedir                            
0000bae0  f_getfree                             
0000c580  f_gets                                
0000b440  f_lseek                               
0000c06c  f_mkdir                               
0000a4c4  f_mount                               
0000a590  f_open                                
0000b84c  f_opendir                             
0000c81c  f_printf                              
0000c790  f_putc                                
0000c7c8  f_puts                                
0000a9fc  f_read                                
0000b9a0  f_readdir                             
0000c354  f_rename                              
0000ba58  f_stat                                
0000b2a0  f_sync                                
0000bd1c  f_truncate                            
0000bef0  f_unlink                              
0000adf4  f_write                               
0001f9d5  fflush                                
08003458  filew                                 
00020529  finddevice                            
0001f4b5  floor                                 
0001f4b5  floorl                                
0000f00c  fmcBus1ParityCheck                    
0000d5a4  fmcBus2Check                          
0000d5e0  fmcECCcheck                           
0001ebad  fputs                                 
0001f3d1  free                                  
0001fbbd  frexp                                 
0001fbbd  frexpl                                
0001fe45  fseek                                 
0001a328  ftoa                                  
08003da4  g_psCmdTable                          
08003c8c  g_psFResultStrings                    
0001a12c  getAltitude                           
00012d70  getCommand                            
00012e40  getSPTelemetry                        
0001a074  getTime                               
00012d40  get_fattime                           
00020305  getdevice                             
0001c598  gioDisableNotification                
0001c530  gioEnableNotification                 
0001c498  gioGetBit                             
0001c600  gioGetConfigValue                     
0001c4c0  gioGetPort                            
0001c338  gioInit                               
0001ef58  gioNotification                       
0001c428  gioSetBit                             
0001c408  gioSetDirection                       
0001c478  gioSetPort                            
0001c4d8  gioToggleBit                          
0000fa44  hacernada                             
000207f4  handlePLLLockFail                     
00018420  het1GetConfigValue                    
0000dca0  het1ParityCheck                       
0000de08  het2ParityCheck                       
00018408  hetGetTimestamp                       
00017d08  hetInit                               
0001efd0  hetNotification                       
000183ec  hetResetTimestamp                     
0000dd4c  htu1ParityCheck                       
0000df04  htu2ParityCheck                       
08003b97  iFResult                              
0001f1f9  ldexp                                 
0001f1f9  ldexpl                                
0001cd74  linHighLevelInterrupt                 
0001cba4  linLowLevelInterrupt                  
0001dd55  log                                   
0001dd55  logl                                  
00020609  lseek                                 
00020065  ltoa                                  
0001a490  main                                  
000207dd  malloc                                
000149dc  mapClocks                             
0001ecc5  memalign                              
00020711  memccpy                               
0002067b  memchr                                
0001f8a1  memcpy                                
0000cebc  memoryInit                            
0001ef0c  memoryPort0TestFailNotification       
0001ef28  memoryPort1TestFailNotification       
0001fad7  memset                                
0001c088  mibspi1HighLevelInterrupt             
0001be20  mibspi1LowLevelInterrupt              
0000e3cc  mibspi1ParityCheck                    
0000e4d4  mibspi3ParityCheck                    
0000e5f8  mibspi5ParityCheck                    
00011ed8  mmcSelectSpi                          
000185f8  muxInit                               
08003b84  newData                               
08003b60  newDataCopy                           
00013420  numberOfTokens                        
00014324  open_append                           
08003b74  parmbuf                               
0000f134  pbistFail                             
0000f1b8  pbistGetConfigValue                   
0000d2f0  pbistIsTestCompleted                  
0000d31c  pbistIsTestPassed                     
0000d350  pbistPortTestStatus                   
0000d1f4  pbistRun                              
0000d014  pbistSelfCheck                        
0000d2c0  pbistStop                             
00001354  pcTaskGetName                         
00014988  periphInit                            
000207f0  phantomInterrupt                      
00018a98  pinmuxGetConfigValue                  
0001ab75  pow                                   
0001ab75  powl                                  
00004a7c  prvMpuDisable                         
00004a64  prvMpuEnable                          
00004a4c  prvMpuSetRegion                       
00004e84  pvPortMalloc                          
00001ff8  pvTaskGetThreadLocalStoragePointer    
00018210  pwmDisableNotification                
000181c8  pwmEnableNotification                 
000180e8  pwmGetSignal                          
0001efa4  pwmNotification                       
00017e30  pwmSetDuty                            
00017f6c  pwmSetSignal                          
0001e77c  pwmSetSignal10e3                      
00017dc8  pwmStart                              
00017dfc  pwmStop                               
080008d0  pxCurrentTCB                          
00004aa4  pxPortInitialiseStack                 
00020589  remove                                
08003b88  res                                   
00000000  resetEntry                            
0001f1f9  scalbn                                
0001f1f9  scalbnl                               
00019380  sciDisableLoopback                    
0001940c  sciDisableNotification                
0001934c  sciEnableLoopback                     
000193a4  sciEnableNotification                 
00019474  sciEnterResetState                    
00019494  sciExitResetState                     
00018eb8  sciInit                               
000191fc  sciIsIdleDetected                     
000191e0  sciIsRxReady                          
00019060  sciIsTxReady                          
0001aa88  sciNotification                       
00019274  sciReceive                            
00019248  sciReceiveByte                        
00019218  sciRxError                            
000190ac  sciSend                               
0001907c  sciSendByte                           
0001a188  sciSendData                           
00018fc4  sciSetBaudrate                        
00018fa4  sciSetFunctional                      
000194b4  scilinGetConfigValue                  
0001470c  sdCreateFile                          
000144ec  sdReadFile                            
0001466c  sdRemoveFile                          
0001f800  sdWriteMemory                         
0000cd68  selftestFailNotification              
00014948  setupFlash                            
00014874  setupPLL                              
0001f675  setvbuf                               
08003f24  sim_ok                                
0001a264  sltoa                                 
00011ae0  spi1GetConfigValue                    
00011c70  spi4GetConfigValue                    
00011a68  spiDisableLoopback                    
00011ab4  spiDisableNotification                
00011a34  spiEnableLoopback                     
00011a84  spiEnableNotification                 
0001ef94  spiEndNotification                    
00011384  spiGetData                            
00010fe8  spiInit                               
0001ef80  spiNotification                       
00011268  spiReceiveData                        
000117dc  spiSendAndGetData                     
000115a8  spiSendData                           
00011248  spiSetFunctional                      
000116a0  spiTransmitAndReceiveData             
0001147c  spiTransmitData                       
000203cd  sprintf                               
0002055d  sqrt                                  
0002055d  sqrtl                                 
000151c0  sramGetConfigValue                    
0000f304  stcGetConfigValue                     
0000cf00  stcSelfCheck                          
0000db40  stcSelfCheckFail                      
000206b9  strcat                                
0002075f  strchr                                
00020747  strcmp                                
0002078b  strcpy                                
00020659  strcspn                               
00020775  strlen                                
00020489  strncpy                               
000205b5  strspn                                
0001c7bd  strtod                                
0002040d  strtok                                
0001c7bd  strtold                               
00014c00  systemGetConfigValue                  
00014b04  systemInit                            
00014bd0  systemPowerDown                       
00015014  tcmflashGetConfigValue                
08003eec  telemetry_ON                          
0001365c  timeVerification                      
0800391c  tramaAPI                              
000148d4  trimLPO                               
08003fe8  ulCriticalNesting                     
00004974  ulPortCountLeadingZeros               
08003fec  ulTaskHasFPUContext                   
00002390  ulTaskNotifyTake                      
00020589  unlink                                
0001e39c  uxListRemove                          
00003910  uxQueueMessagesWaiting                
00003994  uxQueueMessagesWaitingFromISR         
00003948  uxQueueSpacesAvailable                
00001348  uxTaskGetNumberOfTasks                
0000223c  uxTaskGetStackHighWaterMark           
00000994  uxTaskPriorityGet                     
000009d8  uxTaskPriorityGetFromISR              
00002354  uxTaskResetEventItemValue             
0000456c  vEventGroupClearBitsCallback          
000044cc  vEventGroupDelete                     
00004550  vEventGroupSetBitsCallback            
0001e1f0  vListInitialise                       
0001e248  vListInitialiseItem                   
0001e2d8  vListInsert                           
0001e264  vListInsertEnd                        
0001a900  vMissionOperations                    
00004e50  vPortEndScheduler                     
000050dc  vPortFree                             
000051ec  vPortInitialiseBlocks                 
00004968  vPortInitialiseFPSCR                  
00004868  vPortPreemptiveTick                   
0000497c  vPortSWI                              
000045f8  vPortStartFirstTask                   
00004bb8  vPortStoreTaskMPUSettings             
00004774  vPortYeildWithinAPI                   
00004688  vPortYieldProcessor                   
000039c4  vQueueDelete                          
0001a7d0  vSensors                              
00002064  vTaskAllocateMPURegions               
0000080c  vTaskDelay                            
000006a0  vTaskDelayUntil                       
00000538  vTaskDelete                           
00001084  vTaskEndScheduler                     
00001f08  vTaskMissedYield                      
00002954  vTaskNotifyGiveFromISR                
00001ad0  vTaskPlaceOnEventList                 
00001b14  vTaskPlaceOnUnorderedEventList        
00000a20  vTaskPrioritySet                      
00000e20  vTaskResume                           
00001f94  vTaskSetThreadLocalStoragePointer     
00001d90  vTaskSetTimeOutState                  
00000fec  vTaskStartScheduler                   
0000166c  vTaskStepTick                         
00000c18  vTaskSuspend                          
000010a0  vTaskSuspendAll                       
000019f0  vTaskSwitchContext                    
0001a714  vTelemetry                            
0001a698  vWaitToStart                          
00012fdc  validate                              
00015f98  vimChannelMap                         
00016204  vimDisableInterrupt                   
0001603c  vimEnableInterrupt                    
000162b0  vimGetConfigValue                     
00015ec4  vimInit                               
0000db48  vimParityCheck                        
0001d2c8  vimParityErrorHandler                 
0002079f  wcslen                                
00020631  write                                 
00004268  xEventGroupClearBits                  
00003dd8  xEventGroupCreate                     
000042ec  xEventGroupGetBitsFromISR             
0000431c  xEventGroupSetBits                    
00003e14  xEventGroupSync                       
00004014  xEventGroupWaitBits                   
000051d4  xPortGetFreeHeapSize                  
000051e0  xPortGetMinimumEverFreeHeapSize       
00004e2c  xPortStartScheduler                   
00002d24  xQueueGenericCreate                   
000033fc  xQueueGenericReceive                  
00002bfc  xQueueGenericReset                    
00002e40  xQueueGenericSend                     
00003100  xQueueGenericSendFromISR              
00003290  xQueueGiveFromISR                     
00003cfc  xQueueIsQueueEmptyFromISR             
00003d88  xQueueIsQueueFullFromISR              
0000381c  xQueuePeekFromISR                     
000036d4  xQueueReceiveFromISR                  
000016c8  xTaskAbortDelay                       
00001dd0  xTaskCheckForTimeOut                  
000000fc  xTaskCreate                           
00000020  xTaskCreateRestricted                 
00002580  xTaskGenericNotify                    
00002754  xTaskGenericNotifyFromISR             
0000152c  xTaskGetHandle                        
00001634  xTaskGetIdleTaskHandle                
00002304  xTaskGetSchedulerState                
00001308  xTaskGetTickCount                     
00001324  xTaskGetTickCountFromISR              
000017c8  xTaskIncrementTick                    
0001ea00  xTaskNotifyStateClear                 
00002468  xTaskNotifyWait                       
00001b98  xTaskRemoveFromEventList              
00001c88  xTaskRemoveFromUnorderedEventList     
00001158  xTaskResumeAll                        
00000f04  xTaskResumeFromISR                    
08003b8c  xTelemetryHandle                      
08003b90  xWTStartHandle                        


GLOBAL SYMBOLS: SORTED BY Symbol Address 

address   name                                  
-------   ----                                  
00000000  __TI_static_base__                    
00000000  resetEntry                            
00000020  xTaskCreateRestricted                 
000000fc  xTaskCreate                           
00000538  vTaskDelete                           
000006a0  vTaskDelayUntil                       
00000800  __SYSMEM_SIZE                         
0000080c  vTaskDelay                            
00000890  eTaskGetState                         
00000994  uxTaskPriorityGet                     
000009d8  uxTaskPriorityGetFromISR              
00000a20  vTaskPrioritySet                      
00000c18  vTaskSuspend                          
00000e20  vTaskResume                           
00000f04  xTaskResumeFromISR                    
00000fec  vTaskStartScheduler                   
00001084  vTaskEndScheduler                     
000010a0  vTaskSuspendAll                       
00001158  xTaskResumeAll                        
00001308  xTaskGetTickCount                     
00001324  xTaskGetTickCountFromISR              
00001348  uxTaskGetNumberOfTasks                
00001354  pcTaskGetName                         
0000152c  xTaskGetHandle                        
00001634  xTaskGetIdleTaskHandle                
0000166c  vTaskStepTick                         
000016c8  xTaskAbortDelay                       
000017c8  xTaskIncrementTick                    
000019f0  vTaskSwitchContext                    
00001ad0  vTaskPlaceOnEventList                 
00001b14  vTaskPlaceOnUnorderedEventList        
00001b98  xTaskRemoveFromEventList              
00001c88  xTaskRemoveFromUnorderedEventList     
00001d90  vTaskSetTimeOutState                  
00001dd0  xTaskCheckForTimeOut                  
00001f08  vTaskMissedYield                      
00001f18  eTaskConfirmSleepModeStatus           
00001f94  vTaskSetThreadLocalStoragePointer     
00001ff8  pvTaskGetThreadLocalStoragePointer    
00002064  vTaskAllocateMPURegions               
0000223c  uxTaskGetStackHighWaterMark           
00002304  xTaskGetSchedulerState                
00002354  uxTaskResetEventItemValue             
00002390  ulTaskNotifyTake                      
00002468  xTaskNotifyWait                       
00002580  xTaskGenericNotify                    
00002754  xTaskGenericNotifyFromISR             
00002954  vTaskNotifyGiveFromISR                
00002bfc  xQueueGenericReset                    
00002d24  xQueueGenericCreate                   
00002e40  xQueueGenericSend                     
00003100  xQueueGenericSendFromISR              
00003290  xQueueGiveFromISR                     
000033fc  xQueueGenericReceive                  
000036d4  xQueueReceiveFromISR                  
0000381c  xQueuePeekFromISR                     
00003910  uxQueueMessagesWaiting                
00003948  uxQueueSpacesAvailable                
00003994  uxQueueMessagesWaitingFromISR         
000039c4  vQueueDelete                          
00003cfc  xQueueIsQueueEmptyFromISR             
00003d88  xQueueIsQueueFullFromISR              
00003dd8  xEventGroupCreate                     
00003e14  xEventGroupSync                       
00004014  xEventGroupWaitBits                   
00004268  xEventGroupClearBits                  
000042ec  xEventGroupGetBitsFromISR             
0000431c  xEventGroupSetBits                    
000044cc  vEventGroupDelete                     
00004550  vEventGroupSetBitsCallback            
0000456c  vEventGroupClearBitsCallback          
000045f8  vPortStartFirstTask                   
00004688  vPortYieldProcessor                   
00004774  vPortYeildWithinAPI                   
00004868  vPortPreemptiveTick                   
00004968  vPortInitialiseFPSCR                  
00004974  ulPortCountLeadingZeros               
0000497c  vPortSWI                              
00004a4c  prvMpuSetRegion                       
00004a64  prvMpuEnable                          
00004a7c  prvMpuDisable                         
00004aa4  pxPortInitialiseStack                 
00004bb8  vPortStoreTaskMPUSettings             
00004e2c  xPortStartScheduler                   
00004e50  vPortEndScheduler                     
00004e84  pvPortMalloc                          
000050dc  vPortFree                             
000051d4  xPortGetFreeHeapSize                  
000051e0  xPortGetMinimumEverFreeHeapSize       
000051ec  vPortInitialiseBlocks                 
00005208  _sys_memory                           
00005b80  __TI_Handler_Table_Base               
00005b8c  __TI_Handler_Table_Limit              
00005ba8  __TI_CINIT_Base                       
00005bc8  __TI_CINIT_Limit                      
0000a4c4  f_mount                               
0000a590  f_open                                
0000a9fc  f_read                                
0000adf4  f_write                               
0000b2a0  f_sync                                
0000b3f0  f_close                               
0000b440  f_lseek                               
0000b84c  f_opendir                             
0000b968  f_closedir                            
0000b9a0  f_readdir                             
0000ba58  f_stat                                
0000bae0  f_getfree                             
0000bd1c  f_truncate                            
0000bef0  f_unlink                              
0000c06c  f_mkdir                               
0000c354  f_rename                              
0000c580  f_gets                                
0000c790  f_putc                                
0000c7c8  f_puts                                
0000c81c  f_printf                              
0000cd68  selftestFailNotification              
0000cd78  ccmSelfCheck                          
0000cebc  memoryInit                            
0000cf00  stcSelfCheck                          
0000cf7c  cpuSelfTest                           
0000d014  pbistSelfCheck                        
0000d1f4  pbistRun                              
0000d2c0  pbistStop                             
0000d2f0  pbistIsTestCompleted                  
0000d31c  pbistIsTestPassed                     
0000d350  pbistPortTestStatus                   
0000d3a8  efcCheck                              
0000d430  efcStuckZeroTest                      
0000d4dc  efcSelfTest                           
0000d504  checkefcSelfTest                      
0000d5a4  fmcBus2Check                          
0000d5e0  fmcECCcheck                           
0000d680  checkB0RAMECC                         
0000d870  checkB1RAMECC                         
0000da60  checkFlashECC                         
0000db3c  custom_dabort                         
0000db40  stcSelfCheckFail                      
0000db44  cpuSelfTestFail                       
0000db48  vimParityCheck                        
0000dbf4  dmaParityCheck                        
0000dca0  het1ParityCheck                       
0000dd4c  htu1ParityCheck                       
0000de08  het2ParityCheck                       
0000df04  htu2ParityCheck                       
0000dfb4  adc1ParityCheck                       
0000e0a0  adc2ParityCheck                       
0000e158  can1ParityCheck                       
0000e230  can2ParityCheck                       
0000e2f8  can3ParityCheck                       
0000e3cc  mibspi1ParityCheck                    
0000e4d4  mibspi3ParityCheck                    
0000e5f8  mibspi5ParityCheck                    
0000e718  checkRAMECC                           
0000e960  checkClockMonitor                     
0000ea3c  checkFlashEEPROMECC                   
0000ebd4  checkPLL1Slip                         
0000ecd4  checkPLL2Slip                         
0000ed98  checkRAMAddrParity                    
0000eea4  checkRAMUERRTest                      
0000f00c  fmcBus1ParityCheck                    
0000f134  pbistFail                             
0000f1b8  pbistGetConfigValue                   
0000f304  stcGetConfigValue                     
0000f3a8  efcGetConfigValue                     
0000f444  ccmr4GetConfigValue                   
0000f4b4  errata_PBIST_4                        
0000f818  enableParity                          
0000f8a0  disableParity                         
0000fa44  hacernada                             
0000fa78  BMP280_Init                           
0000fb20  BMP280_Presion                        
0000fb34  BMP280_Altitud                        
0000fb40  BMP280_Temperatura                    
0000fb4c  CAlibracion_BMP280                    
0001031c  BMP280_CalcularAltitud                
00010368  LEERTempYpresRAW_bmp280               
00010608  CalcTempYpres_bmp280                  
00010adc  BMP280_CalcularTemperaturaPresion     
00010f5c  CalcAltitudfloat                      
00010fe8  spiInit                               
00011248  spiSetFunctional                      
00011268  spiReceiveData                        
00011384  spiGetData                            
0001147c  spiTransmitData                       
000115a8  spiSendData                           
000116a0  spiTransmitAndReceiveData             
000117dc  spiSendAndGetData                     
0001191c  SpiTxStatus                           
000119a8  SpiRxStatus                           
00011a34  spiEnableLoopback                     
00011a68  spiDisableLoopback                    
00011a84  spiEnableNotification                 
00011ab4  spiDisableNotification                
00011ae0  spi1GetConfigValue                    
00011c70  spi4GetConfigValue                    
00011ed8  mmcSelectSpi                          
00011f60  SPI_send                              
0001248c  disk_initialize                       
00012718  disk_status                           
00012744  disk_read                             
00012864  disk_write                            
000129dc  disk_ioctl                            
00012cd4  disk_timerproc                        
00012d40  get_fattime                           
00012d70  getCommand                            
00012e40  getSPTelemetry                        
00012fdc  validate                              
00013420  numberOfTokens                        
000134a4  commVerification                      
000135e0  Recorrido                             
0001365c  timeVerification                      
00013774  RecorridoAuxNewData                   
000137f8  commCX                                
0001384c  commST                                
000138e4  commSIM                               
00013994  commSP1X                              
000139e8  commSP2X                              
00013a3c  commSIMP                              
00013a60  commSPR                               
00013b7c  StringFromFResult                     
00013be4  SysTickHandler                        
00013bf0  Cmd_ls                                
00013e2c  Cmd_cd                                
00013fb8  Cmd_pwd                               
00013ff0  Cmd_cat                               
000141a4  Cmd_append                            
000142c0  Cmd_help                              
00014324  open_append                           
00014390  SD_Test                               
000144ec  sdReadFile                            
0001466c  sdRemoveFile                          
0001470c  sdCreateFile                          
00014874  setupPLL                              
000148d4  trimLPO                               
00014948  setupFlash                            
00014988  periphInit                            
000149dc  mapClocks                             
00014b04  systemInit                            
00014bd0  systemPowerDown                       
00014c00  systemGetConfigValue                  
00015014  tcmflashGetConfigValue                
000151c0  sramGetConfigValue                    
000152fc  customTrimLPO                         
000153d8  adcInit                               
00015534  adcStartConversion                    
000155b8  adcStopConversion                     
000155e0  adcResetFiFo                          
00015608  adcGetData                            
000157d0  adcIsFifoFull                         
00015800  adcIsConversionComplete               
00015830  adcCalibration                        
00015a08  adcMidPointCalibration                
00015ba4  adcEnableNotification                 
00015bf4  adcDisableNotification                
00015c1c  adcSetEVTPin                          
00015c3c  adcGetEVTPin                          
00015c54  adc1GetConfigValue                    
00015ec4  vimInit                               
00015f98  vimChannelMap                         
0001603c  vimEnableInterrupt                    
00016204  vimDisableInterrupt                   
000162b0  vimGetConfigValue                     
0001691d  __TI_printfi                          
00017367  _nop                                  
00017368  MPU_xTaskCreate                       
000173cc  MPU_xTaskCreateRestricted             
00017410  MPU_vTaskAllocateMPURegions           
00017444  MPU_vTaskDelete                       
00017470  MPU_vTaskDelay                        
0001749c  MPU_vTaskDelayUntil                   
000174d0  MPU_xTaskAbortDelay                   
00017504  MPU_uxTaskPriorityGet                 
00017538  MPU_eTaskGetState                     
0001756c  MPU_vTaskPrioritySet                  
000175a0  MPU_vTaskSuspend                      
000175cc  MPU_vTaskResume                       
000175f8  MPU_vTaskSuspendAll                   
0001761c  MPU_xTaskResumeAll                    
00017648  MPU_xTaskGetTickCount                 
00017674  MPU_uxTaskGetNumberOfTasks            
000176a0  MPU_pcTaskGetName                     
000176d4  MPU_xTaskGetHandle                    
00017708  MPU_uxTaskGetStackHighWaterMark       
0001773c  MPU_vTaskSetThreadLocalStoragePointer 
00017780  MPU_pvTaskGetThreadLocalStoragePointer
000177c4  MPU_xTaskGetIdleTaskHandle            
000177f0  MPU_xTaskGenericNotify                
00017844  MPU_xTaskNotifyWait                   
00017898  MPU_ulTaskNotifyTake                  
000178dc  MPU_xTaskNotifyStateClear             
00017910  MPU_vTaskSetTimeOutState              
0001793c  MPU_xTaskCheckForTimeOut              
00017980  MPU_xTaskGetSchedulerState            
000179ac  MPU_xQueueGenericSend                 
00017a00  MPU_xQueueGenericReceive              
00017a54  MPU_uxQueueMessagesWaiting            
00017a88  MPU_uxQueueSpacesAvailable            
00017abc  MPU_vQueueDelete                      
00017ae8  MPU_xQueueGenericCreate               
00017b34  MPU_xQueueGenericReset                
00017b78  MPU_xEventGroupCreate                 
00017ba4  MPU_xEventGroupWaitBits               
00017c00  MPU_xEventGroupClearBits              
00017c44  MPU_xEventGroupSetBits                
00017c88  MPU_xEventGroupSync                   
00017cdc  MPU_vEventGroupDelete                 
00017d08  hetInit                               
00017dc8  pwmStart                              
00017dfc  pwmStop                               
00017e30  pwmSetDuty                            
00017f6c  pwmSetSignal                          
000180e8  pwmGetSignal                          
000181c8  pwmEnableNotification                 
00018210  pwmDisableNotification                
00018240  edgeResetCounter                      
0001826c  edgeGetCounter                        
00018298  edgeEnableNotification                
000182d4  edgeDisableNotification               
00018314  capGetSignal                          
000183ec  hetResetTimestamp                     
00018408  hetGetTimestamp                       
00018420  het1GetConfigValue                    
000185f8  muxInit                               
00018a98  pinmuxGetConfigValue                  
00018eb8  sciInit                               
00018fa4  sciSetFunctional                      
00018fc4  sciSetBaudrate                        
00019060  sciIsTxReady                          
0001907c  sciSendByte                           
000190ac  sciSend                               
000191e0  sciIsRxReady                          
000191fc  sciIsIdleDetected                     
00019218  sciRxError                            
00019248  sciReceiveByte                        
00019274  sciReceive                            
0001934c  sciEnableLoopback                     
00019380  sciDisableLoopback                    
000193a4  sciEnableNotification                 
0001940c  sciDisableNotification                
00019474  sciEnterResetState                    
00019494  sciExitResetState                     
000194b4  scilinGetConfigValue                  
00019670  UARTwrite                             
000196ec  UARTgets                              
00019820  UARTgetc                              
0001983c  UARTvprintf                           
00019d48  UARTprintf                            
00019d98  createTelemetryPacket                 
0001a074  getTime                               
0001a12c  getAltitude                           
0001a188  sciSendData                           
0001a264  sltoa                                 
0001a328  ftoa                                  
0001a490  main                                  
0001a698  vWaitToStart                          
0001a714  vTelemetry                            
0001a7d0  vSensors                              
0001a900  vMissionOperations                    
0001aa88  sciNotification                       
0001ab75  pow                                   
0001ab75  powl                                  
0001b200  _errata_SSWF021_45_both_plls          
0001b3f4  _errata_SSWF021_45_pll1               
0001b56c  _errata_SSWF021_45_pll2               
0001b864  esmInit                               
0001b96c  esmError                              
0001b988  esmEnableError                        
0001b9b0  esmDisableError                       
0001b9d8  esmTriggerErrorPinReset               
0001b9e8  esmActivateNormalOperation            
0001b9f8  esmEnableInterrupt                    
0001ba20  esmDisableInterrupt                   
0001ba48  esmSetInterruptLevel                  
0001babc  esmClearStatus                        
0001bafc  esmClearStatusBuffer                  
0001bb18  esmSetCounterPreloadValue             
0001bb38  esmGetStatus                          
0001bbbc  esmGetStatusBuffer                    
0001bbf4  esmEnterSelfTest                      
0001bc7c  esmSelfTestStatus                     
0001bccc  esmGetConfigValue                     
0001be20  mibspi1LowLevelInterrupt              
0001c088  mibspi1HighLevelInterrupt             
0001c338  gioInit                               
0001c408  gioSetDirection                       
0001c428  gioSetBit                             
0001c478  gioSetPort                            
0001c498  gioGetBit                             
0001c4c0  gioGetPort                            
0001c4d8  gioToggleBit                          
0001c530  gioEnableNotification                 
0001c598  gioDisableNotification                
0001c600  gioGetConfigValue                     
0001c7bd  strtod                                
0001c7bd  strtold                               
0001cba4  linLowLevelInterrupt                  
0001cd74  linHighLevelInterrupt                 
0001cf7c  _coreInitRegisters_                   
0001d088  _coreInitStackPointer_                
0001d0d4  _getCPSRValue_                        
0001d0dc  _gotoCPUIdle_                         
0001d0f4  _coreEnableVfp_                       
0001d10c  _coreEnableEventBusExport_            
0001d11c  _coreDisableEventBusExport_           
0001d12c  _coreEnableRamEcc_                    
0001d13c  _coreDisableRamEcc_                   
0001d14c  _coreEnableFlashEcc_                  
0001d160  _coreDisableFlashEcc_                 
0001d170  _coreEnableIrqVicOffset_              
0001d180  _coreGetDataFault_                    
0001d188  _coreClearDataFault_                  
0001d194  _coreGetInstructionFault_             
0001d19c  _coreClearInstructionFault_           
0001d1a8  _coreGetDataFaultAddress_             
0001d1b0  _coreClearDataFaultAddress_           
0001d1bc  _coreGetInstructionFaultAddress_      
0001d1c4  _coreClearInstructionFaultAddress_    
0001d1d0  _coreGetAuxiliaryDataFault_           
0001d1d8  _coreClearAuxiliaryDataFault_         
0001d1e4  _coreGetAuxiliaryInstructionFault_    
0001d1ec  _coreClearAuxiliaryInstructionFault_  
0001d1f8  _disable_interrupt_                   
0001d200  _disable_FIQ_interrupt_               
0001d208  _disable_IRQ_interrupt_               
0001d210  _enable_interrupt_                    
0001d218  _esmCcmErrorsClear_                   
0001d2a0  _errata_CORTEXR4_57_                  
0001d2b0  _errata_CORTEXR4_66_                  
0001d2c0  __TI_PINIT_Base                       
0001d2c4  __TI_PINIT_Limit                      
0001d2c8  vimParityErrorHandler                 
0001d594  __aeabi_uldivmod                      
0001d84c  _c_int00                              
0001dd55  log                                   
0001dd55  logl                                  
0001e1f0  vListInitialise                       
0001e248  vListInitialiseItem                   
0001e264  vListInsertEnd                        
0001e2d8  vListInsert                           
0001e39c  uxListRemove                          
0001e77c  pwmSetSignal10e3                      
0001ea00  xTaskNotifyStateClear                 
0001ea7c  CmdLineProcess                        
0001ebad  fputs                                 
0001ecc5  aligned_alloc                         
0001ecc5  memalign                              
0001edd8  esmHighInterrupt                      
0001eeec  esmGroup1Notification                 
0001eefc  esmGroup2Notification                 
0001ef0c  memoryPort0TestFailNotification       
0001ef28  memoryPort1TestFailNotification       
0001ef44  adcNotification                       
0001ef58  gioNotification                       
0001ef80  spiNotification                       
0001ef94  spiEndNotification                    
0001efa4  pwmNotification                       
0001efbc  edgeNotification                      
0001efd0  hetNotification                       
0001efe4  dmaGroupANotification                 
0001f1f9  ldexp                                 
0001f1f9  ldexpl                                
0001f1f9  scalbn                                
0001f1f9  scalbnl                               
0001f2e8  _dabort                               
0001f3d1  free                                  
0001f4b5  floor                                 
0001f4b5  floorl                                
0001f594  _pmuInit_                             
0001f5e0  _pmuEnableCountersGlobal_             
0001f5f0  _pmuDisableCountersGlobal_            
0001f600  _pmuResetCycleCounter_                
0001f610  _pmuResetEventCounters_               
0001f620  _pmuResetCounters_                    
0001f630  _pmuStartCounters_                    
0001f638  _pmuStopCounters_                     
0001f640  _pmuSetCountEvent_                    
0001f64c  _pmuGetCycleCount_                    
0001f654  _pmuGetEventCount_                    
0001f660  _pmuGetOverflow_                      
0001f675  setvbuf                               
0001f7ff  __aeabi_idiv0                         
0001f7ff  __aeabi_ldiv0                         
0001f800  sdWriteMemory                         
0001f8a1  __aeabi_memcpy                        
0001f8a1  __aeabi_memcpy4                       
0001f8a1  __aeabi_memcpy8                       
0001f8a1  memcpy                                
0001f93c  __aeabi_ldivmod                       
0001f9d5  fflush                                
0001facf  __aeabi_memclr                        
0001facf  __aeabi_memclr4                       
0001facf  __aeabi_memclr8                       
0001fad1  __aeabi_memset                        
0001fad1  __aeabi_memset4                       
0001fad1  __aeabi_memset8                       
0001fad7  memset                                
0001fb49  __TI_closefile                        
0001fbbd  frexp                                 
0001fbbd  frexpl                                
0001fca1  HOSTrename                            
0001fd0d  __TI_decompress_lzss                  
0001fd79  HOSTlseek                             
0001fde1  __TI_wrt_ok                           
0001fe45  fseek                                 
0001fea9  HOSTopen                              
0001ff05  HOSTread                              
0001ff61  HOSTwrite                             
0001ffb9  close                                 
00020065  ltoa                                  
00020109  atoi                                  
00020158  __aeabi_uidiv                         
00020158  __aeabi_uidivmod                      
000201a9  __TI_doflush                          
000201f5  HOSTclose                             
00020239  HOSTunlink                            
0002027d  __TI_auto_init_nobinit_nopinit        
000202c1  exit                                  
00020305  getdevice                             
00020349  __aeabi_l2f                           
000203cd  sprintf                               
0002040d  strtok                                
0002044d  __TI_writemsg                         
0002047f  C$$IO$$                               
00020489  strncpy                               
000204c1  __TI_cleanup                          
000204f5  __TI_readmsg                          
00020529  finddevice                            
0002055d  sqrt                                  
0002055d  sqrtl                                 
00020589  remove                                
00020589  unlink                                
000205b5  strspn                                
00020609  lseek                                 
00020631  write                                 
00020659  strcspn                               
0002067b  memchr                                
0002069b  copysign                              
0002069b  copysignl                             
000206b9  strcat                                
000206d9  _abort_msg                            
00020711  memccpy                               
00020747  strcmp                                
0002075f  strchr                                
00020775  strlen                                
0002078b  strcpy                                
0002079f  wcslen                                
000207b1  __TI_decompress_none                  
000207bf  __TI_zero_init                        
000207d5  __aeabi_errno_addr                    
000207dd  malloc                                
000207e5  atof                                  
000207eb  C$$EXIT                               
000207eb  abort                                 
000207f0  phantomInterrupt                      
000207f4  handlePLLLockFail                     
00020fd8  _ctypes_                              
080008d0  pxCurrentTCB                          
08003458  filew                                 
08003680  __CIOBUF_                             
080037a0  __TI_tmpnams                          
080038b8  command                               
0800391c  tramaAPI                              
08003b34  CMD_KEY                               
08003b50  SERVO_PAYLOAD                         
08003b60  newDataCopy                           
08003b74  parmbuf                               
08003b7c  SPI1_data_configCh2                   
08003b80  auxNewData                            
08003b84  newData                               
08003b88  res                                   
08003b8c  xTelemetryHandle                      
08003b90  xWTStartHandle                        
08003b97  iFResult                              
08003b9c  _ftable                               
08003c8c  g_psFResultStrings                    
08003d2c  _device                               
08003da4  g_psCmdTable                          
08003e1c  _stream                               
08003ebc  buff_size                             
08003ec0  buff_sizeAPI                          
08003ec4  FSW_STATE_TEMP                        
08003ec8  MISSION_TIME                          
08003ecc  PACKET_COUNT                          
08003ed0  MODE                                  
08003ed1  SP1_RELEASED                          
08003ed2  SP2_RELEASED                          
08003ed3  STATE                                 
08003ed4  SP1_PC                                
08003ed8  SP2_PC                                
08003edc  ALTITUDE_BAR                          
08003ee0  PRESS_BAR                             
08003ee4  TEMPERATURE                           
08003ee8  VOLT_BATT                             
08003eec  telemetry_ON                          
08003eed  SP_ON                                 
08003ef0  ENABLE_SIM                            
08003ef4  H                                     
08003ef8  M                                     
08003efc  S                                     
08003f00  SP1X_ON                               
08003f01  SP2X_ON                               
08003f02  R1                                    
08003f03  R2                                    
08003f08  FSW_STATE                             
08003f20  commandsTam                           
08003f24  sim_ok                                
08003f28  cmd_cont                              
08003f2c  VALIDA_ENTRADA                        
08003f40  __TI_ft_end                           
08003f44  __aeabi_stdin                         
08003f48  __aeabi_stdout                        
08003f4c  __aeabi_stderr                        
08003f50  __TI_cleanup_ptr                      
08003f54  __TI_dtors_ptr                        
08003f58  __TI_enable_exit_profile_output       
08003f5c  _spiPORT                              
08003f60  _spiREG                               
08003f68  _lock                                 
08003f6c  _unlock                               
08003f80  Alt_bmp280                            
08003f88  ComandoSPI                            
08003f90  DatoSPI01                             
08003f98  DatoSPI02                             
08003fa0  DatoSPI03                             
08003fa8  DatoSPI04                             
08003fb8  Pres_bmp280                           
08003fc8  Temp_bmp280                           
08003fd0  cALTITUDE_BAR                         
08003fd8  cPRESS_BAR                            
08003fe0  cTEMPERATURE                          
08003fe8  ulCriticalNesting                     
08003fec  ulTaskHasFPUContext                   
08003ff0  cPACKET_COUNT                         
08003ff6  cSP1_PC                               
08003ffc  cSP2_PC                               
08004002  SP1_ALTITUDE                          
08004006  SP1_MISSION_TIME                      
0800400a  SP1_PACKET_COUNT                      
0800400e  SP1_PACKET_TYPE                       
08004012  SP1_ROTATION_RATE                     
08004016  SP1_TEMPERATURE                       
0800401a  SP2_ALTITUDE                          
0800401e  SP2_MISSION_TIME                      
08004022  SP2_PACKET_COUNT                      
08004026  SP2_PACKET_TYPE                       
0800402a  SP2_ROTATION_RATE                     
0800402e  SP2_TEMPERATURE                       
08004034  errno                                 
0800403c  cH                                    
0800403f  cM                                    
08004042  cS                                    
ffffffff  __TI_pprof_out_hndl                   
ffffffff  __TI_prof_data_size                   
ffffffff  __TI_prof_data_start                  
ffffffff  __binit__                             
ffffffff  __c_args__                            
ffffffff  binit                                 
UNDEFED   SHT$$INIT_ARRAY$$Base                 
UNDEFED   SHT$$INIT_ARRAY$$Limit                
UNDEFED   _system_post_cinit                    

[660 symbols]
