******************************************************************************
                  TI ARM Linker PC v18.12.4                    
******************************************************************************
>> Linked Sat Apr 24 17:54:43 2021

OUTPUT FILE NAME:   <CC_2021_12x.out>
ENTRY POINT SYMBOL: "_c_int00"  address: 0001330c


MEMORY CONFIGURATION

         name            origin    length      used     unused   attr    fill
----------------------  --------  ---------  --------  --------  ----  --------
  VECTORS               00000000   00000020  00000020  00000000     X
  KERNEL                00000020   00008000  00005a94  0000256c  R  X
  FLASH0                00008020   00137fe0  0000dcb8  0012a328  R  X
  STACKS                08000000   00000800  00000000  00000800  RW  
  KRAM                  08000800   00000800  00000104  000006fc  RW  
  RAM                   08001000   0002f000  00002218  0002cde8  RW  


SEGMENT ALLOCATION MAP

run origin  load origin   length   init length attrs members
----------  ----------- ---------- ----------- ----- -------
00000000    00000000    00005204   00005204    r-x
  00000000    00000000    00000020   00000020    r-x .intvecs
  00000020    00000020    000051e4   000051e4    r-x .kernelTEXT
00005208    00005208    00000800   00000000    rw-
  00005208    00005208    00000800   00000000    rw- .sysmem
00005a08    00005a08    000000b0   000000b0    r--
  00005a08    00005a08    000000b0   000000b0    r-- .cinit
00008020    00008020    0000dcb8   0000dcb8    r-x
  00008020    00008020    0000d408   0000d408    r-x .text
  00015428    00015428    000008b0   000008b0    r-- .const
08000800    08000800    00000104   00000000    rw-
  08000800    08000800    00000104   00000000    rw- .kernelBSS
08001000    08001000    00002218   00000000    rw-
  08001000    08001000    00002000   00000000    rw- .kernelHEAP
  08003000    08003000    00000134   00000000    rw- .bss
  08003134    08003134    000000e4   00000000    rw- .data


SECTION ALLOCATION MAP

 output                                  attributes/
section   page    origin      length       input sections
--------  ----  ----------  ----------   ----------------
.intvecs   0    00000000    00000020     
                  00000000    00000020     sys_intvecs.obj (.intvecs)

.kernelTEXT 
*          0    00000020    000051e4     
                  00000020    00002bdc     os_tasks.obj (.kernelTEXT)
                  00002bfc    000011dc     os_queue.obj (.kernelTEXT)
                  00003dd8    0000081c     os_event_groups.obj (.kernelTEXT)
                  000045f4    000004b0     os_portasm.obj (.kernelTEXT)
                  00004aa4    000003e0     os_port.obj (.kernelTEXT)
                  00004e84    00000380     os_heap.obj (.kernelTEXT)

.cinit     0    00005a08    000000b0     
                  00005a08    00000062     (.cinit..data.load) [load image, compression = lzss]
                  00005a6a    00000002     --HOLE-- [fill = 0]
                  00005a6c    0000000c     (__TI_handler_table)
                  00005a78    00000009     (.cinit..kernelBSS.load) [load image, compression = lzss]
                  00005a81    00000007     --HOLE-- [fill = 0]
                  00005a88    00000008     (.cinit..bss.load) [load image, compression = zero_init]
                  00005a90    00000008     (.cinit..kernelHEAP.load) [load image, compression = zero_init]
                  00005a98    00000020     (__TI_cinit_table)

.text      0    00008020    0000d408     
                  00008020    00002cdc     sys_selftest.obj (.text)
                  0000acfc    00000b64     system.obj (.text)
                  0000b860    00000aec     adc.obj (.text)
                  0000c34c    00000a58     sys_vim.obj (.text)
                  0000cda4    00000a4a     rtsv7R4_T_be_v3D16_eabi.lib : _printfi.c.obj (.text:__TI_printfi)
                  0000d7ee    00000002                                 : div0.asm.obj (.text)
                  0000d7f0    000009a0     os_mpu_wrappers.obj (.text)
                  0000e190    000008f0     het.obj (.text)
                  0000ea80    000008c0     pinmux.obj (.text)
                  0000f340    000007b8     sci.obj (.text)
                  0000faf8    0000068c     rtsv7R4_T_be_v3D16_eabi.lib : e_pow.c.obj (.text:pow)
                  00010184    00000664     errata_SSWF021_45.obj (.text)
                  000107e8    00000648     Commands.obj (.text)
                  00010e30    000005bc     esm.obj (.text)
                  000113ec    0000057c     Utilities.obj (.text)
                  00011968    00000490     sys_main.obj (.text)
                  00011df8    00000484     gio.obj (.text)
                  0001227c    000003e8     rtsv7R4_T_be_v3D16_eabi.lib : strtod.c.obj (.text:strtod)
                  00012664    000003d8     sci.obj (.text:retain)
                  00012a3c    0000034c     sys_core.obj (.text)
                  00012d88    000002cc     sys_vim.obj (.text:retain)
                  00013054    000002b8     rtsv7R4_T_be_v3D16_eabi.lib : ull_div32.asm.obj (.text)
                  0001330c    00000290     sys_startup.obj (.text:retain)
                  0001359c    00000278     os_heap.obj (.text)
                  00013814    00000254     rtsv7R4_T_be_v3D16_eabi.lib : e_log.c.obj (.text:log)
                  00013a68    00000248                                 : _printfi.c.obj (.text:_pconv_a)
                  00013cb0    00000238     os_list.obj (.text)
                  00013ee8    000001b4     os_port.obj (.text)
                  0001409c    000001a0     rtsv7R4_T_be_v3D16_eabi.lib : _printfi.c.obj (.text:_pconv_g)
                  0001423c    0000019c     PWM.obj (.text)
                  000143d8    00000164     os_tasks.obj (.text)
                  0001453c    00000114     esm.obj (.text:retain)
                  00014650    0000010c     notification.obj (.text)
                  0001475c    00000104     rtsv7R4_T_be_v3D16_eabi.lib : _printfi.c.obj (.text:_pconv_e)
                  00014860    000000fc                                 : _printfi.c.obj (.text:fcvt)
                  0001495c    000000f0                                 : s_scalbn.c.obj (.text:scalbn)
                  00014a4c    000000e8     dabort.obj (.text)
                  00014b34    000000e0     rtsv7R4_T_be_v3D16_eabi.lib : s_floor.c.obj (.text:floor)
                  00014c14    000000e0     sys_pmu.obj (.text)
                  00014cf4    000000ad     rtsv7R4_T_be_v3D16_eabi.lib : _printfi.c.obj (.text:_ltostr)
                  00014da1    00000001     --HOLE-- [fill = 0]
                  00014da2    0000009c                                 : memcpy_t2.asm.obj (.text)
                  00014e3e    0000007a                                 : _printfi.c.obj (.text:_mcpy)
                  00014eb8    0000007a                                 : memset_t2.asm.obj (.text)
                  00014f32    00000002     --HOLE-- [fill = 0]
                  00014f34    00000074                                 : s_frexp.c.obj (.text:frexp)
                  00014fa8    0000006c                                 : copy_decompress_lzss.c.obj (.text:decompress:lzss:__TI_decompress_lzss)
                  00015014    00000054                                 : _printfi.c.obj (.text:_ecpy)
                  00015068    00000054                                 : ltoa.c.obj (.text:ltoa)
                  000150bc    00000050                                 : _printfi.c.obj (.text:_pconv_f)
                  0001510c    00000050                                 : atoi.c.obj (.text:atoi)
                  0001515c    00000050                                 : u_div32.asm.obj (.text)
                  000151ac    00000044                                 : autoinit.c.obj (.text:__TI_auto_init_nobinit_nopinit:__TI_auto_init_nobinit_nopinit)
                  000151f0    00000040                                 : _printfi.c.obj (.text:_fcpy)
                  00015230    00000040                                 : sprintf.c.obj (.text:sprintf)
                  00015270    00000040                                 : strtok.c.obj (.text:strtok)
                  000152b0    0000002c                                 : e_sqrt.c.obj (.text:sqrt)
                  000152dc    0000002a                                 : strspn.c.obj (.text:strspn)
                  00015306    00000022                                 : strcspn.c.obj (.text:strcspn)
                  00015328    0000001e                                 : s_copysign.c.obj (.text:copysign)
                  00015346    0000001c                                 : memccpy.c.obj (.text:memccpy)
                  00015362    0000001a                                 : sprintf.c.obj (.text:_outs)
                  0001537c    00000018                                 : strcmp.c.obj (.text:strcmp)
                  00015394    00000016                                 : strchr.c.obj (.text:strchr)
                  000153aa    00000016                                 : strlen.c.obj (.text:strlen)
                  000153c0    00000014                                 : strcpy.c.obj (.text:strcpy)
                  000153d4    00000012                                 : wcslen.c.obj (.text:wcslen)
                  000153e6    0000000e                                 : copy_decompress_none.c.obj (.text:decompress:none:__TI_decompress_none)
                  000153f4    0000000c                                 : copy_zero_init.c.obj (.text:decompress:ZI:__TI_zero_init)
                  00015400    0000000a                                 : sprintf.c.obj (.text:_outc)
                  0001540a    00000002     --HOLE-- [fill = 0]
                  0001540c    00000008                                 : errno.c.obj (.text:__aeabi_errno_addr)
                  00015414    00000006                                 : atof.c.obj (.text:atof)
                  0001541a    00000004                                 : exit.c.obj (.text:abort:abort)
                  0001541e    00000002     --HOLE-- [fill = 0]
                  00015420    00000004     sys_phantom.obj (.text:retain)
                  00015424    00000004     sys_startup.obj (.text)

.const     0    00015428    000008b0     
                  00015428    000003a0     het.obj (.const:het1PROGRAM)
                  000157c8    00000200     sys_vim.obj (.const:s_vim_init)
                  000159c8    00000101     rtsv7R4_T_be_v3D16_eabi.lib : ctype.c.obj (.const:.string:_ctypes_)
                  00015ac9    00000007     --HOLE-- [fill = 0]
                  00015ad0    000000c8                                 : strtod.c.obj (.const:$O1$$)
                  00015b98    0000005c     Utilities.obj (.const:.string)
                  00015bf4    00000004     --HOLE-- [fill = 0]
                  00015bf8    00000030     rtsv7R4_T_be_v3D16_eabi.lib : e_pow.c.obj (.const:$O1$$)
                  00015c28    00000024     Commands.obj (.const:.string)
                  00015c4c    00000020     PWM.obj (.const:s_het1pwmPolarity)
                  00015c6c    00000020     het.obj (.const:s_het1pwmPolarity)
                  00015c8c    00000018     adc.obj (.const:s_adcFiFoSize)
                  00015ca4    00000018     adc.obj (.const:s_adcSelect)
                  00015cbc    00000010     sys_main.obj (.const:$P$T1$2)
                  00015ccc    0000000c     sys_main.obj (.const:$P$T0$1)

.kernelBSS 
*          0    08000800    00000104     UNINITIALIZED
                  08000800    000000d0     os_tasks.obj (.kernelBSS:uninit)
                  080008d0    00000034     os_tasks.obj (.kernelBSS:init)

.kernelHEAP 
*          0    08001000    00002000     UNINITIALIZED
                  08001000    00002000     os_heap.obj (.kernelHEAP)

.bss       0    08003000    00000134     UNINITIALIZED
                  08003000    00000064     (.common:command)
                  08003064    00000064     (.common:tramaAPI)
                  080030c8    00000028     sci.obj (.bss:g_sciTransfer_t)
                  080030f0    00000014     sys_main.obj (.bss:receivedData)
                  08003104    00000010     (.common:CMD_KEY)
                  08003114    00000004     (.common:xTelemetryHandle)
                  08003118    00000010     (.common:SERVO_PAYLOAD)
                  08003128    00000008     os_heap.obj (.bss:xStart)
                  08003130    00000004     (.common:xWTStartHandle)

.data      0    08003134    000000e4     UNINITIALIZED
                  08003134    00000034     Utilities.obj (.data)
                  08003168    00000018     Utilities.obj (.data:FSW_STATE)
                  08003180    00000018     Commands.obj (.data:commands)
                  08003198    00000010     os_heap.obj (.data)
                  080031a8    0000000c     Commands.obj (.data)
                  080031b4    00000008     Utilities.obj (.data:cALTITUDE_BAR)
                  080031bc    00000008     Utilities.obj (.data:cTEMPERATURE)
                  080031c4    00000008     os_port.obj (.data)
                  080031cc    00000006     Utilities.obj (.data:cPACKET_COUNT)
                  080031d2    00000006     Utilities.obj (.data:cSP1_PC)
                  080031d8    00000006     Utilities.obj (.data:cSP2_PC)
                  080031de    00000004     Utilities.obj (.data:SP1_ALTITUDE)
                  080031e2    00000004     Utilities.obj (.data:SP1_MISSION_TIME)
                  080031e6    00000004     Utilities.obj (.data:SP1_PACKET_COUNT)
                  080031ea    00000004     Utilities.obj (.data:SP1_PACKET_TYPE)
                  080031ee    00000004     Utilities.obj (.data:SP1_ROTATION_RATE)
                  080031f2    00000004     Utilities.obj (.data:SP1_TEMPERATURE)
                  080031f6    00000004     Utilities.obj (.data:SP2_ALTITUDE)
                  080031fa    00000004     Utilities.obj (.data:SP2_MISSION_TIME)
                  080031fe    00000004     Utilities.obj (.data:SP2_PACKET_COUNT)
                  08003202    00000004     Utilities.obj (.data:SP2_PACKET_TYPE)
                  08003206    00000004     Utilities.obj (.data:SP2_ROTATION_RATE)
                  0800320a    00000004     Utilities.obj (.data:SP2_TEMPERATURE)
                  0800320e    00000002     --HOLE--
                  08003210    00000004     rtsv7R4_T_be_v3D16_eabi.lib : errno.c.obj (.data)
                  08003214    00000004                                 : strtok.c.obj (.data)

.sysmem    0    00005208    00000800     UNINITIALIZED
                  00005208    00000010     rtsv7R4_T_be_v3D16_eabi.lib : memory.c.obj (.sysmem)
                  00005218    000007f0     --HOLE--

MODULE SUMMARY

       Module                       code    ro data   rw data
       ------                       ----    -------   -------
    .\source\
       os_tasks.obj                 11584   0         260    
       sys_selftest.obj             11484   0         0      
       os_heap.obj                  1528    0         8216   
       os_queue.obj                 4572    0         0      
       sys_vim.obj                  3364    512       0      
       het.obj                      2288    960       0      
       sci.obj                      2960    0         40     
       system.obj                   2916    0         0      
       adc.obj                      2796    48        0      
       os_mpu_wrappers.obj          2464    0         0      
       pinmux.obj                   2240    0         0      
       os_event_groups.obj          2076    0         0      
       esm.obj                      1744    0         0      
       errata_SSWF021_45.obj        1636    0         0      
       os_port.obj                  1428    0         8      
       sys_main.obj                 1168    28        20     
       os_portasm.obj               1200    0         0      
       gio.obj                      1156    0         0      
       sys_core.obj                 844     0         0      
       sys_startup.obj              660     0         0      
       os_list.obj                  568     0         0      
       notification.obj             268     0         0      
       dabort.obj                   232     0         0      
       sys_pmu.obj                  224     0         0      
       sys_intvecs.obj              32      0         0      
       sys_phantom.obj              4       0         0      
    +--+----------------------------+-------+---------+---------+
       Total:                       61436   1548      8544   
                                                             
    .\source\KaanSat_Lib\
       Utilities.obj                1404    92        374    
       Commands.obj                 1608    36        60     
       PWM.obj                      412     32        0      
    +--+----------------------------+-------+---------+---------+
       Total:                       3424    160       434    
                                                             
    C:/ti/ccs930/ccs/tools/compiler/ti-cgt-arm_18.12.4.LTS/lib/rtsv7R4_T_be_v3D16_eabi.lib
       _printfi.c.obj               4669    0         0      
       e_pow.c.obj                  1676    48        0      
       strtod.c.obj                 1000    200       0      
       ull_div32.asm.obj            696     0         0      
       e_log.c.obj                  596     0         0      
       ctype.c.obj                  0       257       0      
       s_scalbn.c.obj               240     0         0      
       s_floor.c.obj                224     0         0      
       memcpy_t2.asm.obj            156     0         0      
       memset_t2.asm.obj            122     0         0      
       s_frexp.c.obj                116     0         0      
       copy_decompress_lzss.c.obj   108     0         0      
       sprintf.c.obj                100     0         0      
       ltoa.c.obj                   84      0         0      
       atoi.c.obj                   80      0         0      
       u_div32.asm.obj              80      0         0      
       autoinit.c.obj               68      0         0      
       strtok.c.obj                 64      0         4      
       e_sqrt.c.obj                 44      0         0      
       strspn.c.obj                 42      0         0      
       strcspn.c.obj                34      0         0      
       s_copysign.c.obj             30      0         0      
       memccpy.c.obj                28      0         0      
       strcmp.c.obj                 24      0         0      
       strchr.c.obj                 22      0         0      
       strlen.c.obj                 22      0         0      
       strcpy.c.obj                 20      0         0      
       wcslen.c.obj                 18      0         0      
       copy_decompress_none.c.obj   14      0         0      
       copy_zero_init.c.obj         12      0         0      
       errno.c.obj                  8       0         4      
       atof.c.obj                   6       0         0      
       exit.c.obj                   4       0         0      
       div0.asm.obj                 2       0         0      
    +--+----------------------------+-------+---------+---------+
       Total:                       10409   505       8      
                                                             
       Heap:                        0       0         2048   
       Linker Generated:            0       167       0      
    +--+----------------------------+-------+---------+---------+
       Grand Total:                 75269   2380      11034  


LINKER GENERATED COPY TABLES

__TI_cinit_table @ 00005a98 records: 4, size/record: 8, table size: 32
	.data: load addr=00005a08, load size=00000062 bytes, run addr=08003134, run size=000000e4 bytes, compression=lzss
	.kernelBSS: load addr=00005a78, load size=00000009 bytes, run addr=08000800, run size=00000104 bytes, compression=lzss
	.bss: load addr=00005a88, load size=00000008 bytes, run addr=08003000, run size=00000134 bytes, compression=zero_init
	.kernelHEAP: load addr=00005a90, load size=00000008 bytes, run addr=08001000, run size=00002000 bytes, compression=zero_init


LINKER GENERATED HANDLER TABLE

__TI_handler_table @ 00005a6c records: 3, size/record: 4, table size: 12
	index: 0, handler: __TI_decompress_lzss
	index: 1, handler: __TI_decompress_none
	index: 2, handler: __TI_zero_init


GLOBAL SYMBOLS: SORTED ALPHABETICALLY BY Name 

address   name                                  
-------   ----                                  
08003150  ALTITUDE_BAR                          
0001541b  C$$EXIT                               
08003104  CMD_KEY                               
08003168  FSW_STATE                             
0800313c  MISSION_TIME                          
08003144  MODE                                  
0000d9c0  MPU_eTaskGetState                     
0000db28  MPU_pcTaskGetName                     
0000dc08  MPU_pvTaskGetThreadLocalStoragePointer
0000dd20  MPU_ulTaskNotifyTake                  
0000dedc  MPU_uxQueueMessagesWaiting            
0000df10  MPU_uxQueueSpacesAvailable            
0000dafc  MPU_uxTaskGetNumberOfTasks            
0000db90  MPU_uxTaskGetStackHighWaterMark       
0000d98c  MPU_uxTaskPriorityGet                 
0000e164  MPU_vEventGroupDelete                 
0000df44  MPU_vQueueDelete                      
0000d898  MPU_vTaskAllocateMPURegions           
0000d8f8  MPU_vTaskDelay                        
0000d924  MPU_vTaskDelayUntil                   
0000d8cc  MPU_vTaskDelete                       
0000d9f4  MPU_vTaskPrioritySet                  
0000da54  MPU_vTaskResume                       
0000dbc4  MPU_vTaskSetThreadLocalStoragePointer 
0000dd98  MPU_vTaskSetTimeOutState              
0000da28  MPU_vTaskSuspend                      
0000da80  MPU_vTaskSuspendAll                   
0000e088  MPU_xEventGroupClearBits              
0000e000  MPU_xEventGroupCreate                 
0000e0cc  MPU_xEventGroupSetBits                
0000e110  MPU_xEventGroupSync                   
0000e02c  MPU_xEventGroupWaitBits               
0000df70  MPU_xQueueGenericCreate               
0000de88  MPU_xQueueGenericReceive              
0000dfbc  MPU_xQueueGenericReset                
0000de34  MPU_xQueueGenericSend                 
0000d958  MPU_xTaskAbortDelay                   
0000ddc4  MPU_xTaskCheckForTimeOut              
0000d7f0  MPU_xTaskCreate                       
0000d854  MPU_xTaskCreateRestricted             
0000dc78  MPU_xTaskGenericNotify                
0000db5c  MPU_xTaskGetHandle                    
0000dc4c  MPU_xTaskGetIdleTaskHandle            
0000de08  MPU_xTaskGetSchedulerState            
0000dad0  MPU_xTaskGetTickCount                 
0000dd64  MPU_xTaskNotifyStateClear             
0000dccc  MPU_xTaskNotifyWait                   
0000daa4  MPU_xTaskResumeAll                    
08003140  PACKET_COUNT                          
08003154  PRESS_BAR                             
08003118  SERVO_PAYLOAD                         
UNDEFED   SHT$$INIT_ARRAY$$Base                 
UNDEFED   SHT$$INIT_ARRAY$$Limit                
080031de  SP1_ALTITUDE                          
080031e2  SP1_MISSION_TIME                      
080031e6  SP1_PACKET_COUNT                      
080031ea  SP1_PACKET_TYPE                       
08003148  SP1_PC                                
08003145  SP1_RELEASED                          
080031ee  SP1_ROTATION_RATE                     
080031f2  SP1_TEMPERATURE                       
080031f6  SP2_ALTITUDE                          
080031fa  SP2_MISSION_TIME                      
080031fe  SP2_PACKET_COUNT                      
08003202  SP2_PACKET_TYPE                       
0800314c  SP2_PC                                
08003146  SP2_RELEASED                          
08003206  SP2_ROTATION_RATE                     
0800320a  SP2_TEMPERATURE                       
08003161  SP_ON                                 
08003147  STATE                                 
08003158  TEMPERATURE                           
0800315c  VOLT_BATT                             
00000800  __SYSMEM_SIZE                         
00005a98  __TI_CINIT_Base                       
00005ab8  __TI_CINIT_Limit                      
00005a6c  __TI_Handler_Table_Base               
00005a78  __TI_Handler_Table_Limit              
00012d80  __TI_PINIT_Base                       
00012d84  __TI_PINIT_Limit                      
000151ad  __TI_auto_init_nobinit_nopinit        
00014fa9  __TI_decompress_lzss                  
000153e7  __TI_decompress_none                  
ffffffff  __TI_pprof_out_hndl                   
0000cda5  __TI_printfi                          
ffffffff  __TI_prof_data_size                   
ffffffff  __TI_prof_data_start                  
00000000  __TI_static_base__                    
000153f5  __TI_zero_init                        
0001540d  __aeabi_errno_addr                    
0000d7ef  __aeabi_idiv0                         
0000d7ef  __aeabi_ldiv0                         
00014eb9  __aeabi_memclr                        
00014eb9  __aeabi_memclr4                       
00014eb9  __aeabi_memclr8                       
00014da3  __aeabi_memcpy                        
00014da3  __aeabi_memcpy4                       
00014da3  __aeabi_memcpy8                       
00014ebb  __aeabi_memset                        
00014ebb  __aeabi_memset4                       
00014ebb  __aeabi_memset8                       
0001515c  __aeabi_uidiv                         
0001515c  __aeabi_uidivmod                      
00013054  __aeabi_uldivmod                      
ffffffff  __binit__                             
ffffffff  __c_args__                            
0001330c  _c_int00                              
00012c98  _coreClearAuxiliaryDataFault_         
00012cac  _coreClearAuxiliaryInstructionFault_  
00012c70  _coreClearDataFaultAddress_           
00012c48  _coreClearDataFault_                  
00012c84  _coreClearInstructionFaultAddress_    
00012c5c  _coreClearInstructionFault_           
00012bdc  _coreDisableEventBusExport_           
00012c20  _coreDisableFlashEcc_                 
00012bfc  _coreDisableRamEcc_                   
00012bcc  _coreEnableEventBusExport_            
00012c0c  _coreEnableFlashEcc_                  
00012c30  _coreEnableIrqVicOffset_              
00012bec  _coreEnableRamEcc_                    
00012bb4  _coreEnableVfp_                       
00012c90  _coreGetAuxiliaryDataFault_           
00012ca4  _coreGetAuxiliaryInstructionFault_    
00012c68  _coreGetDataFaultAddress_             
00012c40  _coreGetDataFault_                    
00012c7c  _coreGetInstructionFaultAddress_      
00012c54  _coreGetInstructionFault_             
00012a3c  _coreInitRegisters_                   
00012b48  _coreInitStackPointer_                
000159c8  _ctypes_                              
00014a4c  _dabort                               
00012cc0  _disable_FIQ_interrupt_               
00012cc8  _disable_IRQ_interrupt_               
00012cb8  _disable_interrupt_                   
00012cd0  _enable_interrupt_                    
00012d60  _errata_CORTEXR4_57_                  
00012d70  _errata_CORTEXR4_66_                  
00010184  _errata_SSWF021_45_both_plls          
00010378  _errata_SSWF021_45_pll1               
000104f0  _errata_SSWF021_45_pll2               
00012cd8  _esmCcmErrorsClear_                   
00012b94  _getCPSRValue_                        
00012b9c  _gotoCPUIdle_                         
00014c70  _pmuDisableCountersGlobal_            
00014c60  _pmuEnableCountersGlobal_             
00014ccc  _pmuGetCycleCount_                    
00014cd4  _pmuGetEventCount_                    
00014ce0  _pmuGetOverflow_                      
00014c14  _pmuInit_                             
00014ca0  _pmuResetCounters_                    
00014c80  _pmuResetCycleCounter_                
00014c90  _pmuResetEventCounters_               
00014cc0  _pmuSetCountEvent_                    
00014cb0  _pmuStartCounters_                    
00014cb8  _pmuStopCounters_                     
00005208  _sys_memory                           
UNDEFED   _system_post_cinit                    
0001541b  abort                                 
0000c0dc  adc1GetConfigValue                    
0000926c  adc1ParityCheck                       
00009358  adc2ParityCheck                       
0000bcb8  adcCalibration                        
0000c07c  adcDisableNotification                
0000c02c  adcEnableNotification                 
0000ba90  adcGetData                            
0000c0c4  adcGetEVTPin                          
0000b860  adcInit                               
0000bc88  adcIsConversionComplete               
0000bc58  adcIsFifoFull                         
0000be90  adcMidPointCalibration                
000146a8  adcNotification                       
0000ba68  adcResetFiFo                          
0000c0a4  adcSetEVTPin                          
0000b9bc  adcStartConversion                    
0000ba40  adcStopConversion                     
00015415  atof                                  
0001510d  atoi                                  
ffffffff  binit                                 
08003134  buff_size                             
08003138  buff_sizeAPI                          
080031b4  cALTITUDE_BAR                         
080031cc  cPACKET_COUNT                         
080031d2  cSP1_PC                               
080031d8  cSP2_PC                               
080031bc  cTEMPERATURE                          
00009410  can1ParityCheck                       
000094e8  can2ParityCheck                       
000095b0  can3ParityCheck                       
0000e79c  capGetSignal                          
00008030  ccmSelfCheck                          
0000a6fc  ccmr4GetConfigValue                   
00008938  checkB0RAMECC                         
00008b28  checkB1RAMECC                         
00009c18  checkClockMonitor                     
00008d18  checkFlashECC                         
00009cf4  checkFlashEEPROMECC                   
00009e8c  checkPLL1Slip                         
00009f8c  checkPLL2Slip                         
0000a050  checkRAMAddrParity                    
000099d0  checkRAMECC                           
0000a15c  checkRAMUERRTest                      
000087bc  checkefcSelfTest                      
080031b0  cmd_cont                              
00010bb4  commCX                                
00010c98  commSIM                               
00010d84  commSIMP                              
00010d1c  commSP1X                              
00010d50  commSP2X                              
00010c08  commST                                
08003000  command                               
08003180  commands                              
080031a8  commandsTam                           
00015329  copysign                              
00015329  copysignl                             
00008234  cpuSelfTest                           
00008dfc  cpuSelfTestFail                       
000113ec  createTelemetryPacket                 
0000b784  customTrimLPO                         
00008df4  custom_dabort                         
0000ab58  disableParity                         
00014748  dmaGroupANotification                 
00008eac  dmaParityCheck                        
00001f18  eTaskConfirmSleepModeStatus           
00000890  eTaskGetState                         
0000e75c  edgeDisableNotification               
0000e720  edgeEnableNotification                
0000e6f4  edgeGetCounter                        
00014720  edgeNotification                      
0000e6c8  edgeResetCounter                      
00008660  efcCheck                              
0000a660  efcGetConfigValue                     
00008794  efcSelfTest                           
000086e8  efcStuckZeroTest                      
0000aad0  enableParity                          
0000a76c  errata_PBIST_4                        
08003210  errno                                 
00010fb4  esmActivateNormalOperation            
00011088  esmClearStatus                        
000110c8  esmClearStatusBuffer                  
00010f7c  esmDisableError                       
00010fec  esmDisableInterrupt                   
00010f54  esmEnableError                        
00010fc4  esmEnableInterrupt                    
000111c0  esmEnterSelfTest                      
00010f38  esmError                              
00011298  esmGetConfigValue                     
00011104  esmGetStatus                          
00011188  esmGetStatusBuffer                    
00014650  esmGroup1Notification                 
00014660  esmGroup2Notification                 
0001453c  esmHighInterrupt                      
00010e30  esmInit                               
00011248  esmSelfTestStatus                     
000110e4  esmSetCounterPreloadValue             
00011014  esmSetInterruptLevel                  
00010fa4  esmTriggerErrorPinReset               
000109f4  findCommand                           
00014b35  floor                                 
00014b35  floorl                                
0000a2c4  fmcBus1ParityCheck                    
0000885c  fmcBus2Check                          
00008898  fmcECCcheck                           
00014f35  frexp                                 
00014f35  frexpl                                
00011810  ftoa                                  
00011630  getAltitude                           
000107e8  getCommand                            
00010878  getSPTelemetry                        
00012058  gioDisableNotification                
00011ff0  gioEnableNotification                 
00011f58  gioGetBit                             
000120c0  gioGetConfigValue                     
00011f80  gioGetPort                            
00011df8  gioInit                               
000146bc  gioNotification                       
00011ee8  gioSetBit                             
00011ec8  gioSetDirection                       
00011f38  gioSetPort                            
00011f98  gioToggleBit                          
00015424  handlePLLLockFail                     
0000e8a8  het1GetConfigValue                    
00008f58  het1ParityCheck                       
000090c0  het2ParityCheck                       
0000e890  hetGetTimestamp                       
0000e190  hetInit                               
00014734  hetNotification                       
0000e874  hetResetTimestamp                     
00009004  htu1ParityCheck                       
000091bc  htu2ParityCheck                       
0001495d  ldexp                                 
0001495d  ldexpl                                
00012834  linHighLevelInterrupt                 
00012664  linLowLevelInterrupt                  
00013815  log                                   
00013815  logl                                  
00015069  ltoa                                  
00011968  main                                  
0000ae64  mapClocks                             
00015347  memccpy                               
00014da3  memcpy                                
00008174  memoryInit                            
00014670  memoryPort0TestFailNotification       
0001468c  memoryPort1TestFailNotification       
00014ec1  memset                                
00009684  mibspi1ParityCheck                    
0000978c  mibspi3ParityCheck                    
000098b0  mibspi5ParityCheck                    
0000ea80  muxInit                               
0000a3ec  pbistFail                             
0000a470  pbistGetConfigValue                   
000085a8  pbistIsTestCompleted                  
000085d4  pbistIsTestPassed                     
00008608  pbistPortTestStatus                   
000084ac  pbistRun                              
000082cc  pbistSelfCheck                        
00008578  pbistStop                             
00001354  pcTaskGetName                         
0000ae10  periphInit                            
00015420  phantomInterrupt                      
0000ef20  pinmuxGetConfigValue                  
0000faf9  pow                                   
0000faf9  powl                                  
00004a7c  prvMpuDisable                         
00004a64  prvMpuEnable                          
00004a4c  prvMpuSetRegion                       
00004e84  pvPortMalloc                          
00001ff8  pvTaskGetThreadLocalStoragePointer    
0000e698  pwmDisableNotification                
0000e650  pwmEnableNotification                 
0000e570  pwmGetSignal                          
00014708  pwmNotification                       
0000e2b8  pwmSetDuty                            
0000e3f4  pwmSetSignal                          
0001423c  pwmSetSignal10e3                      
0000e250  pwmStart                              
0000e284  pwmStop                               
080008d0  pxCurrentTCB                          
00004aa4  pxPortInitialiseStack                 
00000000  resetEntry                            
0001495d  scalbn                                
0001495d  scalbnl                               
0000f808  sciDisableLoopback                    
0000f894  sciDisableNotification                
0000f7d4  sciEnableLoopback                     
0000f82c  sciEnableNotification                 
0000f8fc  sciEnterResetState                    
0000f91c  sciExitResetState                     
0000f340  sciInit                               
0000f684  sciIsIdleDetected                     
0000f668  sciIsRxReady                          
0000f4e8  sciIsTxReady                          
00011d34  sciNotification                       
0000f6fc  sciReceive                            
0000f6d0  sciReceiveByte                        
0000f6a0  sciRxError                            
0000f534  sciSend                               
0000f504  sciSendByte                           
00011670  sciSendData                           
0000f44c  sciSetBaudrate                        
0000f42c  sciSetFunctional                      
0000f93c  scilinGetConfigValue                  
00008020  selftestFailNotification              
0000add0  setupFlash                            
0000acfc  setupPLL                              
080031ac  sim_ok                                
0001174c  sltoa                                 
000146f8  spiEndNotification                    
000146e4  spiNotification                       
00015231  sprintf                               
000152b1  sqrt                                  
000152b1  sqrtl                                 
0000b648  sramGetConfigValue                    
0000a5bc  stcGetConfigValue                     
000081b8  stcSelfCheck                          
00008df8  stcSelfCheckFail                      
00015395  strchr                                
0001537d  strcmp                                
000153c1  strcpy                                
00015307  strcspn                               
000153ab  strlen                                
000152dd  strspn                                
0001227d  strtod                                
00015271  strtok                                
0001227d  strtold                               
0000b088  systemGetConfigValue                  
0000af8c  systemInit                            
0000b058  systemPowerDown                       
0000b49c  tcmflashGetConfigValue                
08003160  telemetry_ON                          
08003064  tramaAPI                              
0000ad5c  trimLPO                               
080031c4  ulCriticalNesting                     
00004974  ulPortCountLeadingZeros               
080031c8  ulTaskHasFPUContext                   
00002390  ulTaskNotifyTake                      
00013e5c  uxListRemove                          
00003910  uxQueueMessagesWaiting                
00003994  uxQueueMessagesWaitingFromISR         
00003948  uxQueueSpacesAvailable                
00001348  uxTaskGetNumberOfTasks                
0000223c  uxTaskGetStackHighWaterMark           
00000994  uxTaskPriorityGet                     
000009d8  uxTaskPriorityGetFromISR              
00002354  uxTaskResetEventItemValue             
0000456c  vEventGroupClearBitsCallback          
000044cc  vEventGroupDelete                     
00004550  vEventGroupSetBitsCallback            
00013cb0  vListInitialise                       
00013d08  vListInitialiseItem                   
00013d98  vListInsert                           
00013d24  vListInsertEnd                        
00011bac  vMissionOperations                    
00004e50  vPortEndScheduler                     
000050dc  vPortFree                             
000051ec  vPortInitialiseBlocks                 
00004968  vPortInitialiseFPSCR                  
00004868  vPortPreemptiveTick                   
0000497c  vPortSWI                              
000045f8  vPortStartFirstTask                   
00004bb8  vPortStoreTaskMPUSettings             
00004774  vPortYeildWithinAPI                   
00004688  vPortYieldProcessor                   
000039c4  vQueueDelete                          
00011b78  vSensors                              
00002064  vTaskAllocateMPURegions               
0000080c  vTaskDelay                            
000006a0  vTaskDelayUntil                       
00000538  vTaskDelete                           
00001084  vTaskEndScheduler                     
00001f08  vTaskMissedYield                      
00002954  vTaskNotifyGiveFromISR                
00001ad0  vTaskPlaceOnEventList                 
00001b14  vTaskPlaceOnUnorderedEventList        
00000a20  vTaskPrioritySet                      
00000e20  vTaskResume                           
00001f94  vTaskSetThreadLocalStoragePointer     
00001d90  vTaskSetTimeOutState                  
00000fec  vTaskStartScheduler                   
0000166c  vTaskStepTick                         
00000c18  vTaskSuspend                          
000010a0  vTaskSuspendAll                       
000019f0  vTaskSwitchContext                    
00011ac0  vTelemetry                            
00011a44  vWaitToStart                          
0000c420  vimChannelMap                         
0000c68c  vimDisableInterrupt                   
0000c4c4  vimEnableInterrupt                    
0000c738  vimGetConfigValue                     
0000c34c  vimInit                               
00008e00  vimParityCheck                        
00012d88  vimParityErrorHandler                 
000153d5  wcslen                                
00004268  xEventGroupClearBits                  
00003dd8  xEventGroupCreate                     
000042ec  xEventGroupGetBitsFromISR             
0000431c  xEventGroupSetBits                    
00003e14  xEventGroupSync                       
00004014  xEventGroupWaitBits                   
000051d4  xPortGetFreeHeapSize                  
000051e0  xPortGetMinimumEverFreeHeapSize       
00004e2c  xPortStartScheduler                   
00002d24  xQueueGenericCreate                   
000033fc  xQueueGenericReceive                  
00002bfc  xQueueGenericReset                    
00002e40  xQueueGenericSend                     
00003100  xQueueGenericSendFromISR              
00003290  xQueueGiveFromISR                     
00003cfc  xQueueIsQueueEmptyFromISR             
00003d88  xQueueIsQueueFullFromISR              
0000381c  xQueuePeekFromISR                     
000036d4  xQueueReceiveFromISR                  
000016c8  xTaskAbortDelay                       
00001dd0  xTaskCheckForTimeOut                  
000000fc  xTaskCreate                           
00000020  xTaskCreateRestricted                 
00002580  xTaskGenericNotify                    
00002754  xTaskGenericNotifyFromISR             
0000152c  xTaskGetHandle                        
00001634  xTaskGetIdleTaskHandle                
00002304  xTaskGetSchedulerState                
00001308  xTaskGetTickCount                     
00001324  xTaskGetTickCountFromISR              
000017c8  xTaskIncrementTick                    
000144c0  xTaskNotifyStateClear                 
00002468  xTaskNotifyWait                       
00001b98  xTaskRemoveFromEventList              
00001c88  xTaskRemoveFromUnorderedEventList     
00001158  xTaskResumeAll                        
00000f04  xTaskResumeFromISR                    
08003114  xTelemetryHandle                      
08003130  xWTStartHandle                        


GLOBAL SYMBOLS: SORTED BY Symbol Address 

address   name                                  
-------   ----                                  
00000000  __TI_static_base__                    
00000000  resetEntry                            
00000020  xTaskCreateRestricted                 
000000fc  xTaskCreate                           
00000538  vTaskDelete                           
000006a0  vTaskDelayUntil                       
00000800  __SYSMEM_SIZE                         
0000080c  vTaskDelay                            
00000890  eTaskGetState                         
00000994  uxTaskPriorityGet                     
000009d8  uxTaskPriorityGetFromISR              
00000a20  vTaskPrioritySet                      
00000c18  vTaskSuspend                          
00000e20  vTaskResume                           
00000f04  xTaskResumeFromISR                    
00000fec  vTaskStartScheduler                   
00001084  vTaskEndScheduler                     
000010a0  vTaskSuspendAll                       
00001158  xTaskResumeAll                        
00001308  xTaskGetTickCount                     
00001324  xTaskGetTickCountFromISR              
00001348  uxTaskGetNumberOfTasks                
00001354  pcTaskGetName                         
0000152c  xTaskGetHandle                        
00001634  xTaskGetIdleTaskHandle                
0000166c  vTaskStepTick                         
000016c8  xTaskAbortDelay                       
000017c8  xTaskIncrementTick                    
000019f0  vTaskSwitchContext                    
00001ad0  vTaskPlaceOnEventList                 
00001b14  vTaskPlaceOnUnorderedEventList        
00001b98  xTaskRemoveFromEventList              
00001c88  xTaskRemoveFromUnorderedEventList     
00001d90  vTaskSetTimeOutState                  
00001dd0  xTaskCheckForTimeOut                  
00001f08  vTaskMissedYield                      
00001f18  eTaskConfirmSleepModeStatus           
00001f94  vTaskSetThreadLocalStoragePointer     
00001ff8  pvTaskGetThreadLocalStoragePointer    
00002064  vTaskAllocateMPURegions               
0000223c  uxTaskGetStackHighWaterMark           
00002304  xTaskGetSchedulerState                
00002354  uxTaskResetEventItemValue             
00002390  ulTaskNotifyTake                      
00002468  xTaskNotifyWait                       
00002580  xTaskGenericNotify                    
00002754  xTaskGenericNotifyFromISR             
00002954  vTaskNotifyGiveFromISR                
00002bfc  xQueueGenericReset                    
00002d24  xQueueGenericCreate                   
00002e40  xQueueGenericSend                     
00003100  xQueueGenericSendFromISR              
00003290  xQueueGiveFromISR                     
000033fc  xQueueGenericReceive                  
000036d4  xQueueReceiveFromISR                  
0000381c  xQueuePeekFromISR                     
00003910  uxQueueMessagesWaiting                
00003948  uxQueueSpacesAvailable                
00003994  uxQueueMessagesWaitingFromISR         
000039c4  vQueueDelete                          
00003cfc  xQueueIsQueueEmptyFromISR             
00003d88  xQueueIsQueueFullFromISR              
00003dd8  xEventGroupCreate                     
00003e14  xEventGroupSync                       
00004014  xEventGroupWaitBits                   
00004268  xEventGroupClearBits                  
000042ec  xEventGroupGetBitsFromISR             
0000431c  xEventGroupSetBits                    
000044cc  vEventGroupDelete                     
00004550  vEventGroupSetBitsCallback            
0000456c  vEventGroupClearBitsCallback          
000045f8  vPortStartFirstTask                   
00004688  vPortYieldProcessor                   
00004774  vPortYeildWithinAPI                   
00004868  vPortPreemptiveTick                   
00004968  vPortInitialiseFPSCR                  
00004974  ulPortCountLeadingZeros               
0000497c  vPortSWI                              
00004a4c  prvMpuSetRegion                       
00004a64  prvMpuEnable                          
00004a7c  prvMpuDisable                         
00004aa4  pxPortInitialiseStack                 
00004bb8  vPortStoreTaskMPUSettings             
00004e2c  xPortStartScheduler                   
00004e50  vPortEndScheduler                     
00004e84  pvPortMalloc                          
000050dc  vPortFree                             
000051d4  xPortGetFreeHeapSize                  
000051e0  xPortGetMinimumEverFreeHeapSize       
000051ec  vPortInitialiseBlocks                 
00005208  _sys_memory                           
00005a6c  __TI_Handler_Table_Base               
00005a78  __TI_Handler_Table_Limit              
00005a98  __TI_CINIT_Base                       
00005ab8  __TI_CINIT_Limit                      
00008020  selftestFailNotification              
00008030  ccmSelfCheck                          
00008174  memoryInit                            
000081b8  stcSelfCheck                          
00008234  cpuSelfTest                           
000082cc  pbistSelfCheck                        
000084ac  pbistRun                              
00008578  pbistStop                             
000085a8  pbistIsTestCompleted                  
000085d4  pbistIsTestPassed                     
00008608  pbistPortTestStatus                   
00008660  efcCheck                              
000086e8  efcStuckZeroTest                      
00008794  efcSelfTest                           
000087bc  checkefcSelfTest                      
0000885c  fmcBus2Check                          
00008898  fmcECCcheck                           
00008938  checkB0RAMECC                         
00008b28  checkB1RAMECC                         
00008d18  checkFlashECC                         
00008df4  custom_dabort                         
00008df8  stcSelfCheckFail                      
00008dfc  cpuSelfTestFail                       
00008e00  vimParityCheck                        
00008eac  dmaParityCheck                        
00008f58  het1ParityCheck                       
00009004  htu1ParityCheck                       
000090c0  het2ParityCheck                       
000091bc  htu2ParityCheck                       
0000926c  adc1ParityCheck                       
00009358  adc2ParityCheck                       
00009410  can1ParityCheck                       
000094e8  can2ParityCheck                       
000095b0  can3ParityCheck                       
00009684  mibspi1ParityCheck                    
0000978c  mibspi3ParityCheck                    
000098b0  mibspi5ParityCheck                    
000099d0  checkRAMECC                           
00009c18  checkClockMonitor                     
00009cf4  checkFlashEEPROMECC                   
00009e8c  checkPLL1Slip                         
00009f8c  checkPLL2Slip                         
0000a050  checkRAMAddrParity                    
0000a15c  checkRAMUERRTest                      
0000a2c4  fmcBus1ParityCheck                    
0000a3ec  pbistFail                             
0000a470  pbistGetConfigValue                   
0000a5bc  stcGetConfigValue                     
0000a660  efcGetConfigValue                     
0000a6fc  ccmr4GetConfigValue                   
0000a76c  errata_PBIST_4                        
0000aad0  enableParity                          
0000ab58  disableParity                         
0000acfc  setupPLL                              
0000ad5c  trimLPO                               
0000add0  setupFlash                            
0000ae10  periphInit                            
0000ae64  mapClocks                             
0000af8c  systemInit                            
0000b058  systemPowerDown                       
0000b088  systemGetConfigValue                  
0000b49c  tcmflashGetConfigValue                
0000b648  sramGetConfigValue                    
0000b784  customTrimLPO                         
0000b860  adcInit                               
0000b9bc  adcStartConversion                    
0000ba40  adcStopConversion                     
0000ba68  adcResetFiFo                          
0000ba90  adcGetData                            
0000bc58  adcIsFifoFull                         
0000bc88  adcIsConversionComplete               
0000bcb8  adcCalibration                        
0000be90  adcMidPointCalibration                
0000c02c  adcEnableNotification                 
0000c07c  adcDisableNotification                
0000c0a4  adcSetEVTPin                          
0000c0c4  adcGetEVTPin                          
0000c0dc  adc1GetConfigValue                    
0000c34c  vimInit                               
0000c420  vimChannelMap                         
0000c4c4  vimEnableInterrupt                    
0000c68c  vimDisableInterrupt                   
0000c738  vimGetConfigValue                     
0000cda5  __TI_printfi                          
0000d7ef  __aeabi_idiv0                         
0000d7ef  __aeabi_ldiv0                         
0000d7f0  MPU_xTaskCreate                       
0000d854  MPU_xTaskCreateRestricted             
0000d898  MPU_vTaskAllocateMPURegions           
0000d8cc  MPU_vTaskDelete                       
0000d8f8  MPU_vTaskDelay                        
0000d924  MPU_vTaskDelayUntil                   
0000d958  MPU_xTaskAbortDelay                   
0000d98c  MPU_uxTaskPriorityGet                 
0000d9c0  MPU_eTaskGetState                     
0000d9f4  MPU_vTaskPrioritySet                  
0000da28  MPU_vTaskSuspend                      
0000da54  MPU_vTaskResume                       
0000da80  MPU_vTaskSuspendAll                   
0000daa4  MPU_xTaskResumeAll                    
0000dad0  MPU_xTaskGetTickCount                 
0000dafc  MPU_uxTaskGetNumberOfTasks            
0000db28  MPU_pcTaskGetName                     
0000db5c  MPU_xTaskGetHandle                    
0000db90  MPU_uxTaskGetStackHighWaterMark       
0000dbc4  MPU_vTaskSetThreadLocalStoragePointer 
0000dc08  MPU_pvTaskGetThreadLocalStoragePointer
0000dc4c  MPU_xTaskGetIdleTaskHandle            
0000dc78  MPU_xTaskGenericNotify                
0000dccc  MPU_xTaskNotifyWait                   
0000dd20  MPU_ulTaskNotifyTake                  
0000dd64  MPU_xTaskNotifyStateClear             
0000dd98  MPU_vTaskSetTimeOutState              
0000ddc4  MPU_xTaskCheckForTimeOut              
0000de08  MPU_xTaskGetSchedulerState            
0000de34  MPU_xQueueGenericSend                 
0000de88  MPU_xQueueGenericReceive              
0000dedc  MPU_uxQueueMessagesWaiting            
0000df10  MPU_uxQueueSpacesAvailable            
0000df44  MPU_vQueueDelete                      
0000df70  MPU_xQueueGenericCreate               
0000dfbc  MPU_xQueueGenericReset                
0000e000  MPU_xEventGroupCreate                 
0000e02c  MPU_xEventGroupWaitBits               
0000e088  MPU_xEventGroupClearBits              
0000e0cc  MPU_xEventGroupSetBits                
0000e110  MPU_xEventGroupSync                   
0000e164  MPU_vEventGroupDelete                 
0000e190  hetInit                               
0000e250  pwmStart                              
0000e284  pwmStop                               
0000e2b8  pwmSetDuty                            
0000e3f4  pwmSetSignal                          
0000e570  pwmGetSignal                          
0000e650  pwmEnableNotification                 
0000e698  pwmDisableNotification                
0000e6c8  edgeResetCounter                      
0000e6f4  edgeGetCounter                        
0000e720  edgeEnableNotification                
0000e75c  edgeDisableNotification               
0000e79c  capGetSignal                          
0000e874  hetResetTimestamp                     
0000e890  hetGetTimestamp                       
0000e8a8  het1GetConfigValue                    
0000ea80  muxInit                               
0000ef20  pinmuxGetConfigValue                  
0000f340  sciInit                               
0000f42c  sciSetFunctional                      
0000f44c  sciSetBaudrate                        
0000f4e8  sciIsTxReady                          
0000f504  sciSendByte                           
0000f534  sciSend                               
0000f668  sciIsRxReady                          
0000f684  sciIsIdleDetected                     
0000f6a0  sciRxError                            
0000f6d0  sciReceiveByte                        
0000f6fc  sciReceive                            
0000f7d4  sciEnableLoopback                     
0000f808  sciDisableLoopback                    
0000f82c  sciEnableNotification                 
0000f894  sciDisableNotification                
0000f8fc  sciEnterResetState                    
0000f91c  sciExitResetState                     
0000f93c  scilinGetConfigValue                  
0000faf9  pow                                   
0000faf9  powl                                  
00010184  _errata_SSWF021_45_both_plls          
00010378  _errata_SSWF021_45_pll1               
000104f0  _errata_SSWF021_45_pll2               
000107e8  getCommand                            
00010878  getSPTelemetry                        
000109f4  findCommand                           
00010bb4  commCX                                
00010c08  commST                                
00010c98  commSIM                               
00010d1c  commSP1X                              
00010d50  commSP2X                              
00010d84  commSIMP                              
00010e30  esmInit                               
00010f38  esmError                              
00010f54  esmEnableError                        
00010f7c  esmDisableError                       
00010fa4  esmTriggerErrorPinReset               
00010fb4  esmActivateNormalOperation            
00010fc4  esmEnableInterrupt                    
00010fec  esmDisableInterrupt                   
00011014  esmSetInterruptLevel                  
00011088  esmClearStatus                        
000110c8  esmClearStatusBuffer                  
000110e4  esmSetCounterPreloadValue             
00011104  esmGetStatus                          
00011188  esmGetStatusBuffer                    
000111c0  esmEnterSelfTest                      
00011248  esmSelfTestStatus                     
00011298  esmGetConfigValue                     
000113ec  createTelemetryPacket                 
00011630  getAltitude                           
00011670  sciSendData                           
0001174c  sltoa                                 
00011810  ftoa                                  
00011968  main                                  
00011a44  vWaitToStart                          
00011ac0  vTelemetry                            
00011b78  vSensors                              
00011bac  vMissionOperations                    
00011d34  sciNotification                       
00011df8  gioInit                               
00011ec8  gioSetDirection                       
00011ee8  gioSetBit                             
00011f38  gioSetPort                            
00011f58  gioGetBit                             
00011f80  gioGetPort                            
00011f98  gioToggleBit                          
00011ff0  gioEnableNotification                 
00012058  gioDisableNotification                
000120c0  gioGetConfigValue                     
0001227d  strtod                                
0001227d  strtold                               
00012664  linLowLevelInterrupt                  
00012834  linHighLevelInterrupt                 
00012a3c  _coreInitRegisters_                   
00012b48  _coreInitStackPointer_                
00012b94  _getCPSRValue_                        
00012b9c  _gotoCPUIdle_                         
00012bb4  _coreEnableVfp_                       
00012bcc  _coreEnableEventBusExport_            
00012bdc  _coreDisableEventBusExport_           
00012bec  _coreEnableRamEcc_                    
00012bfc  _coreDisableRamEcc_                   
00012c0c  _coreEnableFlashEcc_                  
00012c20  _coreDisableFlashEcc_                 
00012c30  _coreEnableIrqVicOffset_              
00012c40  _coreGetDataFault_                    
00012c48  _coreClearDataFault_                  
00012c54  _coreGetInstructionFault_             
00012c5c  _coreClearInstructionFault_           
00012c68  _coreGetDataFaultAddress_             
00012c70  _coreClearDataFaultAddress_           
00012c7c  _coreGetInstructionFaultAddress_      
00012c84  _coreClearInstructionFaultAddress_    
00012c90  _coreGetAuxiliaryDataFault_           
00012c98  _coreClearAuxiliaryDataFault_         
00012ca4  _coreGetAuxiliaryInstructionFault_    
00012cac  _coreClearAuxiliaryInstructionFault_  
00012cb8  _disable_interrupt_                   
00012cc0  _disable_FIQ_interrupt_               
00012cc8  _disable_IRQ_interrupt_               
00012cd0  _enable_interrupt_                    
00012cd8  _esmCcmErrorsClear_                   
00012d60  _errata_CORTEXR4_57_                  
00012d70  _errata_CORTEXR4_66_                  
00012d80  __TI_PINIT_Base                       
00012d84  __TI_PINIT_Limit                      
00012d88  vimParityErrorHandler                 
00013054  __aeabi_uldivmod                      
0001330c  _c_int00                              
00013815  log                                   
00013815  logl                                  
00013cb0  vListInitialise                       
00013d08  vListInitialiseItem                   
00013d24  vListInsertEnd                        
00013d98  vListInsert                           
00013e5c  uxListRemove                          
0001423c  pwmSetSignal10e3                      
000144c0  xTaskNotifyStateClear                 
0001453c  esmHighInterrupt                      
00014650  esmGroup1Notification                 
00014660  esmGroup2Notification                 
00014670  memoryPort0TestFailNotification       
0001468c  memoryPort1TestFailNotification       
000146a8  adcNotification                       
000146bc  gioNotification                       
000146e4  spiNotification                       
000146f8  spiEndNotification                    
00014708  pwmNotification                       
00014720  edgeNotification                      
00014734  hetNotification                       
00014748  dmaGroupANotification                 
0001495d  ldexp                                 
0001495d  ldexpl                                
0001495d  scalbn                                
0001495d  scalbnl                               
00014a4c  _dabort                               
00014b35  floor                                 
00014b35  floorl                                
00014c14  _pmuInit_                             
00014c60  _pmuEnableCountersGlobal_             
00014c70  _pmuDisableCountersGlobal_            
00014c80  _pmuResetCycleCounter_                
00014c90  _pmuResetEventCounters_               
00014ca0  _pmuResetCounters_                    
00014cb0  _pmuStartCounters_                    
00014cb8  _pmuStopCounters_                     
00014cc0  _pmuSetCountEvent_                    
00014ccc  _pmuGetCycleCount_                    
00014cd4  _pmuGetEventCount_                    
00014ce0  _pmuGetOverflow_                      
00014da3  __aeabi_memcpy                        
00014da3  __aeabi_memcpy4                       
00014da3  __aeabi_memcpy8                       
00014da3  memcpy                                
00014eb9  __aeabi_memclr                        
00014eb9  __aeabi_memclr4                       
00014eb9  __aeabi_memclr8                       
00014ebb  __aeabi_memset                        
00014ebb  __aeabi_memset4                       
00014ebb  __aeabi_memset8                       
00014ec1  memset                                
00014f35  frexp                                 
00014f35  frexpl                                
00014fa9  __TI_decompress_lzss                  
00015069  ltoa                                  
0001510d  atoi                                  
0001515c  __aeabi_uidiv                         
0001515c  __aeabi_uidivmod                      
000151ad  __TI_auto_init_nobinit_nopinit        
00015231  sprintf                               
00015271  strtok                                
000152b1  sqrt                                  
000152b1  sqrtl                                 
000152dd  strspn                                
00015307  strcspn                               
00015329  copysign                              
00015329  copysignl                             
00015347  memccpy                               
0001537d  strcmp                                
00015395  strchr                                
000153ab  strlen                                
000153c1  strcpy                                
000153d5  wcslen                                
000153e7  __TI_decompress_none                  
000153f5  __TI_zero_init                        
0001540d  __aeabi_errno_addr                    
00015415  atof                                  
0001541b  C$$EXIT                               
0001541b  abort                                 
00015420  phantomInterrupt                      
00015424  handlePLLLockFail                     
000159c8  _ctypes_                              
080008d0  pxCurrentTCB                          
08003000  command                               
08003064  tramaAPI                              
08003104  CMD_KEY                               
08003114  xTelemetryHandle                      
08003118  SERVO_PAYLOAD                         
08003130  xWTStartHandle                        
08003134  buff_size                             
08003138  buff_sizeAPI                          
0800313c  MISSION_TIME                          
08003140  PACKET_COUNT                          
08003144  MODE                                  
08003145  SP1_RELEASED                          
08003146  SP2_RELEASED                          
08003147  STATE                                 
08003148  SP1_PC                                
0800314c  SP2_PC                                
08003150  ALTITUDE_BAR                          
08003154  PRESS_BAR                             
08003158  TEMPERATURE                           
0800315c  VOLT_BATT                             
08003160  telemetry_ON                          
08003161  SP_ON                                 
08003168  FSW_STATE                             
08003180  commands                              
080031a8  commandsTam                           
080031ac  sim_ok                                
080031b0  cmd_cont                              
080031b4  cALTITUDE_BAR                         
080031bc  cTEMPERATURE                          
080031c4  ulCriticalNesting                     
080031c8  ulTaskHasFPUContext                   
080031cc  cPACKET_COUNT                         
080031d2  cSP1_PC                               
080031d8  cSP2_PC                               
080031de  SP1_ALTITUDE                          
080031e2  SP1_MISSION_TIME                      
080031e6  SP1_PACKET_COUNT                      
080031ea  SP1_PACKET_TYPE                       
080031ee  SP1_ROTATION_RATE                     
080031f2  SP1_TEMPERATURE                       
080031f6  SP2_ALTITUDE                          
080031fa  SP2_MISSION_TIME                      
080031fe  SP2_PACKET_COUNT                      
08003202  SP2_PACKET_TYPE                       
08003206  SP2_ROTATION_RATE                     
0800320a  SP2_TEMPERATURE                       
08003210  errno                                 
ffffffff  __TI_pprof_out_hndl                   
ffffffff  __TI_prof_data_size                   
ffffffff  __TI_prof_data_start                  
ffffffff  __binit__                             
ffffffff  __c_args__                            
ffffffff  binit                                 
UNDEFED   SHT$$INIT_ARRAY$$Base                 
UNDEFED   SHT$$INIT_ARRAY$$Limit                
UNDEFED   _system_post_cinit                    

[491 symbols]
