<?xml version="1.0" encoding="ISO-8859-1" ?>
<link_info>
   <banner>TI ARM Linker PC v18.12.4.LTS</banner>
   <copyright>Copyright (c) 1996-2018 Texas Instruments Incorporated</copyright>
   <link_time>0x6080d457</link_time>
   <link_errors>0x0</link_errors>
   <output_file>CC_2021_12x.out</output_file>
   <entry_point>
      <name>_c_int00</name>
      <address>0x18434</address>
   </entry_point>
   <input_file_list>
      <input_file id="fl-2">
         <path>.\SDCard\</path>
         <kind>object</kind>
         <file>Load_bmp.obj</file>
         <name>Load_bmp.obj</name>
      </input_file>
      <input_file id="fl-3">
         <path>.\SDCard\</path>
         <kind>object</kind>
         <file>cmdline.obj</file>
         <name>cmdline.obj</name>
      </input_file>
      <input_file id="fl-4">
         <path>.\SDCard\</path>
         <kind>object</kind>
         <file>sd_card.obj</file>
         <name>sd_card.obj</name>
      </input_file>
      <input_file id="fl-5">
         <path>.\SDCard\</path>
         <kind>object</kind>
         <file>uartstdio.obj</file>
         <name>uartstdio.obj</name>
      </input_file>
      <input_file id="fl-6">
         <path>.\fatfs\port\</path>
         <kind>object</kind>
         <file>mmc-hercules.obj</file>
         <name>mmc-hercules.obj</name>
      </input_file>
      <input_file id="fl-7">
         <path>.\fatfs\src\</path>
         <kind>object</kind>
         <file>ff.obj</file>
         <name>ff.obj</name>
      </input_file>
      <input_file id="fl-8">
         <path>.\source\KaanSat_Lib\</path>
         <kind>object</kind>
         <file>microSD.obj</file>
         <name>microSD.obj</name>
      </input_file>
      <input_file id="fl-9">
         <path>.\source\</path>
         <kind>object</kind>
         <file>adc.obj</file>
         <name>adc.obj</name>
      </input_file>
      <input_file id="fl-a">
         <path>.\source\</path>
         <kind>object</kind>
         <file>dabort.obj</file>
         <name>dabort.obj</name>
      </input_file>
      <input_file id="fl-b">
         <path>.\source\</path>
         <kind>object</kind>
         <file>errata_SSWF021_45.obj</file>
         <name>errata_SSWF021_45.obj</name>
      </input_file>
      <input_file id="fl-c">
         <path>.\source\</path>
         <kind>object</kind>
         <file>esm.obj</file>
         <name>esm.obj</name>
      </input_file>
      <input_file id="fl-d">
         <path>.\source\</path>
         <kind>object</kind>
         <file>gio.obj</file>
         <name>gio.obj</name>
      </input_file>
      <input_file id="fl-e">
         <path>.\source\</path>
         <kind>object</kind>
         <file>het.obj</file>
         <name>het.obj</name>
      </input_file>
      <input_file id="fl-f">
         <path>.\source\</path>
         <kind>object</kind>
         <file>notification.obj</file>
         <name>notification.obj</name>
      </input_file>
      <input_file id="fl-10">
         <path>.\source\</path>
         <kind>object</kind>
         <file>os_croutine.obj</file>
         <name>os_croutine.obj</name>
      </input_file>
      <input_file id="fl-11">
         <path>.\source\</path>
         <kind>object</kind>
         <file>os_event_groups.obj</file>
         <name>os_event_groups.obj</name>
      </input_file>
      <input_file id="fl-12">
         <path>.\source\</path>
         <kind>object</kind>
         <file>os_heap.obj</file>
         <name>os_heap.obj</name>
      </input_file>
      <input_file id="fl-13">
         <path>.\source\</path>
         <kind>object</kind>
         <file>os_list.obj</file>
         <name>os_list.obj</name>
      </input_file>
      <input_file id="fl-14">
         <path>.\source\</path>
         <kind>object</kind>
         <file>os_mpu_wrappers.obj</file>
         <name>os_mpu_wrappers.obj</name>
      </input_file>
      <input_file id="fl-15">
         <path>.\source\</path>
         <kind>object</kind>
         <file>os_port.obj</file>
         <name>os_port.obj</name>
      </input_file>
      <input_file id="fl-16">
         <path>.\source\</path>
         <kind>object</kind>
         <file>os_portasm.obj</file>
         <name>os_portasm.obj</name>
      </input_file>
      <input_file id="fl-17">
         <path>.\source\</path>
         <kind>object</kind>
         <file>os_queue.obj</file>
         <name>os_queue.obj</name>
      </input_file>
      <input_file id="fl-18">
         <path>.\source\</path>
         <kind>object</kind>
         <file>os_tasks.obj</file>
         <name>os_tasks.obj</name>
      </input_file>
      <input_file id="fl-19">
         <path>.\source\</path>
         <kind>object</kind>
         <file>os_timer.obj</file>
         <name>os_timer.obj</name>
      </input_file>
      <input_file id="fl-1a">
         <path>.\source\</path>
         <kind>object</kind>
         <file>pinmux.obj</file>
         <name>pinmux.obj</name>
      </input_file>
      <input_file id="fl-1b">
         <path>.\source\</path>
         <kind>object</kind>
         <file>sci.obj</file>
         <name>sci.obj</name>
      </input_file>
      <input_file id="fl-1c">
         <path>.\source\</path>
         <kind>object</kind>
         <file>spi.obj</file>
         <name>spi.obj</name>
      </input_file>
      <input_file id="fl-1d">
         <path>.\source\</path>
         <kind>object</kind>
         <file>sys_core.obj</file>
         <name>sys_core.obj</name>
      </input_file>
      <input_file id="fl-1e">
         <path>.\source\</path>
         <kind>object</kind>
         <file>sys_dma.obj</file>
         <name>sys_dma.obj</name>
      </input_file>
      <input_file id="fl-1f">
         <path>.\source\</path>
         <kind>object</kind>
         <file>sys_intvecs.obj</file>
         <name>sys_intvecs.obj</name>
      </input_file>
      <input_file id="fl-20">
         <path>.\source\</path>
         <kind>object</kind>
         <file>sys_main.obj</file>
         <name>sys_main.obj</name>
      </input_file>
      <input_file id="fl-21">
         <path>.\source\</path>
         <kind>object</kind>
         <file>sys_mpu.obj</file>
         <name>sys_mpu.obj</name>
      </input_file>
      <input_file id="fl-22">
         <path>.\source\</path>
         <kind>object</kind>
         <file>sys_pcr.obj</file>
         <name>sys_pcr.obj</name>
      </input_file>
      <input_file id="fl-23">
         <path>.\source\</path>
         <kind>object</kind>
         <file>sys_phantom.obj</file>
         <name>sys_phantom.obj</name>
      </input_file>
      <input_file id="fl-24">
         <path>.\source\</path>
         <kind>object</kind>
         <file>sys_pmm.obj</file>
         <name>sys_pmm.obj</name>
      </input_file>
      <input_file id="fl-25">
         <path>.\source\</path>
         <kind>object</kind>
         <file>sys_pmu.obj</file>
         <name>sys_pmu.obj</name>
      </input_file>
      <input_file id="fl-26">
         <path>.\source\</path>
         <kind>object</kind>
         <file>sys_selftest.obj</file>
         <name>sys_selftest.obj</name>
      </input_file>
      <input_file id="fl-27">
         <path>.\source\</path>
         <kind>object</kind>
         <file>sys_startup.obj</file>
         <name>sys_startup.obj</name>
      </input_file>
      <input_file id="fl-28">
         <path>.\source\</path>
         <kind>object</kind>
         <file>sys_vim.obj</file>
         <name>sys_vim.obj</name>
      </input_file>
      <input_file id="fl-29">
         <path>.\source\</path>
         <kind>object</kind>
         <file>system.obj</file>
         <name>system.obj</name>
      </input_file>
      <input_file id="fl-2d">
         <kind>object</kind>
         <file>&lt;internal&gt;</file>
         <name>&lt;internal&gt;</name>
      </input_file>
      <input_file id="fl-2e">
         <path>C:\ti\ccs930\ccs\tools\compiler\ti-cgt-arm_18.12.4.LTS\lib\</path>
         <kind>archive</kind>
         <file>rtsv7R4_T_be_v3D16_eabi.lib</file>
         <name>s_floor.c.obj</name>
      </input_file>
      <input_file id="fl-2f">
         <path>C:\ti\ccs930\ccs\tools\compiler\ti-cgt-arm_18.12.4.LTS\lib\</path>
         <kind>archive</kind>
         <file>rtsv7R4_T_be_v3D16_eabi.lib</file>
         <name>sprintf.c.obj</name>
      </input_file>
      <input_file id="fl-30">
         <path>C:\ti\ccs930\ccs\tools\compiler\ti-cgt-arm_18.12.4.LTS\lib\</path>
         <kind>archive</kind>
         <file>rtsv7R4_T_be_v3D16_eabi.lib</file>
         <name>memcpy_t2.asm.obj</name>
      </input_file>
      <input_file id="fl-31">
         <path>C:\ti\ccs930\ccs\tools\compiler\ti-cgt-arm_18.12.4.LTS\lib\</path>
         <kind>archive</kind>
         <file>rtsv7R4_T_be_v3D16_eabi.lib</file>
         <name>u_div32.asm.obj</name>
      </input_file>
      <input_file id="fl-32">
         <path>C:\ti\ccs930\ccs\tools\compiler\ti-cgt-arm_18.12.4.LTS\lib\</path>
         <kind>archive</kind>
         <file>rtsv7R4_T_be_v3D16_eabi.lib</file>
         <name>memset_t2.asm.obj</name>
      </input_file>
      <input_file id="fl-33">
         <path>C:\ti\ccs930\ccs\tools\compiler\ti-cgt-arm_18.12.4.LTS\lib\</path>
         <kind>archive</kind>
         <file>rtsv7R4_T_be_v3D16_eabi.lib</file>
         <name>autoinit.c.obj</name>
      </input_file>
      <input_file id="fl-34">
         <path>C:\ti\ccs930\ccs\tools\compiler\ti-cgt-arm_18.12.4.LTS\lib\</path>
         <kind>archive</kind>
         <file>rtsv7R4_T_be_v3D16_eabi.lib</file>
         <name>cpy_tbl.c.obj</name>
      </input_file>
      <input_file id="fl-35">
         <path>C:\ti\ccs930\ccs\tools\compiler\ti-cgt-arm_18.12.4.LTS\lib\</path>
         <kind>archive</kind>
         <file>rtsv7R4_T_be_v3D16_eabi.lib</file>
         <name>copy_zero_init.c.obj</name>
      </input_file>
      <input_file id="fl-36">
         <path>C:\ti\ccs930\ccs\tools\compiler\ti-cgt-arm_18.12.4.LTS\lib\</path>
         <kind>archive</kind>
         <file>rtsv7R4_T_be_v3D16_eabi.lib</file>
         <name>copy_decompress_none.c.obj</name>
      </input_file>
      <input_file id="fl-37">
         <path>C:\ti\ccs930\ccs\tools\compiler\ti-cgt-arm_18.12.4.LTS\lib\</path>
         <kind>archive</kind>
         <file>rtsv7R4_T_be_v3D16_eabi.lib</file>
         <name>copy_decompress_lzss.c.obj</name>
      </input_file>
      <input_file id="fl-38">
         <path>C:\ti\ccs930\ccs\tools\compiler\ti-cgt-arm_18.12.4.LTS\lib\</path>
         <kind>archive</kind>
         <file>rtsv7R4_T_be_v3D16_eabi.lib</file>
         <name>exit.c.obj</name>
      </input_file>
      <input_file id="fl-39">
         <path>C:\ti\ccs930\ccs\tools\compiler\ti-cgt-arm_18.12.4.LTS\lib\</path>
         <kind>archive</kind>
         <file>rtsv7R4_T_be_v3D16_eabi.lib</file>
         <name>_lock.c.obj</name>
      </input_file>
      <input_file id="fl-3a">
         <path>C:\ti\ccs930\ccs\tools\compiler\ti-cgt-arm_18.12.4.LTS\lib\</path>
         <kind>archive</kind>
         <file>rtsv7R4_T_be_v3D16_eabi.lib</file>
         <name>assert.c.obj</name>
      </input_file>
      <input_file id="fl-3b">
         <path>C:\ti\ccs930\ccs\tools\compiler\ti-cgt-arm_18.12.4.LTS\lib\</path>
         <kind>archive</kind>
         <file>rtsv7R4_T_be_v3D16_eabi.lib</file>
         <name>defs.c.obj</name>
      </input_file>
      <input_file id="fl-3c">
         <path>C:\ti\ccs930\ccs\tools\compiler\ti-cgt-arm_18.12.4.LTS\lib\</path>
         <kind>archive</kind>
         <file>rtsv7R4_T_be_v3D16_eabi.lib</file>
         <name>strcat.c.obj</name>
      </input_file>
      <input_file id="fl-3d">
         <path>C:\ti\ccs930\ccs\tools\compiler\ti-cgt-arm_18.12.4.LTS\lib\</path>
         <kind>archive</kind>
         <file>rtsv7R4_T_be_v3D16_eabi.lib</file>
         <name>strcmp.c.obj</name>
      </input_file>
      <input_file id="fl-3e">
         <path>C:\ti\ccs930\ccs\tools\compiler\ti-cgt-arm_18.12.4.LTS\lib\</path>
         <kind>archive</kind>
         <file>rtsv7R4_T_be_v3D16_eabi.lib</file>
         <name>strcpy.c.obj</name>
      </input_file>
      <input_file id="fl-3f">
         <path>C:\ti\ccs930\ccs\tools\compiler\ti-cgt-arm_18.12.4.LTS\lib\</path>
         <kind>archive</kind>
         <file>rtsv7R4_T_be_v3D16_eabi.lib</file>
         <name>strlen.c.obj</name>
      </input_file>
      <input_file id="fl-40">
         <path>C:\ti\ccs930\ccs\tools\compiler\ti-cgt-arm_18.12.4.LTS\lib\</path>
         <kind>archive</kind>
         <file>rtsv7R4_T_be_v3D16_eabi.lib</file>
         <name>strncpy.c.obj</name>
      </input_file>
      <input_file id="fl-41">
         <path>C:\ti\ccs930\ccs\tools\compiler\ti-cgt-arm_18.12.4.LTS\lib\</path>
         <kind>archive</kind>
         <file>rtsv7R4_T_be_v3D16_eabi.lib</file>
         <name>_printfi.c.obj</name>
      </input_file>
      <input_file id="fl-42">
         <path>C:\ti\ccs930\ccs\tools\compiler\ti-cgt-arm_18.12.4.LTS\lib\</path>
         <kind>archive</kind>
         <file>rtsv7R4_T_be_v3D16_eabi.lib</file>
         <name>fflush.c.obj</name>
      </input_file>
      <input_file id="fl-43">
         <path>C:\ti\ccs930\ccs\tools\compiler\ti-cgt-arm_18.12.4.LTS\lib\</path>
         <kind>archive</kind>
         <file>rtsv7R4_T_be_v3D16_eabi.lib</file>
         <name>fputs.c.obj</name>
      </input_file>
      <input_file id="fl-44">
         <path>C:\ti\ccs930\ccs\tools\compiler\ti-cgt-arm_18.12.4.LTS\lib\</path>
         <kind>archive</kind>
         <file>rtsv7R4_T_be_v3D16_eabi.lib</file>
         <name>_io_perm.c.obj</name>
      </input_file>
      <input_file id="fl-45">
         <path>C:\ti\ccs930\ccs\tools\compiler\ti-cgt-arm_18.12.4.LTS\lib\</path>
         <kind>archive</kind>
         <file>rtsv7R4_T_be_v3D16_eabi.lib</file>
         <name>setvbuf.c.obj</name>
      </input_file>
      <input_file id="fl-46">
         <path>C:\ti\ccs930\ccs\tools\compiler\ti-cgt-arm_18.12.4.LTS\lib\</path>
         <kind>archive</kind>
         <file>rtsv7R4_T_be_v3D16_eabi.lib</file>
         <name>div0.asm.obj</name>
      </input_file>
      <input_file id="fl-47">
         <path>C:\ti\ccs930\ccs\tools\compiler\ti-cgt-arm_18.12.4.LTS\lib\</path>
         <kind>archive</kind>
         <file>rtsv7R4_T_be_v3D16_eabi.lib</file>
         <name>ull_div32.asm.obj</name>
      </input_file>
      <input_file id="fl-48">
         <path>C:\ti\ccs930\ccs\tools\compiler\ti-cgt-arm_18.12.4.LTS\lib\</path>
         <kind>archive</kind>
         <file>rtsv7R4_T_be_v3D16_eabi.lib</file>
         <name>atoi.c.obj</name>
      </input_file>
      <input_file id="fl-49">
         <path>C:\ti\ccs930\ccs\tools\compiler\ti-cgt-arm_18.12.4.LTS\lib\</path>
         <kind>archive</kind>
         <file>rtsv7R4_T_be_v3D16_eabi.lib</file>
         <name>ctype.c.obj</name>
      </input_file>
      <input_file id="fl-4a">
         <path>C:\ti\ccs930\ccs\tools\compiler\ti-cgt-arm_18.12.4.LTS\lib\</path>
         <kind>archive</kind>
         <file>rtsv7R4_T_be_v3D16_eabi.lib</file>
         <name>ltoa.c.obj</name>
      </input_file>
      <input_file id="fl-4b">
         <path>C:\ti\ccs930\ccs\tools\compiler\ti-cgt-arm_18.12.4.LTS\lib\</path>
         <kind>archive</kind>
         <file>rtsv7R4_T_be_v3D16_eabi.lib</file>
         <name>memccpy.c.obj</name>
      </input_file>
      <input_file id="fl-4c">
         <path>C:\ti\ccs930\ccs\tools\compiler\ti-cgt-arm_18.12.4.LTS\lib\</path>
         <kind>archive</kind>
         <file>rtsv7R4_T_be_v3D16_eabi.lib</file>
         <name>memchr.c.obj</name>
      </input_file>
      <input_file id="fl-4d">
         <path>C:\ti\ccs930\ccs\tools\compiler\ti-cgt-arm_18.12.4.LTS\lib\</path>
         <kind>archive</kind>
         <file>rtsv7R4_T_be_v3D16_eabi.lib</file>
         <name>memory.c.obj</name>
      </input_file>
      <input_file id="fl-4e">
         <path>C:\ti\ccs930\ccs\tools\compiler\ti-cgt-arm_18.12.4.LTS\lib\</path>
         <kind>archive</kind>
         <file>rtsv7R4_T_be_v3D16_eabi.lib</file>
         <name>strchr.c.obj</name>
      </input_file>
      <input_file id="fl-4f">
         <path>C:\ti\ccs930\ccs\tools\compiler\ti-cgt-arm_18.12.4.LTS\lib\</path>
         <kind>archive</kind>
         <file>rtsv7R4_T_be_v3D16_eabi.lib</file>
         <name>write.c.obj</name>
      </input_file>
      <input_file id="fl-50">
         <path>C:\ti\ccs930\ccs\tools\compiler\ti-cgt-arm_18.12.4.LTS\lib\</path>
         <kind>archive</kind>
         <file>rtsv7R4_T_be_v3D16_eabi.lib</file>
         <name>host_device.c.obj</name>
      </input_file>
      <input_file id="fl-51">
         <path>C:\ti\ccs930\ccs\tools\compiler\ti-cgt-arm_18.12.4.LTS\lib\</path>
         <kind>archive</kind>
         <file>rtsv7R4_T_be_v3D16_eabi.lib</file>
         <name>errno.c.obj</name>
      </input_file>
      <input_file id="fl-52">
         <path>C:\ti\ccs930\ccs\tools\compiler\ti-cgt-arm_18.12.4.LTS\lib\</path>
         <kind>archive</kind>
         <file>rtsv7R4_T_be_v3D16_eabi.lib</file>
         <name>wcslen.c.obj</name>
      </input_file>
      <input_file id="fl-53">
         <path>C:\ti\ccs930\ccs\tools\compiler\ti-cgt-arm_18.12.4.LTS\lib\</path>
         <kind>archive</kind>
         <file>rtsv7R4_T_be_v3D16_eabi.lib</file>
         <name>s_frexp.c.obj</name>
      </input_file>
      <input_file id="fl-54">
         <path>C:\ti\ccs930\ccs\tools\compiler\ti-cgt-arm_18.12.4.LTS\lib\</path>
         <kind>archive</kind>
         <file>rtsv7R4_T_be_v3D16_eabi.lib</file>
         <name>s_scalbn.c.obj</name>
      </input_file>
      <input_file id="fl-55">
         <path>C:\ti\ccs930\ccs\tools\compiler\ti-cgt-arm_18.12.4.LTS\lib\</path>
         <kind>archive</kind>
         <file>rtsv7R4_T_be_v3D16_eabi.lib</file>
         <name>fopen.c.obj</name>
      </input_file>
      <input_file id="fl-56">
         <path>C:\ti\ccs930\ccs\tools\compiler\ti-cgt-arm_18.12.4.LTS\lib\</path>
         <kind>archive</kind>
         <file>rtsv7R4_T_be_v3D16_eabi.lib</file>
         <name>fseek.c.obj</name>
      </input_file>
      <input_file id="fl-57">
         <path>C:\ti\ccs930\ccs\tools\compiler\ti-cgt-arm_18.12.4.LTS\lib\</path>
         <kind>archive</kind>
         <file>rtsv7R4_T_be_v3D16_eabi.lib</file>
         <name>hostclose.c.obj</name>
      </input_file>
      <input_file id="fl-58">
         <path>C:\ti\ccs930\ccs\tools\compiler\ti-cgt-arm_18.12.4.LTS\lib\</path>
         <kind>archive</kind>
         <file>rtsv7R4_T_be_v3D16_eabi.lib</file>
         <name>hostlseek.c.obj</name>
      </input_file>
      <input_file id="fl-59">
         <path>C:\ti\ccs930\ccs\tools\compiler\ti-cgt-arm_18.12.4.LTS\lib\</path>
         <kind>archive</kind>
         <file>rtsv7R4_T_be_v3D16_eabi.lib</file>
         <name>hostopen.c.obj</name>
      </input_file>
      <input_file id="fl-5a">
         <path>C:\ti\ccs930\ccs\tools\compiler\ti-cgt-arm_18.12.4.LTS\lib\</path>
         <kind>archive</kind>
         <file>rtsv7R4_T_be_v3D16_eabi.lib</file>
         <name>hostread.c.obj</name>
      </input_file>
      <input_file id="fl-5b">
         <path>C:\ti\ccs930\ccs\tools\compiler\ti-cgt-arm_18.12.4.LTS\lib\</path>
         <kind>archive</kind>
         <file>rtsv7R4_T_be_v3D16_eabi.lib</file>
         <name>hostrename.c.obj</name>
      </input_file>
      <input_file id="fl-5c">
         <path>C:\ti\ccs930\ccs\tools\compiler\ti-cgt-arm_18.12.4.LTS\lib\</path>
         <kind>archive</kind>
         <file>rtsv7R4_T_be_v3D16_eabi.lib</file>
         <name>hostunlink.c.obj</name>
      </input_file>
      <input_file id="fl-5d">
         <path>C:\ti\ccs930\ccs\tools\compiler\ti-cgt-arm_18.12.4.LTS\lib\</path>
         <kind>archive</kind>
         <file>rtsv7R4_T_be_v3D16_eabi.lib</file>
         <name>hostwrite.c.obj</name>
      </input_file>
      <input_file id="fl-5e">
         <path>C:\ti\ccs930\ccs\tools\compiler\ti-cgt-arm_18.12.4.LTS\lib\</path>
         <kind>archive</kind>
         <file>rtsv7R4_T_be_v3D16_eabi.lib</file>
         <name>trgmsg.c.obj</name>
      </input_file>
      <input_file id="fl-5f">
         <path>C:\ti\ccs930\ccs\tools\compiler\ti-cgt-arm_18.12.4.LTS\lib\</path>
         <kind>archive</kind>
         <file>rtsv7R4_T_be_v3D16_eabi.lib</file>
         <name>open.c.obj</name>
      </input_file>
      <input_file id="fl-60">
         <path>C:\ti\ccs930\ccs\tools\compiler\ti-cgt-arm_18.12.4.LTS\lib\</path>
         <kind>archive</kind>
         <file>rtsv7R4_T_be_v3D16_eabi.lib</file>
         <name>lseek.c.obj</name>
      </input_file>
      <input_file id="fl-61">
         <path>C:\ti\ccs930\ccs\tools\compiler\ti-cgt-arm_18.12.4.LTS\lib\</path>
         <kind>archive</kind>
         <file>rtsv7R4_T_be_v3D16_eabi.lib</file>
         <name>s_copysign.c.obj</name>
      </input_file>
      <input_file id="fl-62">
         <path>C:\ti\ccs930\ccs\tools\compiler\ti-cgt-arm_18.12.4.LTS\lib\</path>
         <kind>archive</kind>
         <file>rtsv7R4_T_be_v3D16_eabi.lib</file>
         <name>fclose.c.obj</name>
      </input_file>
      <input_file id="fl-63">
         <path>C:\ti\ccs930\ccs\tools\compiler\ti-cgt-arm_18.12.4.LTS\lib\</path>
         <kind>archive</kind>
         <file>rtsv7R4_T_be_v3D16_eabi.lib</file>
         <name>getdevice.c.obj</name>
      </input_file>
      <input_file id="fl-64">
         <path>C:\ti\ccs930\ccs\tools\compiler\ti-cgt-arm_18.12.4.LTS\lib\</path>
         <kind>archive</kind>
         <file>rtsv7R4_T_be_v3D16_eabi.lib</file>
         <name>remove.c.obj</name>
      </input_file>
      <input_file id="fl-65">
         <path>C:\ti\ccs930\ccs\tools\compiler\ti-cgt-arm_18.12.4.LTS\lib\</path>
         <kind>archive</kind>
         <file>rtsv7R4_T_be_v3D16_eabi.lib</file>
         <name>close.c.obj</name>
      </input_file>
      <input_file id="fl-66">
         <path>C:\ti\ccs930\ccs\tools\compiler\ti-cgt-arm_18.12.4.LTS\lib\</path>
         <kind>archive</kind>
         <file>rtsv7R4_T_be_v3D16_eabi.lib</file>
         <name>unlink.c.obj</name>
      </input_file>
   </input_file_list>
   <object_component_list>
      <object_component id="oc-2a">
         <name>.intvecs</name>
         <load_address>0x0</load_address>
         <run_address>0x0</run_address>
         <size>0x20</size>
         <input_file_ref idref="fl-1f"/>
      </object_component>
      <object_component id="oc-150">
         <name>.kernelTEXT</name>
         <load_address>0x20</load_address>
         <run_address>0x20</run_address>
         <size>0x2bdc</size>
         <input_file_ref idref="fl-18"/>
      </object_component>
      <object_component id="oc-2bd">
         <name>.kernelTEXT</name>
         <load_address>0x2bfc</load_address>
         <run_address>0x2bfc</run_address>
         <size>0x11dc</size>
         <input_file_ref idref="fl-17"/>
      </object_component>
      <object_component id="oc-2c3">
         <name>.kernelTEXT</name>
         <load_address>0x3dd8</load_address>
         <run_address>0x3dd8</run_address>
         <size>0x81c</size>
         <input_file_ref idref="fl-11"/>
      </object_component>
      <object_component id="oc-9f">
         <name>.kernelTEXT</name>
         <load_address>0x45f4</load_address>
         <run_address>0x45f4</run_address>
         <size>0x4b0</size>
         <input_file_ref idref="fl-16"/>
      </object_component>
      <object_component id="oc-2f0">
         <name>.kernelTEXT</name>
         <load_address>0x4aa4</load_address>
         <run_address>0x4aa4</run_address>
         <size>0x3e0</size>
         <input_file_ref idref="fl-15"/>
      </object_component>
      <object_component id="oc-2e4">
         <name>.kernelTEXT</name>
         <load_address>0x4e84</load_address>
         <run_address>0x4e84</run_address>
         <size>0x380</size>
         <input_file_ref idref="fl-12"/>
      </object_component>
      <object_component id="oc-6fc">
         <name>.cinit..data.load</name>
         <load_address>0x5a08</load_address>
         <run_address>0x5a08</run_address>
         <size>0x120</size>
      </object_component>
      <object_component id="oc-6f7">
         <name>__TI_handler_table</name>
         <load_address>0x5b28</load_address>
         <run_address>0x5b28</run_address>
         <size>0xc</size>
      </object_component>
      <object_component id="oc-6f9">
         <name>.cinit..kernelBSS.load</name>
         <load_address>0x5b34</load_address>
         <run_address>0x5b34</run_address>
         <size>0x9</size>
      </object_component>
      <object_component id="oc-6fb">
         <name>.cinit..bss.load</name>
         <load_address>0x5b40</load_address>
         <run_address>0x5b40</run_address>
         <size>0x8</size>
      </object_component>
      <object_component id="oc-6fa">
         <name>.cinit..kernelHEAP.load</name>
         <load_address>0x5b48</load_address>
         <run_address>0x5b48</run_address>
         <size>0x8</size>
      </object_component>
      <object_component id="oc-6f8">
         <name>__TI_cinit_table</name>
         <load_address>0x5b50</load_address>
         <run_address>0x5b50</run_address>
         <size>0x20</size>
      </object_component>
      <object_component id="oc-26b">
         <name>.text</name>
         <load_address>0x8020</load_address>
         <run_address>0x8020</run_address>
         <size>0x4d48</size>
         <input_file_ref idref="fl-7"/>
      </object_component>
      <object_component id="oc-7e">
         <name>.text</name>
         <load_address>0xcd68</load_address>
         <run_address>0xcd68</run_address>
         <size>0x2cdc</size>
         <input_file_ref idref="fl-26"/>
      </object_component>
      <object_component id="oc-13e">
         <name>.text</name>
         <load_address>0xfa44</load_address>
         <run_address>0xfa44</run_address>
         <size>0xe98</size>
         <input_file_ref idref="fl-6"/>
      </object_component>
      <object_component id="oc-258">
         <name>.text</name>
         <load_address>0x108dc</load_address>
         <run_address>0x108dc</run_address>
         <size>0xbdc</size>
         <input_file_ref idref="fl-1c"/>
      </object_component>
      <object_component id="oc-144">
         <name>.text</name>
         <load_address>0x114b8</load_address>
         <run_address>0x114b8</run_address>
         <size>0xbd0</size>
         <input_file_ref idref="fl-4"/>
      </object_component>
      <object_component id="oc-78">
         <name>.text</name>
         <load_address>0x12088</load_address>
         <run_address>0x12088</run_address>
         <size>0xb64</size>
         <input_file_ref idref="fl-29"/>
      </object_component>
      <object_component id="oc-39">
         <name>.text</name>
         <load_address>0x12bec</load_address>
         <run_address>0x12bec</run_address>
         <size>0xa58</size>
         <input_file_ref idref="fl-28"/>
      </object_component>
      <object_component id="oc-306">
         <name>.text:__TI_printfi</name>
         <load_address>0x13644</load_address>
         <run_address>0x13644</run_address>
         <size>0xa4a</size>
         <input_file_ref idref="fl-41"/>
      </object_component>
      <object_component id="oc-479">
         <name>.text:_nop</name>
         <load_address>0x1408e</load_address>
         <run_address>0x1408e</run_address>
         <size>0x2</size>
         <input_file_ref idref="fl-39"/>
      </object_component>
      <object_component id="oc-14a">
         <name>.text</name>
         <load_address>0x14090</load_address>
         <run_address>0x14090</run_address>
         <size>0x9a0</size>
         <input_file_ref idref="fl-14"/>
      </object_component>
      <object_component id="oc-138">
         <name>.text</name>
         <load_address>0x14a30</load_address>
         <run_address>0x14a30</run_address>
         <size>0x8f0</size>
         <input_file_ref idref="fl-e"/>
      </object_component>
      <object_component id="oc-e6">
         <name>.text</name>
         <load_address>0x15320</load_address>
         <run_address>0x15320</run_address>
         <size>0x8c0</size>
         <input_file_ref idref="fl-1a"/>
      </object_component>
      <object_component id="oc-132">
         <name>.text</name>
         <load_address>0x15be0</load_address>
         <run_address>0x15be0</run_address>
         <size>0x7b8</size>
         <input_file_ref idref="fl-1b"/>
      </object_component>
      <object_component id="oc-156">
         <name>.text</name>
         <load_address>0x16398</load_address>
         <run_address>0x16398</run_address>
         <size>0x728</size>
         <input_file_ref idref="fl-5"/>
      </object_component>
      <object_component id="oc-6c">
         <name>.text</name>
         <load_address>0x16ac0</load_address>
         <run_address>0x16ac0</run_address>
         <size>0x664</size>
         <input_file_ref idref="fl-b"/>
      </object_component>
      <object_component id="oc-84">
         <name>.text</name>
         <load_address>0x17124</load_address>
         <run_address>0x17124</run_address>
         <size>0x5bc</size>
         <input_file_ref idref="fl-c"/>
      </object_component>
      <object_component id="oc-12c">
         <name>.text</name>
         <load_address>0x176e0</load_address>
         <run_address>0x176e0</run_address>
         <size>0x484</size>
         <input_file_ref idref="fl-d"/>
      </object_component>
      <object_component id="oc-67">
         <name>.text</name>
         <load_address>0x17b64</load_address>
         <run_address>0x17b64</run_address>
         <size>0x34c</size>
         <input_file_ref idref="fl-1d"/>
      </object_component>
      <object_component id="oc-35">
         <name>.text:retain</name>
         <load_address>0x17eb0</load_address>
         <run_address>0x17eb0</run_address>
         <size>0x2cc</size>
         <input_file_ref idref="fl-28"/>
      </object_component>
      <object_component id="oc-51c">
         <name>.text</name>
         <load_address>0x1817c</load_address>
         <run_address>0x1817c</run_address>
         <size>0x2b8</size>
         <input_file_ref idref="fl-47"/>
      </object_component>
      <object_component id="oc-1b">
         <name>.text:retain</name>
         <load_address>0x18434</load_address>
         <run_address>0x18434</run_address>
         <size>0x290</size>
         <input_file_ref idref="fl-27"/>
      </object_component>
      <object_component id="oc-40b">
         <name>.text</name>
         <load_address>0x186c4</load_address>
         <run_address>0x186c4</run_address>
         <size>0x278</size>
         <input_file_ref idref="fl-12"/>
      </object_component>
      <object_component id="oc-44f">
         <name>.text:_pconv_a</name>
         <load_address>0x1893c</load_address>
         <run_address>0x1893c</run_address>
         <size>0x248</size>
         <input_file_ref idref="fl-41"/>
      </object_component>
      <object_component id="oc-2ea">
         <name>.text</name>
         <load_address>0x18b84</load_address>
         <run_address>0x18b84</run_address>
         <size>0x238</size>
         <input_file_ref idref="fl-13"/>
      </object_component>
      <object_component id="oc-41b">
         <name>.text</name>
         <load_address>0x18dbc</load_address>
         <run_address>0x18dbc</run_address>
         <size>0x1b4</size>
         <input_file_ref idref="fl-15"/>
      </object_component>
      <object_component id="oc-43d">
         <name>.text:_pconv_g</name>
         <load_address>0x18f70</load_address>
         <run_address>0x18f70</run_address>
         <size>0x1a0</size>
         <input_file_ref idref="fl-41"/>
      </object_component>
      <object_component id="oc-8b">
         <name>.text</name>
         <load_address>0x19110</load_address>
         <run_address>0x19110</run_address>
         <size>0x17c</size>
         <input_file_ref idref="fl-20"/>
      </object_component>
      <object_component id="oc-2b7">
         <name>.text</name>
         <load_address>0x1928c</load_address>
         <run_address>0x1928c</run_address>
         <size>0x164</size>
         <input_file_ref idref="fl-18"/>
      </object_component>
      <object_component id="oc-28f">
         <name>.text</name>
         <load_address>0x193f0</load_address>
         <run_address>0x193f0</run_address>
         <size>0x130</size>
         <input_file_ref idref="fl-3"/>
      </object_component>
      <object_component id="oc-39d">
         <name>.text:fputs</name>
         <load_address>0x19520</load_address>
         <run_address>0x19520</run_address>
         <size>0x118</size>
         <input_file_ref idref="fl-43"/>
      </object_component>
      <object_component id="oc-61f">
         <name>.text:aligned_alloc</name>
         <load_address>0x19638</load_address>
         <run_address>0x19638</run_address>
         <size>0x114</size>
         <input_file_ref idref="fl-4d"/>
      </object_component>
      <object_component id="oc-21">
         <name>.text:retain</name>
         <load_address>0x1974c</load_address>
         <run_address>0x1974c</run_address>
         <size>0x114</size>
         <input_file_ref idref="fl-c"/>
      </object_component>
      <object_component id="oc-93">
         <name>.text</name>
         <load_address>0x19860</load_address>
         <run_address>0x19860</run_address>
         <size>0x10c</size>
         <input_file_ref idref="fl-f"/>
      </object_component>
      <object_component id="oc-449">
         <name>.text:_pconv_e</name>
         <load_address>0x1996c</load_address>
         <run_address>0x1996c</run_address>
         <size>0x104</size>
         <input_file_ref idref="fl-41"/>
      </object_component>
      <object_component id="oc-162">
         <name>.text</name>
         <load_address>0x19a70</load_address>
         <run_address>0x19a70</run_address>
         <size>0x100</size>
         <input_file_ref idref="fl-8"/>
      </object_component>
      <object_component id="oc-535">
         <name>.text:fcvt</name>
         <load_address>0x19b70</load_address>
         <run_address>0x19b70</run_address>
         <size>0xfc</size>
         <input_file_ref idref="fl-41"/>
      </object_component>
      <object_component id="oc-549">
         <name>.text:scalbn</name>
         <load_address>0x19c6c</load_address>
         <run_address>0x19c6c</run_address>
         <size>0xf0</size>
         <input_file_ref idref="fl-54"/>
      </object_component>
      <object_component id="oc-a7">
         <name>.text</name>
         <load_address>0x19d5c</load_address>
         <run_address>0x19d5c</run_address>
         <size>0xe8</size>
         <input_file_ref idref="fl-a"/>
      </object_component>
      <object_component id="oc-5cf">
         <name>.text:free</name>
         <load_address>0x19e44</load_address>
         <run_address>0x19e44</run_address>
         <size>0xe4</size>
         <input_file_ref idref="fl-4d"/>
      </object_component>
      <object_component id="oc-235">
         <name>.text:floor</name>
         <load_address>0x19f28</load_address>
         <run_address>0x19f28</run_address>
         <size>0xe0</size>
         <input_file_ref idref="fl-2e"/>
      </object_component>
      <object_component id="oc-ee">
         <name>.text</name>
         <load_address>0x1a008</load_address>
         <run_address>0x1a008</run_address>
         <size>0xe0</size>
         <input_file_ref idref="fl-25"/>
      </object_component>
      <object_component id="oc-57e">
         <name>.text:setvbuf</name>
         <load_address>0x1a0e8</load_address>
         <run_address>0x1a0e8</run_address>
         <size>0xdc</size>
         <input_file_ref idref="fl-45"/>
      </object_component>
      <object_component id="oc-437">
         <name>.text:_ltostr</name>
         <load_address>0x1a1c4</load_address>
         <run_address>0x1a1c4</run_address>
         <size>0xad</size>
         <input_file_ref idref="fl-41"/>
      </object_component>
      <object_component id="oc-4f">
         <name>.text</name>
         <load_address>0x1a272</load_address>
         <run_address>0x1a272</run_address>
         <size>0x9c</size>
         <input_file_ref idref="fl-30"/>
      </object_component>
      <object_component id="oc-391">
         <name>.text</name>
         <load_address>0x1a30e</load_address>
         <run_address>0x1a30e</run_address>
         <size>0x2</size>
         <input_file_ref idref="fl-46"/>
      </object_component>
      <object_component id="oc-3a3">
         <name>.text:fflush</name>
         <load_address>0x1a310</load_address>
         <run_address>0x1a310</run_address>
         <size>0x80</size>
         <input_file_ref idref="fl-42"/>
      </object_component>
      <object_component id="oc-52e">
         <name>.text:_mcpy</name>
         <load_address>0x1a390</load_address>
         <run_address>0x1a390</run_address>
         <size>0x7a</size>
         <input_file_ref idref="fl-41"/>
      </object_component>
      <object_component id="oc-d8">
         <name>.text</name>
         <load_address>0x1a40a</load_address>
         <run_address>0x1a40a</run_address>
         <size>0x7a</size>
         <input_file_ref idref="fl-32"/>
      </object_component>
      <object_component id="oc-626">
         <name>.text:__TI_closefile</name>
         <load_address>0x1a484</load_address>
         <run_address>0x1a484</run_address>
         <size>0x74</size>
         <input_file_ref idref="fl-62"/>
      </object_component>
      <object_component id="oc-543">
         <name>.text:frexp</name>
         <load_address>0x1a4f8</load_address>
         <run_address>0x1a4f8</run_address>
         <size>0x74</size>
         <input_file_ref idref="fl-53"/>
      </object_component>
      <object_component id="oc-664">
         <name>.text:split</name>
         <load_address>0x1a56c</load_address>
         <run_address>0x1a56c</run_address>
         <size>0x70</size>
         <input_file_ref idref="fl-4d"/>
      </object_component>
      <object_component id="oc-653">
         <name>.text:HOSTrename</name>
         <load_address>0x1a5dc</load_address>
         <run_address>0x1a5dc</run_address>
         <size>0x6c</size>
         <input_file_ref idref="fl-5b"/>
      </object_component>
      <object_component id="oc-e">
         <name>.text:decompress:lzss:__TI_decompress_lzss</name>
         <load_address>0x1a648</load_address>
         <run_address>0x1a648</run_address>
         <size>0x6c</size>
         <input_file_ref idref="fl-37"/>
      </object_component>
      <object_component id="oc-647">
         <name>.text:HOSTlseek</name>
         <load_address>0x1a6b4</load_address>
         <run_address>0x1a6b4</run_address>
         <size>0x68</size>
         <input_file_ref idref="fl-58"/>
      </object_component>
      <object_component id="oc-4a7">
         <name>.text:__TI_wrt_ok</name>
         <load_address>0x1a71c</load_address>
         <run_address>0x1a71c</run_address>
         <size>0x64</size>
         <input_file_ref idref="fl-44"/>
      </object_component>
      <object_component id="oc-578">
         <name>.text:fseek</name>
         <load_address>0x1a780</load_address>
         <run_address>0x1a780</run_address>
         <size>0x64</size>
         <input_file_ref idref="fl-56"/>
      </object_component>
      <object_component id="oc-62f">
         <name>.text:HOSTopen</name>
         <load_address>0x1a7e4</load_address>
         <run_address>0x1a7e4</run_address>
         <size>0x5c</size>
         <input_file_ref idref="fl-59"/>
      </object_component>
      <object_component id="oc-63b">
         <name>.text:HOSTread</name>
         <load_address>0x1a840</load_address>
         <run_address>0x1a840</run_address>
         <size>0x5c</size>
         <input_file_ref idref="fl-5a"/>
      </object_component>
      <object_component id="oc-641">
         <name>.text:HOSTwrite</name>
         <load_address>0x1a89c</load_address>
         <run_address>0x1a89c</run_address>
         <size>0x58</size>
         <input_file_ref idref="fl-5d"/>
      </object_component>
      <object_component id="oc-66b">
         <name>.text:close</name>
         <load_address>0x1a8f4</load_address>
         <run_address>0x1a8f4</run_address>
         <size>0x58</size>
         <input_file_ref idref="fl-65"/>
      </object_component>
      <object_component id="oc-528">
         <name>.text:_ecpy</name>
         <load_address>0x1a94c</load_address>
         <run_address>0x1a94c</run_address>
         <size>0x54</size>
         <input_file_ref idref="fl-41"/>
      </object_component>
      <object_component id="oc-522">
         <name>.text:ltoa</name>
         <load_address>0x1a9a0</load_address>
         <run_address>0x1a9a0</run_address>
         <size>0x54</size>
         <input_file_ref idref="fl-4a"/>
      </object_component>
      <object_component id="oc-443">
         <name>.text:_pconv_f</name>
         <load_address>0x1a9f4</load_address>
         <run_address>0x1a9f4</run_address>
         <size>0x50</size>
         <input_file_ref idref="fl-41"/>
      </object_component>
      <object_component id="oc-431">
         <name>.text:atoi</name>
         <load_address>0x1aa44</load_address>
         <run_address>0x1aa44</run_address>
         <size>0x50</size>
         <input_file_ref idref="fl-48"/>
      </object_component>
      <object_component id="oc-240">
         <name>.text</name>
         <load_address>0x1aa94</load_address>
         <run_address>0x1aa94</run_address>
         <size>0x50</size>
         <input_file_ref idref="fl-31"/>
      </object_component>
      <object_component id="oc-4b3">
         <name>.text:__TI_doflush</name>
         <load_address>0x1aae4</load_address>
         <run_address>0x1aae4</run_address>
         <size>0x4c</size>
         <input_file_ref idref="fl-42"/>
      </object_component>
      <object_component id="oc-635">
         <name>.text:HOSTclose</name>
         <load_address>0x1ab30</load_address>
         <run_address>0x1ab30</run_address>
         <size>0x44</size>
         <input_file_ref idref="fl-57"/>
      </object_component>
      <object_component id="oc-64d">
         <name>.text:HOSTunlink</name>
         <load_address>0x1ab74</load_address>
         <run_address>0x1ab74</run_address>
         <size>0x44</size>
         <input_file_ref idref="fl-5c"/>
      </object_component>
      <object_component id="oc-fc">
         <name>.text:__TI_auto_init_nobinit_nopinit:__TI_auto_init_nobinit_nopinit</name>
         <load_address>0x1abb8</load_address>
         <run_address>0x1abb8</run_address>
         <size>0x44</size>
         <input_file_ref idref="fl-33"/>
      </object_component>
      <object_component id="oc-174">
         <name>.text:exit</name>
         <load_address>0x1abfc</load_address>
         <run_address>0x1abfc</run_address>
         <size>0x44</size>
         <input_file_ref idref="fl-38"/>
      </object_component>
      <object_component id="oc-69b">
         <name>.text:getdevice</name>
         <load_address>0x1ac40</load_address>
         <run_address>0x1ac40</run_address>
         <size>0x44</size>
         <input_file_ref idref="fl-63"/>
      </object_component>
      <object_component id="oc-53b">
         <name>.text:_fcpy</name>
         <load_address>0x1ac84</load_address>
         <run_address>0x1ac84</run_address>
         <size>0x40</size>
         <input_file_ref idref="fl-41"/>
      </object_component>
      <object_component id="oc-15c">
         <name>.text:sprintf</name>
         <load_address>0x1acc4</load_address>
         <run_address>0x1acc4</run_address>
         <size>0x40</size>
         <input_file_ref idref="fl-2f"/>
      </object_component>
      <object_component id="oc-67a">
         <name>.text:__TI_writemsg</name>
         <load_address>0x1ad04</load_address>
         <run_address>0x1ad04</run_address>
         <size>0x3c</size>
         <input_file_ref idref="fl-5e"/>
      </object_component>
      <object_component id="oc-27d">
         <name>.text:strncpy</name>
         <load_address>0x1ad40</load_address>
         <run_address>0x1ad40</run_address>
         <size>0x36</size>
         <input_file_ref idref="fl-40"/>
      </object_component>
      <object_component id="oc-5db">
         <name>.text:__TI_cleanup</name>
         <load_address>0x1ad78</load_address>
         <run_address>0x1ad78</run_address>
         <size>0x34</size>
         <input_file_ref idref="fl-55"/>
      </object_component>
      <object_component id="oc-680">
         <name>.text:__TI_readmsg</name>
         <load_address>0x1adac</load_address>
         <run_address>0x1adac</run_address>
         <size>0x34</size>
         <input_file_ref idref="fl-5e"/>
      </object_component>
      <object_component id="oc-6bb">
         <name>.text:finddevice</name>
         <load_address>0x1ade0</load_address>
         <run_address>0x1ade0</run_address>
         <size>0x34</size>
         <input_file_ref idref="fl-63"/>
      </object_component>
      <object_component id="oc-671">
         <name>.text:unlink</name>
         <load_address>0x1ae14</load_address>
         <run_address>0x1ae14</run_address>
         <size>0x2c</size>
         <input_file_ref idref="fl-66"/>
      </object_component>
      <object_component id="oc-618">
         <name>.text:free_list_insert</name>
         <load_address>0x1ae40</load_address>
         <run_address>0x1ae40</run_address>
         <size>0x28</size>
         <input_file_ref idref="fl-4d"/>
      </object_component>
      <object_component id="oc-5c7">
         <name>.text:lseek</name>
         <load_address>0x1ae68</load_address>
         <run_address>0x1ae68</run_address>
         <size>0x28</size>
         <input_file_ref idref="fl-60"/>
      </object_component>
      <object_component id="oc-4b9">
         <name>.text:write</name>
         <load_address>0x1ae90</load_address>
         <run_address>0x1ae90</run_address>
         <size>0x28</size>
         <input_file_ref idref="fl-4f"/>
      </object_component>
      <object_component id="oc-4ad">
         <name>.text:memchr</name>
         <load_address>0x1aeb8</load_address>
         <run_address>0x1aeb8</run_address>
         <size>0x20</size>
         <input_file_ref idref="fl-4c"/>
      </object_component>
      <object_component id="oc-5ab">
         <name>.text:copysign</name>
         <load_address>0x1aed8</load_address>
         <run_address>0x1aed8</run_address>
         <size>0x1e</size>
         <input_file_ref idref="fl-61"/>
      </object_component>
      <object_component id="oc-289">
         <name>.text:strcat</name>
         <load_address>0x1aef6</load_address>
         <run_address>0x1aef6</run_address>
         <size>0x1e</size>
         <input_file_ref idref="fl-3c"/>
      </object_component>
      <object_component id="oc-252">
         <name>.text:_abort_msg</name>
         <load_address>0x1af14</load_address>
         <run_address>0x1af14</run_address>
         <size>0x1c</size>
         <input_file_ref idref="fl-3a"/>
      </object_component>
      <object_component id="oc-612">
         <name>.text:free_list_remove</name>
         <load_address>0x1af30</load_address>
         <run_address>0x1af30</run_address>
         <size>0x1c</size>
         <input_file_ref idref="fl-4d"/>
      </object_component>
      <object_component id="oc-455">
         <name>.text:memccpy</name>
         <load_address>0x1af4c</load_address>
         <run_address>0x1af4c</run_address>
         <size>0x1c</size>
         <input_file_ref idref="fl-4b"/>
      </object_component>
      <object_component id="oc-30c">
         <name>.text:_outs</name>
         <load_address>0x1af68</load_address>
         <run_address>0x1af68</run_address>
         <size>0x1a</size>
         <input_file_ref idref="fl-2f"/>
      </object_component>
      <object_component id="oc-283">
         <name>.text:strcmp</name>
         <load_address>0x1af82</load_address>
         <run_address>0x1af82</run_address>
         <size>0x18</size>
         <input_file_ref idref="fl-3d"/>
      </object_component>
      <object_component id="oc-54f">
         <name>.text:strchr</name>
         <load_address>0x1af9a</load_address>
         <run_address>0x1af9a</run_address>
         <size>0x16</size>
         <input_file_ref idref="fl-4e"/>
      </object_component>
      <object_component id="oc-277">
         <name>.text:strlen</name>
         <load_address>0x1afb0</load_address>
         <run_address>0x1afb0</run_address>
         <size>0x16</size>
         <input_file_ref idref="fl-3f"/>
      </object_component>
      <object_component id="oc-271">
         <name>.text:strcpy</name>
         <load_address>0x1afc6</load_address>
         <run_address>0x1afc6</run_address>
         <size>0x14</size>
         <input_file_ref idref="fl-3e"/>
      </object_component>
      <object_component id="oc-45b">
         <name>.text:wcslen</name>
         <load_address>0x1afda</load_address>
         <run_address>0x1afda</run_address>
         <size>0x12</size>
         <input_file_ref idref="fl-52"/>
      </object_component>
      <object_component id="oc-14">
         <name>.text:decompress:none:__TI_decompress_none</name>
         <load_address>0x1afec</load_address>
         <run_address>0x1afec</run_address>
         <size>0xe</size>
         <input_file_ref idref="fl-36"/>
      </object_component>
      <object_component id="oc-61">
         <name>.text:decompress:ZI:__TI_zero_init</name>
         <load_address>0x1affa</load_address>
         <run_address>0x1affa</run_address>
         <size>0xc</size>
         <input_file_ref idref="fl-35"/>
      </object_component>
      <object_component id="oc-312">
         <name>.text:_outc</name>
         <load_address>0x1b006</load_address>
         <run_address>0x1b006</run_address>
         <size>0xa</size>
         <input_file_ref idref="fl-2f"/>
      </object_component>
      <object_component id="oc-461">
         <name>.text:__aeabi_errno_addr</name>
         <load_address>0x1b010</load_address>
         <run_address>0x1b010</run_address>
         <size>0x8</size>
         <input_file_ref idref="fl-51"/>
      </object_component>
      <object_component id="oc-5d5">
         <name>.text:malloc</name>
         <load_address>0x1b018</load_address>
         <run_address>0x1b018</run_address>
         <size>0x8</size>
         <input_file_ref idref="fl-4d"/>
      </object_component>
      <object_component id="oc-16e">
         <name>.text:abort:abort</name>
         <load_address>0x1b020</load_address>
         <run_address>0x1b020</run_address>
         <size>0x4</size>
         <input_file_ref idref="fl-38"/>
      </object_component>
      <object_component id="oc-2f">
         <name>.text:retain</name>
         <load_address>0x1b024</load_address>
         <run_address>0x1b024</run_address>
         <size>0x4</size>
         <input_file_ref idref="fl-23"/>
      </object_component>
      <object_component id="oc-72">
         <name>.text</name>
         <load_address>0x1b028</load_address>
         <run_address>0x1b028</run_address>
         <size>0x4</size>
         <input_file_ref idref="fl-27"/>
      </object_component>
      <object_component id="oc-245">
         <name>.const:het1PROGRAM</name>
         <load_address>0x1b02c</load_address>
         <run_address>0x1b02c</run_address>
         <size>0x3a0</size>
         <input_file_ref idref="fl-e"/>
      </object_component>
      <object_component id="oc-3da">
         <name>.const:.string</name>
         <load_address>0x1b3cc</load_address>
         <run_address>0x1b3cc</run_address>
         <size>0x230</size>
         <input_file_ref idref="fl-4"/>
      </object_component>
      <object_component id="oc-27">
         <name>.const:s_vim_init</name>
         <load_address>0x1b5fc</load_address>
         <run_address>0x1b5fc</run_address>
         <size>0x200</size>
         <input_file_ref idref="fl-28"/>
      </object_component>
      <object_component id="oc-517">
         <name>.const:.string:_ctypes_</name>
         <load_address>0x1b7fc</load_address>
         <run_address>0x1b7fc</run_address>
         <size>0x101</size>
         <input_file_ref idref="fl-49"/>
      </object_component>
      <object_component id="oc-248">
         <name>.const:s_het1pwmPolarity</name>
         <load_address>0x1b900</load_address>
         <run_address>0x1b900</run_address>
         <size>0x20</size>
         <input_file_ref idref="fl-e"/>
      </object_component>
      <object_component id="oc-42c">
         <name>.const:.string</name>
         <load_address>0x1b920</load_address>
         <run_address>0x1b920</run_address>
         <size>0x14</size>
         <input_file_ref idref="fl-5"/>
      </object_component>
      <object_component id="oc-2fc">
         <name>.const</name>
         <load_address>0x1b934</load_address>
         <run_address>0x1b934</run_address>
         <size>0x4</size>
         <input_file_ref idref="fl-5"/>
      </object_component>
      <object_component id="oc-186">
         <name>.kernelBSS:init</name>
         <load_address>0x80008d0</load_address>
         <run_address>0x80008d0</run_address>
         <size>0x34</size>
         <input_file_ref idref="fl-18"/>
      </object_component>
      <object_component id="oc-2f6">
         <name>.kernelBSS:uninit</name>
         <load_address>0x8000800</load_address>
         <run_address>0x8000800</run_address>
         <size>0xd0</size>
         <input_file_ref idref="fl-18"/>
      </object_component>
      <object_component id="oc-503">
         <name>.kernelHEAP</name>
         <uninitialized>true</uninitialized>
         <run_address>0x8001000</run_address>
         <size>0x2000</size>
         <input_file_ref idref="fl-12"/>
      </object_component>
      <object_component id="oc-3d5">
         <name>.bss:g_ppcArgv</name>
         <uninitialized>true</uninitialized>
         <run_address>0x8003a00</run_address>
         <size>0x24</size>
         <input_file_ref idref="fl-3"/>
      </object_component>
      <object_component id="oc-2a1">
         <name>.bss:g_pcTmpBuf</name>
         <uninitialized>true</uninitialized>
         <run_address>0x800391c</run_address>
         <size>0x50</size>
         <input_file_ref idref="fl-4"/>
      </object_component>
      <object_component id="oc-2ad">
         <name>.bss:g_pcCmdBuf</name>
         <uninitialized>true</uninitialized>
         <run_address>0x800396c</run_address>
         <size>0x40</size>
         <input_file_ref idref="fl-4"/>
      </object_component>
      <object_component id="oc-2aa">
         <name>.bss:g_sFatFs</name>
         <uninitialized>true</uninitialized>
         <run_address>0x8003000</run_address>
         <size>0x230</size>
         <input_file_ref idref="fl-4"/>
      </object_component>
      <object_component id="oc-298">
         <name>.bss:g_sDirObject</name>
         <uninitialized>true</uninitialized>
         <run_address>0x80039ac</run_address>
         <size>0x2c</size>
         <input_file_ref idref="fl-4"/>
      </object_component>
      <object_component id="oc-29e">
         <name>.bss:g_sFileInfo</name>
         <uninitialized>true</uninitialized>
         <run_address>0x8003a24</run_address>
         <size>0x18</size>
         <input_file_ref idref="fl-4"/>
      </object_component>
      <object_component id="oc-2a4">
         <name>.bss:g_sFileObject</name>
         <uninitialized>true</uninitialized>
         <run_address>0x8003230</run_address>
         <size>0x228</size>
         <input_file_ref idref="fl-4"/>
      </object_component>
      <object_component id="oc-261">
         <name>.bss</name>
         <uninitialized>true</uninitialized>
         <run_address>0x8003a54</run_address>
         <size>0x3</size>
         <input_file_ref idref="fl-6"/>
      </object_component>
      <object_component id="oc-3be">
         <name>.bss:FatFs</name>
         <uninitialized>true</uninitialized>
         <run_address>0x8003a4c</run_address>
         <size>0x4</size>
         <input_file_ref idref="fl-7"/>
      </object_component>
      <object_component id="oc-3c1">
         <name>.bss</name>
         <uninitialized>true</uninitialized>
         <run_address>0x8003a58</run_address>
         <size>0x2</size>
         <input_file_ref idref="fl-7"/>
      </object_component>
      <object_component id="oc-414">
         <name>.bss:xStart</name>
         <uninitialized>true</uninitialized>
         <run_address>0x8003a3c</run_address>
         <size>0x8</size>
         <input_file_ref idref="fl-12"/>
      </object_component>
      <object_component id="oc-23b">
         <name>.bss:g_sciTransfer_t</name>
         <uninitialized>true</uninitialized>
         <run_address>0x80039d8</run_address>
         <size>0x28</size>
         <input_file_ref idref="fl-1b"/>
      </object_component>
      <object_component id="oc-3ae">
         <name>.bss:g_spiPacket_t</name>
         <uninitialized>true</uninitialized>
         <run_address>0x8003840</run_address>
         <size>0x78</size>
         <input_file_ref idref="fl-1c"/>
      </object_component>
      <object_component id="oc-6a5">
         <name>.bss:_CIOBUF_</name>
         <uninitialized>true</uninitialized>
         <run_address>0x8003680</run_address>
         <size>0x120</size>
         <input_file_ref idref="fl-5e"/>
      </object_component>
      <object_component id="oc-31b">
         <name>.common:filew</name>
         <uninitialized>true</uninitialized>
         <run_address>0x8003458</run_address>
         <size>0x228</size>
      </object_component>
      <object_component id="oc-31a">
         <name>.common:iFResult</name>
         <uninitialized>true</uninitialized>
         <run_address>0x8003a57</run_address>
         <size>0x1</size>
      </object_component>
      <object_component id="oc-168">
         <name>.common:Data_acel</name>
         <uninitialized>true</uninitialized>
         <run_address>0x80038b8</run_address>
         <size>0x64</size>
      </object_component>
      <object_component id="oc-31c">
         <name>.common:res</name>
         <uninitialized>true</uninitialized>
         <run_address>0x8003a50</run_address>
         <size>0x4</size>
      </object_component>
      <object_component id="oc-677">
         <name>.common:__TI_tmpnams</name>
         <uninitialized>true</uninitialized>
         <run_address>0x80037a0</run_address>
         <size>0xa0</size>
      </object_component>
      <object_component id="oc-686">
         <name>.common:parmbuf</name>
         <uninitialized>true</uninitialized>
         <run_address>0x8003a44</run_address>
         <size>0x8</size>
      </object_component>
      <object_component id="oc-29b">
         <name>.data:g_pcCwdBuf</name>
         <load_address>0x8003d2c</load_address>
         <run_address>0x8003d2c</run_address>
         <size>0x50</size>
         <input_file_ref idref="fl-4"/>
      </object_component>
      <object_component id="oc-295">
         <name>.data:g_psFResultStrings</name>
         <load_address>0x8003b4c</load_address>
         <run_address>0x8003b4c</run_address>
         <size>0xa0</size>
         <input_file_ref idref="fl-4"/>
      </object_component>
      <object_component id="oc-2a7">
         <name>.data:g_psCmdTable</name>
         <load_address>0x8003c64</load_address>
         <run_address>0x8003c64</run_address>
         <size>0x78</size>
         <input_file_ref idref="fl-4"/>
      </object_component>
      <object_component id="oc-2fb">
         <name>.data</name>
         <load_address>0x8003db2</load_address>
         <run_address>0x8003db2</run_address>
         <size>0x1</size>
         <input_file_ref idref="fl-5"/>
      </object_component>
      <object_component id="oc-25e">
         <name>.data</name>
         <load_address>0x8003da8</load_address>
         <run_address>0x8003da8</run_address>
         <size>0xa</size>
         <input_file_ref idref="fl-6"/>
      </object_component>
      <object_component id="oc-411">
         <name>.data</name>
         <load_address>0x8003d7c</load_address>
         <run_address>0x8003d7c</run_address>
         <size>0x10</size>
         <input_file_ref idref="fl-12"/>
      </object_component>
      <object_component id="oc-189">
         <name>.data</name>
         <load_address>0x8003dc4</load_address>
         <run_address>0x8003dc4</run_address>
         <size>0x8</size>
         <input_file_ref idref="fl-15"/>
      </object_component>
      <object_component id="oc-337">
         <name>.data:$O1$$</name>
         <load_address>0x8003d9c</load_address>
         <run_address>0x8003d9c</run_address>
         <size>0xc</size>
         <input_file_ref idref="fl-38"/>
      </object_component>
      <object_component id="oc-33a">
         <name>.data:$O1$$</name>
         <load_address>0x8003db4</load_address>
         <run_address>0x8003db4</run_address>
         <size>0x8</size>
         <input_file_ref idref="fl-39"/>
      </object_component>
      <object_component id="oc-3a9">
         <name>.data:_ftable</name>
         <load_address>0x8003a5c</load_address>
         <run_address>0x8003a5c</run_address>
         <size>0xf0</size>
         <input_file_ref idref="fl-3b"/>
      </object_component>
      <object_component id="oc-4c1">
         <name>.data</name>
         <load_address>0x8003d8c</load_address>
         <run_address>0x8003d8c</run_address>
         <size>0x10</size>
         <input_file_ref idref="fl-3b"/>
      </object_component>
      <object_component id="oc-65f">
         <name>.data:$O1$$</name>
         <load_address>0x8003dbc</load_address>
         <run_address>0x8003dbc</run_address>
         <size>0x8</size>
         <input_file_ref idref="fl-4d"/>
      </object_component>
      <object_component id="oc-5ec">
         <name>.data:_device</name>
         <load_address>0x8003bec</load_address>
         <run_address>0x8003bec</run_address>
         <size>0x78</size>
         <input_file_ref idref="fl-50"/>
      </object_component>
      <object_component id="oc-589">
         <name>.data:_stream</name>
         <load_address>0x8003cdc</load_address>
         <run_address>0x8003cdc</run_address>
         <size>0x50</size>
         <input_file_ref idref="fl-50"/>
      </object_component>
      <object_component id="oc-55f">
         <name>.data</name>
         <load_address>0x8003dcc</load_address>
         <run_address>0x8003dcc</run_address>
         <size>0x4</size>
         <input_file_ref idref="fl-51"/>
      </object_component>
      <object_component id="oc-350">
         <name>.debug_info</name>
         <load_address>0x0</load_address>
         <run_address>0x0</run_address>
         <size>0x498</size>
         <input_file_ref idref="fl-2"/>
      </object_component>
      <object_component id="oc-18f">
         <name>.debug_info</name>
         <load_address>0x498</load_address>
         <run_address>0x498</run_address>
         <size>0x4e9</size>
         <input_file_ref idref="fl-2"/>
      </object_component>
      <object_component id="oc-266">
         <name>.debug_info</name>
         <load_address>0x981</load_address>
         <run_address>0x981</run_address>
         <size>0x70</size>
         <input_file_ref idref="fl-2"/>
      </object_component>
      <object_component id="oc-199">
         <name>.debug_info</name>
         <load_address>0x9f1</load_address>
         <run_address>0x9f1</run_address>
         <size>0x26b</size>
         <input_file_ref idref="fl-2"/>
      </object_component>
      <object_component id="oc-9a">
         <name>.debug_info</name>
         <load_address>0xc5c</load_address>
         <run_address>0xc5c</run_address>
         <size>0x157</size>
         <input_file_ref idref="fl-2"/>
      </object_component>
      <object_component id="oc-3f4">
         <name>.debug_info</name>
         <load_address>0xdb3</load_address>
         <run_address>0xdb3</run_address>
         <size>0x7f</size>
         <input_file_ref idref="fl-2"/>
      </object_component>
      <object_component id="oc-487">
         <name>.debug_info</name>
         <load_address>0xe32</load_address>
         <run_address>0xe32</run_address>
         <size>0x35</size>
         <input_file_ref idref="fl-2"/>
      </object_component>
      <object_component id="oc-b4">
         <name>.debug_info</name>
         <load_address>0xe67</load_address>
         <run_address>0xe67</run_address>
         <size>0x8b</size>
         <input_file_ref idref="fl-2"/>
      </object_component>
      <object_component id="oc-347">
         <name>.debug_info</name>
         <load_address>0xef2</load_address>
         <run_address>0xef2</run_address>
         <size>0x297</size>
         <input_file_ref idref="fl-2"/>
      </object_component>
      <object_component id="oc-2b2">
         <name>.debug_info</name>
         <load_address>0x1189</load_address>
         <run_address>0x1189</run_address>
         <size>0xef</size>
         <input_file_ref idref="fl-2"/>
      </object_component>
      <object_component id="oc-181">
         <name>.debug_info</name>
         <load_address>0x1278</load_address>
         <run_address>0x1278</run_address>
         <size>0xbb</size>
         <input_file_ref idref="fl-2"/>
      </object_component>
      <object_component id="oc-194">
         <name>.debug_info</name>
         <load_address>0x1333</load_address>
         <run_address>0x1333</run_address>
         <size>0x94</size>
         <input_file_ref idref="fl-2"/>
      </object_component>
      <object_component id="oc-b9">
         <name>.debug_info</name>
         <load_address>0x13c7</load_address>
         <run_address>0x13c7</run_address>
         <size>0x86</size>
         <input_file_ref idref="fl-2"/>
      </object_component>
      <object_component id="oc-301">
         <name>.debug_info</name>
         <load_address>0x144d</load_address>
         <run_address>0x144d</run_address>
         <size>0x2c</size>
         <input_file_ref idref="fl-2"/>
      </object_component>
      <object_component id="oc-1a8">
         <name>.debug_info</name>
         <load_address>0x1479</load_address>
         <run_address>0x1479</run_address>
         <size>0x1f9</size>
         <input_file_ref idref="fl-2"/>
      </object_component>
      <object_component id="oc-377">
         <name>.debug_info</name>
         <load_address>0x1672</load_address>
         <run_address>0x1672</run_address>
         <size>0x12a</size>
         <input_file_ref idref="fl-2"/>
      </object_component>
      <object_component id="oc-3d9">
         <name>.debug_info</name>
         <load_address>0x179c</load_address>
         <run_address>0x179c</run_address>
         <size>0x338</size>
         <input_file_ref idref="fl-3"/>
      </object_component>
      <object_component id="oc-3d6">
         <name>.debug_info</name>
         <load_address>0x1ad4</load_address>
         <run_address>0x1ad4</run_address>
         <size>0xd9</size>
         <input_file_ref idref="fl-3"/>
      </object_component>
      <object_component id="oc-291">
         <name>.debug_info</name>
         <load_address>0x1bad</load_address>
         <run_address>0x1bad</run_address>
         <size>0x1d7</size>
         <input_file_ref idref="fl-3"/>
      </object_component>
      <object_component id="oc-1d6">
         <name>.debug_info</name>
         <load_address>0x1d84</load_address>
         <run_address>0x1d84</run_address>
         <size>0x2c</size>
         <input_file_ref idref="fl-3"/>
      </object_component>
      <object_component id="oc-2b1">
         <name>.debug_info</name>
         <load_address>0x1db0</load_address>
         <run_address>0x1db0</run_address>
         <size>0x6be</size>
         <input_file_ref idref="fl-4"/>
      </object_component>
      <object_component id="oc-29c">
         <name>.debug_info</name>
         <load_address>0x246e</load_address>
         <run_address>0x246e</run_address>
         <size>0xdb</size>
         <input_file_ref idref="fl-4"/>
      </object_component>
      <object_component id="oc-2a2">
         <name>.debug_info</name>
         <load_address>0x2549</load_address>
         <run_address>0x2549</run_address>
         <size>0xdb</size>
         <input_file_ref idref="fl-4"/>
      </object_component>
      <object_component id="oc-2ae">
         <name>.debug_info</name>
         <load_address>0x2624</load_address>
         <run_address>0x2624</run_address>
         <size>0xdb</size>
         <input_file_ref idref="fl-4"/>
      </object_component>
      <object_component id="oc-2ab">
         <name>.debug_info</name>
         <load_address>0x26ff</load_address>
         <run_address>0x26ff</run_address>
         <size>0xd7</size>
         <input_file_ref idref="fl-4"/>
      </object_component>
      <object_component id="oc-299">
         <name>.debug_info</name>
         <load_address>0x27d6</load_address>
         <run_address>0x27d6</run_address>
         <size>0xdf</size>
         <input_file_ref idref="fl-4"/>
      </object_component>
      <object_component id="oc-29f">
         <name>.debug_info</name>
         <load_address>0x28b5</load_address>
         <run_address>0x28b5</run_address>
         <size>0xdd</size>
         <input_file_ref idref="fl-4"/>
      </object_component>
      <object_component id="oc-2a5">
         <name>.debug_info</name>
         <load_address>0x2992</load_address>
         <run_address>0x2992</run_address>
         <size>0xe1</size>
         <input_file_ref idref="fl-4"/>
      </object_component>
      <object_component id="oc-296">
         <name>.debug_info</name>
         <load_address>0x2a73</load_address>
         <run_address>0x2a73</run_address>
         <size>0xec</size>
         <input_file_ref idref="fl-4"/>
      </object_component>
      <object_component id="oc-2a8">
         <name>.debug_info</name>
         <load_address>0x2b5f</load_address>
         <run_address>0x2b5f</run_address>
         <size>0xe1</size>
         <input_file_ref idref="fl-4"/>
      </object_component>
      <object_component id="oc-145">
         <name>.debug_info</name>
         <load_address>0x2c40</load_address>
         <run_address>0x2c40</run_address>
         <size>0xe2e</size>
         <input_file_ref idref="fl-4"/>
      </object_component>
      <object_component id="oc-3ef">
         <name>.debug_info</name>
         <load_address>0x3a6e</load_address>
         <run_address>0x3a6e</run_address>
         <size>0x5e</size>
         <input_file_ref idref="fl-4"/>
      </object_component>
      <object_component id="oc-320">
         <name>.debug_info</name>
         <load_address>0x3acc</load_address>
         <run_address>0x3acc</run_address>
         <size>0x243</size>
         <input_file_ref idref="fl-4"/>
      </object_component>
      <object_component id="oc-38c">
         <name>.debug_info</name>
         <load_address>0x3d0f</load_address>
         <run_address>0x3d0f</run_address>
         <size>0x18e</size>
         <input_file_ref idref="fl-4"/>
      </object_component>
      <object_component id="oc-300">
         <name>.debug_info</name>
         <load_address>0x3e9d</load_address>
         <run_address>0x3e9d</run_address>
         <size>0x343</size>
         <input_file_ref idref="fl-5"/>
      </object_component>
      <object_component id="oc-2fd">
         <name>.debug_info</name>
         <load_address>0x41e0</load_address>
         <run_address>0x41e0</run_address>
         <size>0xd7</size>
         <input_file_ref idref="fl-5"/>
      </object_component>
      <object_component id="oc-157">
         <name>.debug_info</name>
         <load_address>0x42b7</load_address>
         <run_address>0x42b7</run_address>
         <size>0x677</size>
         <input_file_ref idref="fl-5"/>
      </object_component>
      <object_component id="oc-265">
         <name>.debug_info</name>
         <load_address>0x492e</load_address>
         <run_address>0x492e</run_address>
         <size>0x314</size>
         <input_file_ref idref="fl-6"/>
      </object_component>
      <object_component id="oc-25f">
         <name>.debug_info</name>
         <load_address>0x4c42</load_address>
         <run_address>0x4c42</run_address>
         <size>0x14b</size>
         <input_file_ref idref="fl-6"/>
      </object_component>
      <object_component id="oc-262">
         <name>.debug_info</name>
         <load_address>0x4d8d</load_address>
         <run_address>0x4d8d</run_address>
         <size>0x118</size>
         <input_file_ref idref="fl-6"/>
      </object_component>
      <object_component id="oc-140">
         <name>.debug_info</name>
         <load_address>0x4ea5</load_address>
         <run_address>0x4ea5</run_address>
         <size>0x15a0</size>
         <input_file_ref idref="fl-6"/>
      </object_component>
      <object_component id="oc-3b3">
         <name>.debug_info</name>
         <load_address>0x6445</load_address>
         <run_address>0x6445</run_address>
         <size>0x375</size>
         <input_file_ref idref="fl-6"/>
      </object_component>
      <object_component id="oc-325">
         <name>.debug_info</name>
         <load_address>0x67ba</load_address>
         <run_address>0x67ba</run_address>
         <size>0x26c</size>
         <input_file_ref idref="fl-6"/>
      </object_component>
      <object_component id="oc-3c5">
         <name>.debug_info</name>
         <load_address>0x6a26</load_address>
         <run_address>0x6a26</run_address>
         <size>0x47c</size>
         <input_file_ref idref="fl-7"/>
      </object_component>
      <object_component id="oc-3bf">
         <name>.debug_info</name>
         <load_address>0x6ea2</load_address>
         <run_address>0x6ea2</run_address>
         <size>0xd0</size>
         <input_file_ref idref="fl-7"/>
      </object_component>
      <object_component id="oc-3c2">
         <name>.debug_info</name>
         <load_address>0x6f72</load_address>
         <run_address>0x6f72</run_address>
         <size>0xce</size>
         <input_file_ref idref="fl-7"/>
      </object_component>
      <object_component id="oc-26c">
         <name>.debug_info</name>
         <load_address>0x7040</load_address>
         <run_address>0x7040</run_address>
         <size>0x3b57</size>
         <input_file_ref idref="fl-7"/>
      </object_component>
      <object_component id="oc-3c6">
         <name>.debug_info</name>
         <load_address>0xab97</load_address>
         <run_address>0xab97</run_address>
         <size>0x8c</size>
         <input_file_ref idref="fl-7"/>
      </object_component>
      <object_component id="oc-4a">
         <name>.debug_info</name>
         <load_address>0xac23</load_address>
         <run_address>0xac23</run_address>
         <size>0x84</size>
         <input_file_ref idref="fl-7"/>
      </object_component>
      <object_component id="oc-169">
         <name>.debug_info</name>
         <load_address>0xaca7</load_address>
         <run_address>0xaca7</run_address>
         <size>0x470</size>
         <input_file_ref idref="fl-8"/>
      </object_component>
      <object_component id="oc-165">
         <name>.debug_info</name>
         <load_address>0xb117</load_address>
         <run_address>0xb117</run_address>
         <size>0x216</size>
         <input_file_ref idref="fl-8"/>
      </object_component>
      <object_component id="oc-1fc">
         <name>.debug_info</name>
         <load_address>0xb32d</load_address>
         <run_address>0xb32d</run_address>
         <size>0x3d3</size>
         <input_file_ref idref="fl-8"/>
      </object_component>
      <object_component id="oc-24d">
         <name>.debug_info</name>
         <load_address>0xb700</load_address>
         <run_address>0xb700</run_address>
         <size>0x2e3</size>
         <input_file_ref idref="fl-8"/>
      </object_component>
      <object_component id="oc-1c2">
         <name>.debug_info</name>
         <load_address>0xb9e3</load_address>
         <run_address>0xb9e3</run_address>
         <size>0x33e</size>
         <input_file_ref idref="fl-9"/>
      </object_component>
      <object_component id="oc-1e3">
         <name>.debug_info</name>
         <load_address>0xbd21</load_address>
         <run_address>0xbd21</run_address>
         <size>0x791</size>
         <input_file_ref idref="fl-9"/>
      </object_component>
      <object_component id="oc-af">
         <name>.debug_info</name>
         <load_address>0xc4b2</load_address>
         <run_address>0xc4b2</run_address>
         <size>0x18c</size>
         <input_file_ref idref="fl-9"/>
      </object_component>
      <object_component id="oc-353">
         <name>.debug_info</name>
         <load_address>0xc63e</load_address>
         <run_address>0xc63e</run_address>
         <size>0x38f</size>
         <input_file_ref idref="fl-9"/>
      </object_component>
      <object_component id="oc-1b7">
         <name>.debug_info</name>
         <load_address>0xc9cd</load_address>
         <run_address>0xc9cd</run_address>
         <size>0x2d0</size>
         <input_file_ref idref="fl-9"/>
      </object_component>
      <object_component id="oc-aa">
         <name>.debug_info</name>
         <load_address>0xcc9d</load_address>
         <run_address>0xcc9d</run_address>
         <size>0xf6</size>
         <input_file_ref idref="fl-a"/>
      </object_component>
      <object_component id="oc-1de">
         <name>.debug_info</name>
         <load_address>0xcd93</load_address>
         <run_address>0xcd93</run_address>
         <size>0x2ed</size>
         <input_file_ref idref="fl-b"/>
      </object_component>
      <object_component id="oc-70">
         <name>.debug_info</name>
         <load_address>0xd080</load_address>
         <run_address>0xd080</run_address>
         <size>0x636</size>
         <input_file_ref idref="fl-b"/>
      </object_component>
      <object_component id="oc-e0">
         <name>.debug_info</name>
         <load_address>0xd6b6</load_address>
         <run_address>0xd6b6</run_address>
         <size>0x9e7</size>
         <input_file_ref idref="fl-b"/>
      </object_component>
      <object_component id="oc-fb">
         <name>.debug_info</name>
         <load_address>0xe09d</load_address>
         <run_address>0xe09d</run_address>
         <size>0x345</size>
         <input_file_ref idref="fl-c"/>
      </object_component>
      <object_component id="oc-85">
         <name>.debug_info</name>
         <load_address>0xe3e2</load_address>
         <run_address>0xe3e2</run_address>
         <size>0xb22</size>
         <input_file_ref idref="fl-c"/>
      </object_component>
      <object_component id="oc-22">
         <name>.debug_info</name>
         <load_address>0xef04</load_address>
         <run_address>0xef04</run_address>
         <size>0x182</size>
         <input_file_ref idref="fl-c"/>
      </object_component>
      <object_component id="oc-19e">
         <name>.debug_info</name>
         <load_address>0xf086</load_address>
         <run_address>0xf086</run_address>
         <size>0x1de</size>
         <input_file_ref idref="fl-c"/>
      </object_component>
      <object_component id="oc-f6">
         <name>.debug_info</name>
         <load_address>0xf264</load_address>
         <run_address>0xf264</run_address>
         <size>0x129</size>
         <input_file_ref idref="fl-c"/>
      </object_component>
      <object_component id="oc-234">
         <name>.debug_info</name>
         <load_address>0xf38d</load_address>
         <run_address>0xf38d</run_address>
         <size>0x2c8</size>
         <input_file_ref idref="fl-d"/>
      </object_component>
      <object_component id="oc-12f">
         <name>.debug_info</name>
         <load_address>0xf655</load_address>
         <run_address>0xf655</run_address>
         <size>0x6da</size>
         <input_file_ref idref="fl-d"/>
[...]
         <object_component_ref idref="oc-7e"/>
      </symbol>
      <symbol id="sm-fec">
         <name>checkB0RAMECC</name>
         <value>0xd680</value>
         <object_component_ref idref="oc-7e"/>
      </symbol>
      <symbol id="sm-fed">
         <name>stcGetConfigValue</name>
         <value>0xf304</value>
         <object_component_ref idref="oc-7e"/>
      </symbol>
      <symbol id="sm-fee">
         <name>pbistIsTestPassed</name>
         <value>0xd31c</value>
         <object_component_ref idref="oc-7e"/>
      </symbol>
      <symbol id="sm-fef">
         <name>checkClockMonitor</name>
         <value>0xe960</value>
         <object_component_ref idref="oc-7e"/>
      </symbol>
      <symbol id="sm-ff0">
         <name>fmcECCcheck</name>
         <value>0xd5e0</value>
         <object_component_ref idref="oc-7e"/>
      </symbol>
      <symbol id="sm-ff1">
         <name>fmcBus2Check</name>
         <value>0xd5a4</value>
         <object_component_ref idref="oc-7e"/>
      </symbol>
      <symbol id="sm-ff2">
         <name>checkRAMUERRTest</name>
         <value>0xeea4</value>
         <object_component_ref idref="oc-7e"/>
      </symbol>
      <symbol id="sm-ff3">
         <name>efcStuckZeroTest</name>
         <value>0xd430</value>
         <object_component_ref idref="oc-7e"/>
      </symbol>
      <symbol id="sm-ff4">
         <name>checkPLL2Slip</name>
         <value>0xecd4</value>
         <object_component_ref idref="oc-7e"/>
      </symbol>
      <symbol id="sm-1026">
         <name>_c_int00</name>
         <value>0x18434</value>
         <object_component_ref idref="oc-1b"/>
      </symbol>
      <symbol id="sm-1027">
         <name>handlePLLLockFail</name>
         <value>0x1b028</value>
         <object_component_ref idref="oc-72"/>
      </symbol>
      <symbol id="sm-10d7">
         <name>vimChannelMap</name>
         <value>0x12cc0</value>
         <object_component_ref idref="oc-39"/>
      </symbol>
      <symbol id="sm-10d8">
         <name>vimInit</name>
         <value>0x12bec</value>
         <object_component_ref idref="oc-39"/>
      </symbol>
      <symbol id="sm-10d9">
         <name>vimEnableInterrupt</name>
         <value>0x12d64</value>
         <object_component_ref idref="oc-39"/>
      </symbol>
      <symbol id="sm-10da">
         <name>vimDisableInterrupt</name>
         <value>0x12f2c</value>
         <object_component_ref idref="oc-39"/>
      </symbol>
      <symbol id="sm-10db">
         <name>vimGetConfigValue</name>
         <value>0x12fd8</value>
         <object_component_ref idref="oc-39"/>
      </symbol>
      <symbol id="sm-10dc">
         <name>vimParityErrorHandler</name>
         <value>0x17eb0</value>
         <object_component_ref idref="oc-35"/>
      </symbol>
      <symbol id="sm-1137">
         <name>systemGetConfigValue</name>
         <value>0x12414</value>
         <object_component_ref idref="oc-78"/>
      </symbol>
      <symbol id="sm-1138">
         <name>trimLPO</name>
         <value>0x120e8</value>
         <object_component_ref idref="oc-78"/>
      </symbol>
      <symbol id="sm-1139">
         <name>systemInit</name>
         <value>0x12318</value>
         <object_component_ref idref="oc-78"/>
      </symbol>
      <symbol id="sm-113a">
         <name>customTrimLPO</name>
         <value>0x12b10</value>
         <object_component_ref idref="oc-78"/>
      </symbol>
      <symbol id="sm-113b">
         <name>tcmflashGetConfigValue</name>
         <value>0x12828</value>
         <object_component_ref idref="oc-78"/>
      </symbol>
      <symbol id="sm-113c">
         <name>sramGetConfigValue</name>
         <value>0x129d4</value>
         <object_component_ref idref="oc-78"/>
      </symbol>
      <symbol id="sm-113d">
         <name>periphInit</name>
         <value>0x1219c</value>
         <object_component_ref idref="oc-78"/>
      </symbol>
      <symbol id="sm-113e">
         <name>setupFlash</name>
         <value>0x1215c</value>
         <object_component_ref idref="oc-78"/>
      </symbol>
      <symbol id="sm-113f">
         <name>setupPLL</name>
         <value>0x12088</value>
         <object_component_ref idref="oc-78"/>
      </symbol>
      <symbol id="sm-1140">
         <name>mapClocks</name>
         <value>0x121f0</value>
         <object_component_ref idref="oc-78"/>
      </symbol>
      <symbol id="sm-1141">
         <name>systemPowerDown</name>
         <value>0x123e4</value>
         <object_component_ref idref="oc-78"/>
      </symbol>
      <symbol id="sm-1167">
         <name>floorl</name>
         <value>0x19f29</value>
         <object_component_ref idref="oc-235"/>
      </symbol>
      <symbol id="sm-1168">
         <name>floor</name>
         <value>0x19f29</value>
         <object_component_ref idref="oc-235"/>
      </symbol>
      <symbol id="sm-118f">
         <name>sprintf</name>
         <value>0x1acc5</value>
         <object_component_ref idref="oc-15c"/>
      </symbol>
      <symbol id="sm-11aa">
         <name>memcpy</name>
         <value>0x1a273</value>
         <object_component_ref idref="oc-4f"/>
      </symbol>
      <symbol id="sm-11ab">
         <name>__aeabi_memcpy</name>
         <value>0x1a273</value>
         <object_component_ref idref="oc-4f"/>
      </symbol>
      <symbol id="sm-11ac">
         <name>__aeabi_memcpy8</name>
         <value>0x1a273</value>
         <object_component_ref idref="oc-4f"/>
      </symbol>
      <symbol id="sm-11ad">
         <name>__aeabi_memcpy4</name>
         <value>0x1a273</value>
         <object_component_ref idref="oc-4f"/>
      </symbol>
      <symbol id="sm-11b9">
         <name>__aeabi_uidivmod</name>
         <value>0x1aa94</value>
         <object_component_ref idref="oc-240"/>
      </symbol>
      <symbol id="sm-11ba">
         <name>__aeabi_uidiv</name>
         <value>0x1aa94</value>
         <object_component_ref idref="oc-240"/>
      </symbol>
      <symbol id="sm-11c9">
         <name>__aeabi_memset</name>
         <value>0x1a40d</value>
         <object_component_ref idref="oc-d8"/>
      </symbol>
      <symbol id="sm-11ca">
         <name>memset</name>
         <value>0x1a413</value>
         <object_component_ref idref="oc-d8"/>
      </symbol>
      <symbol id="sm-11cb">
         <name>__aeabi_memset8</name>
         <value>0x1a40d</value>
         <object_component_ref idref="oc-d8"/>
      </symbol>
      <symbol id="sm-11cc">
         <name>__aeabi_memset4</name>
         <value>0x1a40d</value>
         <object_component_ref idref="oc-d8"/>
      </symbol>
      <symbol id="sm-11cd">
         <name>__aeabi_memclr8</name>
         <value>0x1a40b</value>
         <object_component_ref idref="oc-d8"/>
      </symbol>
      <symbol id="sm-11ce">
         <name>__aeabi_memclr4</name>
         <value>0x1a40b</value>
         <object_component_ref idref="oc-d8"/>
      </symbol>
      <symbol id="sm-11cf">
         <name>__aeabi_memclr</name>
         <value>0x1a40b</value>
         <object_component_ref idref="oc-d8"/>
      </symbol>
      <symbol id="sm-11f7">
         <name>__TI_auto_init_nobinit_nopinit</name>
         <value>0x1abb9</value>
         <object_component_ref idref="oc-fc"/>
      </symbol>
      <symbol id="sm-120a">
         <name>__TI_zero_init</name>
         <value>0x1affb</value>
         <object_component_ref idref="oc-61"/>
      </symbol>
      <symbol id="sm-1221">
         <name>__TI_decompress_none</name>
         <value>0x1afed</value>
         <object_component_ref idref="oc-14"/>
      </symbol>
      <symbol id="sm-1244">
         <name>__TI_decompress_lzss</name>
         <value>0x1a649</value>
         <object_component_ref idref="oc-e"/>
      </symbol>
      <symbol id="sm-126a">
         <name>C$$EXIT</name>
         <value>0x1b021</value>
         <object_component_ref idref="oc-16e"/>
      </symbol>
      <symbol id="sm-126b">
         <name>abort</name>
         <value>0x1b021</value>
         <object_component_ref idref="oc-16e"/>
      </symbol>
      <symbol id="sm-126c">
         <name>__TI_dtors_ptr</name>
         <value>0x8003da0</value>
         <object_component_ref idref="oc-337"/>
      </symbol>
      <symbol id="sm-126d">
         <name>__TI_cleanup_ptr</name>
         <value>0x8003d9c</value>
         <object_component_ref idref="oc-337"/>
      </symbol>
      <symbol id="sm-126e">
         <name>__TI_enable_exit_profile_output</name>
         <value>0x8003da4</value>
         <object_component_ref idref="oc-337"/>
      </symbol>
      <symbol id="sm-126f">
         <name>exit</name>
         <value>0x1abfd</value>
         <object_component_ref idref="oc-174"/>
      </symbol>
      <symbol id="sm-1284">
         <name>_nop</name>
         <value>0x1408f</value>
         <object_component_ref idref="oc-479"/>
      </symbol>
      <symbol id="sm-1285">
         <name>_lock</name>
         <value>0x8003db4</value>
         <object_component_ref idref="oc-33a"/>
      </symbol>
      <symbol id="sm-1286">
         <name>_unlock</name>
         <value>0x8003db8</value>
         <object_component_ref idref="oc-33a"/>
      </symbol>
      <symbol id="sm-129a">
         <name>_abort_msg</name>
         <value>0x1af15</value>
         <object_component_ref idref="oc-252"/>
      </symbol>
      <symbol id="sm-12af">
         <name>__TI_tmpnams</name>
         <value>0x80037a0</value>
      </symbol>
      <symbol id="sm-12b0">
         <name>__aeabi_stdout</name>
         <value>0x8003d94</value>
         <object_component_ref idref="oc-4c1"/>
      </symbol>
      <symbol id="sm-12b1">
         <name>__aeabi_stderr</name>
         <value>0x8003d98</value>
         <object_component_ref idref="oc-4c1"/>
      </symbol>
      <symbol id="sm-12b2">
         <name>__aeabi_stdin</name>
         <value>0x8003d90</value>
         <object_component_ref idref="oc-4c1"/>
      </symbol>
      <symbol id="sm-12b3">
         <name>_ftable</name>
         <value>0x8003a5c</value>
         <object_component_ref idref="oc-3a9"/>
      </symbol>
      <symbol id="sm-12b4">
         <name>__TI_ft_end</name>
         <value>0x8003d8c</value>
         <object_component_ref idref="oc-4c1"/>
      </symbol>
      <symbol id="sm-12c4">
         <name>strcat</name>
         <value>0x1aef7</value>
         <object_component_ref idref="oc-289"/>
      </symbol>
      <symbol id="sm-12d3">
         <name>strcmp</name>
         <value>0x1af83</value>
         <object_component_ref idref="oc-283"/>
      </symbol>
      <symbol id="sm-12e1">
         <name>strcpy</name>
         <value>0x1afc7</value>
         <object_component_ref idref="oc-271"/>
      </symbol>
      <symbol id="sm-12ef">
         <name>strlen</name>
         <value>0x1afb1</value>
         <object_component_ref idref="oc-277"/>
      </symbol>
      <symbol id="sm-12ff">
         <name>strncpy</name>
         <value>0x1ad41</value>
         <object_component_ref idref="oc-27d"/>
      </symbol>
      <symbol id="sm-1456">
         <name>__TI_printfi</name>
         <value>0x13645</value>
         <object_component_ref idref="oc-306"/>
      </symbol>
      <symbol id="sm-1478">
         <name>__TI_doflush</name>
         <value>0x1aae5</value>
         <object_component_ref idref="oc-4b3"/>
      </symbol>
      <symbol id="sm-1479">
         <name>fflush</name>
         <value>0x1a311</value>
         <object_component_ref idref="oc-3a3"/>
      </symbol>
      <symbol id="sm-1497">
         <name>fputs</name>
         <value>0x19521</value>
         <object_component_ref idref="oc-39d"/>
      </symbol>
      <symbol id="sm-14af">
         <name>__TI_wrt_ok</name>
         <value>0x1a71d</value>
         <object_component_ref idref="oc-4a7"/>
      </symbol>
      <symbol id="sm-14cb">
         <name>setvbuf</name>
         <value>0x1a0e9</value>
         <object_component_ref idref="oc-57e"/>
      </symbol>
      <symbol id="sm-14d5">
         <name>__aeabi_idiv0</name>
         <value>0x1a30f</value>
         <object_component_ref idref="oc-391"/>
      </symbol>
      <symbol id="sm-14d6">
         <name>__aeabi_ldiv0</name>
         <value>0x1a30f</value>
         <object_component_ref idref="oc-391"/>
      </symbol>
      <symbol id="sm-14f2">
         <name>__aeabi_uldivmod</name>
         <value>0x1817c</value>
         <object_component_ref idref="oc-51c"/>
      </symbol>
      <symbol id="sm-1507">
         <name>atoi</name>
         <value>0x1aa45</value>
         <object_component_ref idref="oc-431"/>
      </symbol>
      <symbol id="sm-1512">
         <name>_ctypes_</name>
         <value>0x1b7fc</value>
         <object_component_ref idref="oc-517"/>
      </symbol>
      <symbol id="sm-1521">
         <name>ltoa</name>
         <value>0x1a9a1</value>
         <object_component_ref idref="oc-522"/>
      </symbol>
      <symbol id="sm-1531">
         <name>memccpy</name>
         <value>0x1af4d</value>
         <object_component_ref idref="oc-455"/>
      </symbol>
      <symbol id="sm-1541">
         <name>memchr</name>
         <value>0x1aeb9</value>
         <object_component_ref idref="oc-4ad"/>
      </symbol>
      <symbol id="sm-15c9">
         <name>_sys_memory</name>
         <value>0x5208</value>
         <object_component_ref idref="oc-41"/>
      </symbol>
      <symbol id="sm-15ca">
         <name>free</name>
         <value>0x19e45</value>
         <object_component_ref idref="oc-5cf"/>
      </symbol>
      <symbol id="sm-15cb">
         <name>memalign</name>
         <value>0x19639</value>
         <object_component_ref idref="oc-61f"/>
      </symbol>
      <symbol id="sm-15cc">
         <name>malloc</name>
         <value>0x1b019</value>
         <object_component_ref idref="oc-5d5"/>
      </symbol>
      <symbol id="sm-15cd">
         <name>aligned_alloc</name>
         <value>0x19639</value>
         <object_component_ref idref="oc-61f"/>
      </symbol>
      <symbol id="sm-15dd">
         <name>strchr</name>
         <value>0x1af9b</value>
         <object_component_ref idref="oc-54f"/>
      </symbol>
      <symbol id="sm-15f7">
         <name>write</name>
         <value>0x1ae91</value>
         <object_component_ref idref="oc-4b9"/>
      </symbol>
      <symbol id="sm-1608">
         <name>_stream</name>
         <value>0x8003cdc</value>
         <object_component_ref idref="oc-589"/>
      </symbol>
      <symbol id="sm-1609">
         <name>_device</name>
         <value>0x8003bec</value>
         <object_component_ref idref="oc-5ec"/>
      </symbol>
      <symbol id="sm-161f">
         <name>__aeabi_errno_addr</name>
         <value>0x1b011</value>
         <object_component_ref idref="oc-461"/>
      </symbol>
      <symbol id="sm-1620">
         <name>errno</name>
         <value>0x8003dcc</value>
         <object_component_ref idref="oc-55f"/>
      </symbol>
      <symbol id="sm-1639">
         <name>wcslen</name>
         <value>0x1afdb</value>
         <object_component_ref idref="oc-45b"/>
      </symbol>
      <symbol id="sm-1657">
         <name>frexpl</name>
         <value>0x1a4f9</value>
         <object_component_ref idref="oc-543"/>
      </symbol>
      <symbol id="sm-1658">
         <name>frexp</name>
         <value>0x1a4f9</value>
         <object_component_ref idref="oc-543"/>
      </symbol>
      <symbol id="sm-1675">
         <name>scalbn</name>
         <value>0x19c6d</value>
         <object_component_ref idref="oc-549"/>
      </symbol>
      <symbol id="sm-1676">
         <name>scalbnl</name>
         <value>0x19c6d</value>
         <object_component_ref idref="oc-549"/>
      </symbol>
      <symbol id="sm-1677">
         <name>ldexpl</name>
         <value>0x19c6d</value>
         <object_component_ref idref="oc-549"/>
      </symbol>
      <symbol id="sm-1678">
         <name>ldexp</name>
         <value>0x19c6d</value>
         <object_component_ref idref="oc-549"/>
      </symbol>
      <symbol id="sm-1688">
         <name>__TI_cleanup</name>
         <value>0x1ad79</value>
         <object_component_ref idref="oc-5db"/>
      </symbol>
      <symbol id="sm-169a">
         <name>fseek</name>
         <value>0x1a781</value>
         <object_component_ref idref="oc-578"/>
      </symbol>
      <symbol id="sm-16ab">
         <name>HOSTclose</name>
         <value>0x1ab31</value>
         <object_component_ref idref="oc-635"/>
      </symbol>
      <symbol id="sm-16bc">
         <name>HOSTlseek</name>
         <value>0x1a6b5</value>
         <object_component_ref idref="oc-647"/>
      </symbol>
      <symbol id="sm-16ce">
         <name>parmbuf</name>
         <value>0x8003a44</value>
      </symbol>
      <symbol id="sm-16cf">
         <name>HOSTopen</name>
         <value>0x1a7e5</value>
         <object_component_ref idref="oc-62f"/>
      </symbol>
      <symbol id="sm-16e0">
         <name>HOSTread</name>
         <value>0x1a841</value>
         <object_component_ref idref="oc-63b"/>
      </symbol>
      <symbol id="sm-16f1">
         <name>HOSTrename</name>
         <value>0x1a5dd</value>
         <object_component_ref idref="oc-653"/>
      </symbol>
      <symbol id="sm-1702">
         <name>HOSTunlink</name>
         <value>0x1ab75</value>
         <object_component_ref idref="oc-64d"/>
      </symbol>
      <symbol id="sm-1713">
         <name>HOSTwrite</name>
         <value>0x1a89d</value>
         <object_component_ref idref="oc-641"/>
      </symbol>
      <symbol id="sm-1737">
         <name>__TI_readmsg</name>
         <value>0x1adad</value>
         <object_component_ref idref="oc-680"/>
      </symbol>
      <symbol id="sm-1738">
         <name>C$$IO$$</name>
         <value>0x1ad37</value>
         <object_component_ref idref="oc-67a"/>
      </symbol>
      <symbol id="sm-1739">
         <name>__CIOBUF_</name>
         <value>0x8003680</value>
         <object_component_ref idref="oc-6a5"/>
      </symbol>
      <symbol id="sm-173a">
         <name>__TI_writemsg</name>
         <value>0x1ad05</value>
         <object_component_ref idref="oc-67a"/>
      </symbol>
      <symbol id="sm-174b">
         <name>lseek</name>
         <value>0x1ae69</value>
         <object_component_ref idref="oc-5c7"/>
      </symbol>
      <symbol id="sm-1755">
         <name>copysign</name>
         <value>0x1aed9</value>
         <object_component_ref idref="oc-5ab"/>
      </symbol>
      <symbol id="sm-1756">
         <name>copysignl</name>
         <value>0x1aed9</value>
         <object_component_ref idref="oc-5ab"/>
      </symbol>
      <symbol id="sm-176b">
         <name>__TI_closefile</name>
         <value>0x1a485</value>
         <object_component_ref idref="oc-626"/>
      </symbol>
      <symbol id="sm-178e">
         <name>finddevice</name>
         <value>0x1ade1</value>
         <object_component_ref idref="oc-6bb"/>
      </symbol>
      <symbol id="sm-178f">
         <name>getdevice</name>
         <value>0x1ac41</value>
         <object_component_ref idref="oc-69b"/>
      </symbol>
      <symbol id="sm-17a4">
         <name>close</name>
         <value>0x1a8f5</value>
         <object_component_ref idref="oc-66b"/>
      </symbol>
      <symbol id="sm-17b4">
         <name>unlink</name>
         <value>0x1ae15</value>
         <object_component_ref idref="oc-671"/>
      </symbol>
      <symbol id="sm-17b5">
         <name>__TI_static_base__</name>
         <value>0x0</value>
      </symbol>
      <symbol id="sm-17b9">
         <name>SHT$$INIT_ARRAY$$Base</name>
         <value>0x0</value>
      </symbol>
      <symbol id="sm-17ba">
         <name>SHT$$INIT_ARRAY$$Limit</name>
         <value>0x0</value>
      </symbol>
      <symbol id="sm-17bb">
         <name>_system_post_cinit</name>
         <value>0x0</value>
      </symbol>
      <symbol id="sm-17bc">
         <name>remove</name>
         <value>0x1ae15</value>
      </symbol>
   </symbol_table>
   <title>Link successful</title>
</link_info>
