<?xml version="1.0" encoding="ISO-8859-1" ?>
<link_info>
   <banner>TI ARM Linker PC v18.12.4.LTS</banner>
   <copyright>Copyright (c) 1996-2018 Texas Instruments Incorporated</copyright>
   <link_time>0x608da48a</link_time>
   <link_errors>0x0</link_errors>
   <output_file>CC_2021_12x.out</output_file>
   <entry_point>
      <name>_c_int00</name>
      <address>0x1d84c</address>
   </entry_point>
   <input_file_list>
      <input_file id="fl-2">
         <path>.\SDCard\</path>
         <kind>object</kind>
         <file>Load_bmp.obj</file>
         <name>Load_bmp.obj</name>
      </input_file>
      <input_file id="fl-3">
         <path>.\SDCard\</path>
         <kind>object</kind>
         <file>cmdline.obj</file>
         <name>cmdline.obj</name>
      </input_file>
      <input_file id="fl-4">
         <path>.\SDCard\</path>
         <kind>object</kind>
         <file>sd_card.obj</file>
         <name>sd_card.obj</name>
      </input_file>
      <input_file id="fl-5">
         <path>.\SDCard\</path>
         <kind>object</kind>
         <file>uartstdio.obj</file>
         <name>uartstdio.obj</name>
      </input_file>
      <input_file id="fl-6">
         <path>.\fatfs\port\</path>
         <kind>object</kind>
         <file>mmc-hercules.obj</file>
         <name>mmc-hercules.obj</name>
      </input_file>
      <input_file id="fl-7">
         <path>.\fatfs\src\</path>
         <kind>object</kind>
         <file>ff.obj</file>
         <name>ff.obj</name>
      </input_file>
      <input_file id="fl-8">
         <path>.\source\KaanSat_Lib\</path>
         <kind>object</kind>
         <file>BMP280.obj</file>
         <name>BMP280.obj</name>
      </input_file>
      <input_file id="fl-9">
         <path>.\source\KaanSat_Lib\</path>
         <kind>object</kind>
         <file>Commands.obj</file>
         <name>Commands.obj</name>
      </input_file>
      <input_file id="fl-a">
         <path>.\source\KaanSat_Lib\</path>
         <kind>object</kind>
         <file>PWM.obj</file>
         <name>PWM.obj</name>
      </input_file>
      <input_file id="fl-b">
         <path>.\source\KaanSat_Lib\</path>
         <kind>object</kind>
         <file>Utilities.obj</file>
         <name>Utilities.obj</name>
      </input_file>
      <input_file id="fl-c">
         <path>.\source\KaanSat_Lib\</path>
         <kind>object</kind>
         <file>microSD.obj</file>
         <name>microSD.obj</name>
      </input_file>
      <input_file id="fl-d">
         <path>.\source\</path>
         <kind>object</kind>
         <file>adc.obj</file>
         <name>adc.obj</name>
      </input_file>
      <input_file id="fl-e">
         <path>.\source\</path>
         <kind>object</kind>
         <file>dabort.obj</file>
         <name>dabort.obj</name>
      </input_file>
      <input_file id="fl-f">
         <path>.\source\</path>
         <kind>object</kind>
         <file>errata_SSWF021_45.obj</file>
         <name>errata_SSWF021_45.obj</name>
      </input_file>
      <input_file id="fl-10">
         <path>.\source\</path>
         <kind>object</kind>
         <file>esm.obj</file>
         <name>esm.obj</name>
      </input_file>
      <input_file id="fl-11">
         <path>.\source\</path>
         <kind>object</kind>
         <file>gio.obj</file>
         <name>gio.obj</name>
      </input_file>
      <input_file id="fl-12">
         <path>.\source\</path>
         <kind>object</kind>
         <file>het.obj</file>
         <name>het.obj</name>
      </input_file>
      <input_file id="fl-13">
         <path>.\source\</path>
         <kind>object</kind>
         <file>notification.obj</file>
         <name>notification.obj</name>
      </input_file>
      <input_file id="fl-14">
         <path>.\source\</path>
         <kind>object</kind>
         <file>os_croutine.obj</file>
         <name>os_croutine.obj</name>
      </input_file>
      <input_file id="fl-15">
         <path>.\source\</path>
         <kind>object</kind>
         <file>os_event_groups.obj</file>
         <name>os_event_groups.obj</name>
      </input_file>
      <input_file id="fl-16">
         <path>.\source\</path>
         <kind>object</kind>
         <file>os_heap.obj</file>
         <name>os_heap.obj</name>
      </input_file>
      <input_file id="fl-17">
         <path>.\source\</path>
         <kind>object</kind>
         <file>os_list.obj</file>
         <name>os_list.obj</name>
      </input_file>
      <input_file id="fl-18">
         <path>.\source\</path>
         <kind>object</kind>
         <file>os_mpu_wrappers.obj</file>
         <name>os_mpu_wrappers.obj</name>
      </input_file>
      <input_file id="fl-19">
         <path>.\source\</path>
         <kind>object</kind>
         <file>os_port.obj</file>
         <name>os_port.obj</name>
      </input_file>
      <input_file id="fl-1a">
         <path>.\source\</path>
         <kind>object</kind>
         <file>os_portasm.obj</file>
         <name>os_portasm.obj</name>
      </input_file>
      <input_file id="fl-1b">
         <path>.\source\</path>
         <kind>object</kind>
         <file>os_queue.obj</file>
         <name>os_queue.obj</name>
      </input_file>
      <input_file id="fl-1c">
         <path>.\source\</path>
         <kind>object</kind>
         <file>os_tasks.obj</file>
         <name>os_tasks.obj</name>
      </input_file>
      <input_file id="fl-1d">
         <path>.\source\</path>
         <kind>object</kind>
         <file>os_timer.obj</file>
         <name>os_timer.obj</name>
      </input_file>
      <input_file id="fl-1e">
         <path>.\source\</path>
         <kind>object</kind>
         <file>pinmux.obj</file>
         <name>pinmux.obj</name>
      </input_file>
      <input_file id="fl-1f">
         <path>.\source\</path>
         <kind>object</kind>
         <file>sci.obj</file>
         <name>sci.obj</name>
      </input_file>
      <input_file id="fl-20">
         <path>.\source\</path>
         <kind>object</kind>
         <file>spi.obj</file>
         <name>spi.obj</name>
      </input_file>
      <input_file id="fl-21">
         <path>.\source\</path>
         <kind>object</kind>
         <file>sys_core.obj</file>
         <name>sys_core.obj</name>
      </input_file>
      <input_file id="fl-22">
         <path>.\source\</path>
         <kind>object</kind>
         <file>sys_dma.obj</file>
         <name>sys_dma.obj</name>
      </input_file>
      <input_file id="fl-23">
         <path>.\source\</path>
         <kind>object</kind>
         <file>sys_intvecs.obj</file>
         <name>sys_intvecs.obj</name>
      </input_file>
      <input_file id="fl-24">
         <path>.\source\</path>
         <kind>object</kind>
         <file>sys_main.obj</file>
         <name>sys_main.obj</name>
      </input_file>
      <input_file id="fl-25">
         <path>.\source\</path>
         <kind>object</kind>
         <file>sys_mpu.obj</file>
         <name>sys_mpu.obj</name>
      </input_file>
      <input_file id="fl-26">
         <path>.\source\</path>
         <kind>object</kind>
         <file>sys_pcr.obj</file>
         <name>sys_pcr.obj</name>
      </input_file>
      <input_file id="fl-27">
         <path>.\source\</path>
         <kind>object</kind>
         <file>sys_phantom.obj</file>
         <name>sys_phantom.obj</name>
      </input_file>
      <input_file id="fl-28">
         <path>.\source\</path>
         <kind>object</kind>
         <file>sys_pmm.obj</file>
         <name>sys_pmm.obj</name>
      </input_file>
      <input_file id="fl-29">
         <path>.\source\</path>
         <kind>object</kind>
         <file>sys_pmu.obj</file>
         <name>sys_pmu.obj</name>
      </input_file>
      <input_file id="fl-2a">
         <path>.\source\</path>
         <kind>object</kind>
         <file>sys_selftest.obj</file>
         <name>sys_selftest.obj</name>
      </input_file>
      <input_file id="fl-2b">
         <path>.\source\</path>
         <kind>object</kind>
         <file>sys_startup.obj</file>
         <name>sys_startup.obj</name>
      </input_file>
      <input_file id="fl-2c">
         <path>.\source\</path>
         <kind>object</kind>
         <file>sys_vim.obj</file>
         <name>sys_vim.obj</name>
      </input_file>
      <input_file id="fl-2d">
         <path>.\source\</path>
         <kind>object</kind>
         <file>system.obj</file>
         <name>system.obj</name>
      </input_file>
      <input_file id="fl-31">
         <kind>object</kind>
         <file>&lt;internal&gt;</file>
         <name>&lt;internal&gt;</name>
      </input_file>
      <input_file id="fl-32">
         <path>C:\ti\ccs930\ccs\tools\compiler\ti-cgt-arm_18.12.4.LTS\lib\</path>
         <kind>archive</kind>
         <file>rtsv7R4_T_be_v3D16_eabi.lib</file>
         <name>e_log.c.obj</name>
      </input_file>
      <input_file id="fl-33">
         <path>C:\ti\ccs930\ccs\tools\compiler\ti-cgt-arm_18.12.4.LTS\lib\</path>
         <kind>archive</kind>
         <file>rtsv7R4_T_be_v3D16_eabi.lib</file>
         <name>e_pow.c.obj</name>
      </input_file>
      <input_file id="fl-34">
         <path>C:\ti\ccs930\ccs\tools\compiler\ti-cgt-arm_18.12.4.LTS\lib\</path>
         <kind>archive</kind>
         <file>rtsv7R4_T_be_v3D16_eabi.lib</file>
         <name>e_sqrt.c.obj</name>
      </input_file>
      <input_file id="fl-35">
         <path>C:\ti\ccs930\ccs\tools\compiler\ti-cgt-arm_18.12.4.LTS\lib\</path>
         <kind>archive</kind>
         <file>rtsv7R4_T_be_v3D16_eabi.lib</file>
         <name>s_floor.c.obj</name>
      </input_file>
      <input_file id="fl-36">
         <path>C:\ti\ccs930\ccs\tools\compiler\ti-cgt-arm_18.12.4.LTS\lib\</path>
         <kind>archive</kind>
         <file>rtsv7R4_T_be_v3D16_eabi.lib</file>
         <name>s_scalbn.c.obj</name>
      </input_file>
      <input_file id="fl-37">
         <path>C:\ti\ccs930\ccs\tools\compiler\ti-cgt-arm_18.12.4.LTS\lib\</path>
         <kind>archive</kind>
         <file>rtsv7R4_T_be_v3D16_eabi.lib</file>
         <name>sprintf.c.obj</name>
      </input_file>
      <input_file id="fl-38">
         <path>C:\ti\ccs930\ccs\tools\compiler\ti-cgt-arm_18.12.4.LTS\lib\</path>
         <kind>archive</kind>
         <file>rtsv7R4_T_be_v3D16_eabi.lib</file>
         <name>ll_tofs_t2.asm.obj</name>
      </input_file>
      <input_file id="fl-39">
         <path>C:\ti\ccs930\ccs\tools\compiler\ti-cgt-arm_18.12.4.LTS\lib\</path>
         <kind>archive</kind>
         <file>rtsv7R4_T_be_v3D16_eabi.lib</file>
         <name>memcpy_t2.asm.obj</name>
      </input_file>
      <input_file id="fl-3a">
         <path>C:\ti\ccs930\ccs\tools\compiler\ti-cgt-arm_18.12.4.LTS\lib\</path>
         <kind>archive</kind>
         <file>rtsv7R4_T_be_v3D16_eabi.lib</file>
         <name>ll_div32.asm.obj</name>
      </input_file>
      <input_file id="fl-3b">
         <path>C:\ti\ccs930\ccs\tools\compiler\ti-cgt-arm_18.12.4.LTS\lib\</path>
         <kind>archive</kind>
         <file>rtsv7R4_T_be_v3D16_eabi.lib</file>
         <name>ull_div32.asm.obj</name>
      </input_file>
      <input_file id="fl-3c">
         <path>C:\ti\ccs930\ccs\tools\compiler\ti-cgt-arm_18.12.4.LTS\lib\</path>
         <kind>archive</kind>
         <file>rtsv7R4_T_be_v3D16_eabi.lib</file>
         <name>u_div32.asm.obj</name>
      </input_file>
      <input_file id="fl-3d">
         <path>C:\ti\ccs930\ccs\tools\compiler\ti-cgt-arm_18.12.4.LTS\lib\</path>
         <kind>archive</kind>
         <file>rtsv7R4_T_be_v3D16_eabi.lib</file>
         <name>memset_t2.asm.obj</name>
      </input_file>
      <input_file id="fl-3e">
         <path>C:\ti\ccs930\ccs\tools\compiler\ti-cgt-arm_18.12.4.LTS\lib\</path>
         <kind>archive</kind>
         <file>rtsv7R4_T_be_v3D16_eabi.lib</file>
         <name>autoinit.c.obj</name>
      </input_file>
      <input_file id="fl-3f">
         <path>C:\ti\ccs930\ccs\tools\compiler\ti-cgt-arm_18.12.4.LTS\lib\</path>
         <kind>archive</kind>
         <file>rtsv7R4_T_be_v3D16_eabi.lib</file>
         <name>cpy_tbl.c.obj</name>
      </input_file>
      <input_file id="fl-40">
         <path>C:\ti\ccs930\ccs\tools\compiler\ti-cgt-arm_18.12.4.LTS\lib\</path>
         <kind>archive</kind>
         <file>rtsv7R4_T_be_v3D16_eabi.lib</file>
         <name>copy_zero_init.c.obj</name>
      </input_file>
      <input_file id="fl-41">
         <path>C:\ti\ccs930\ccs\tools\compiler\ti-cgt-arm_18.12.4.LTS\lib\</path>
         <kind>archive</kind>
         <file>rtsv7R4_T_be_v3D16_eabi.lib</file>
         <name>copy_decompress_none.c.obj</name>
      </input_file>
      <input_file id="fl-42">
         <path>C:\ti\ccs930\ccs\tools\compiler\ti-cgt-arm_18.12.4.LTS\lib\</path>
         <kind>archive</kind>
         <file>rtsv7R4_T_be_v3D16_eabi.lib</file>
         <name>copy_decompress_lzss.c.obj</name>
      </input_file>
      <input_file id="fl-43">
         <path>C:\ti\ccs930\ccs\tools\compiler\ti-cgt-arm_18.12.4.LTS\lib\</path>
         <kind>archive</kind>
         <file>rtsv7R4_T_be_v3D16_eabi.lib</file>
         <name>exit.c.obj</name>
      </input_file>
      <input_file id="fl-44">
         <path>C:\ti\ccs930\ccs\tools\compiler\ti-cgt-arm_18.12.4.LTS\lib\</path>
         <kind>archive</kind>
         <file>rtsv7R4_T_be_v3D16_eabi.lib</file>
         <name>_lock.c.obj</name>
      </input_file>
      <input_file id="fl-45">
         <path>C:\ti\ccs930\ccs\tools\compiler\ti-cgt-arm_18.12.4.LTS\lib\</path>
         <kind>archive</kind>
         <file>rtsv7R4_T_be_v3D16_eabi.lib</file>
         <name>assert.c.obj</name>
      </input_file>
      <input_file id="fl-46">
         <path>C:\ti\ccs930\ccs\tools\compiler\ti-cgt-arm_18.12.4.LTS\lib\</path>
         <kind>archive</kind>
         <file>rtsv7R4_T_be_v3D16_eabi.lib</file>
         <name>atof.c.obj</name>
      </input_file>
      <input_file id="fl-47">
         <path>C:\ti\ccs930\ccs\tools\compiler\ti-cgt-arm_18.12.4.LTS\lib\</path>
         <kind>archive</kind>
         <file>rtsv7R4_T_be_v3D16_eabi.lib</file>
         <name>atoi.c.obj</name>
      </input_file>
      <input_file id="fl-48">
         <path>C:\ti\ccs930\ccs\tools\compiler\ti-cgt-arm_18.12.4.LTS\lib\</path>
         <kind>archive</kind>
         <file>rtsv7R4_T_be_v3D16_eabi.lib</file>
         <name>ctype.c.obj</name>
      </input_file>
      <input_file id="fl-49">
         <path>C:\ti\ccs930\ccs\tools\compiler\ti-cgt-arm_18.12.4.LTS\lib\</path>
         <kind>archive</kind>
         <file>rtsv7R4_T_be_v3D16_eabi.lib</file>
         <name>defs.c.obj</name>
      </input_file>
      <input_file id="fl-4a">
         <path>C:\ti\ccs930\ccs\tools\compiler\ti-cgt-arm_18.12.4.LTS\lib\</path>
         <kind>archive</kind>
         <file>rtsv7R4_T_be_v3D16_eabi.lib</file>
         <name>strcat.c.obj</name>
      </input_file>
      <input_file id="fl-4b">
         <path>C:\ti\ccs930\ccs\tools\compiler\ti-cgt-arm_18.12.4.LTS\lib\</path>
         <kind>archive</kind>
         <file>rtsv7R4_T_be_v3D16_eabi.lib</file>
         <name>strcmp.c.obj</name>
      </input_file>
      <input_file id="fl-4c">
         <path>C:\ti\ccs930\ccs\tools\compiler\ti-cgt-arm_18.12.4.LTS\lib\</path>
         <kind>archive</kind>
         <file>rtsv7R4_T_be_v3D16_eabi.lib</file>
         <name>strcpy.c.obj</name>
      </input_file>
      <input_file id="fl-4d">
         <path>C:\ti\ccs930\ccs\tools\compiler\ti-cgt-arm_18.12.4.LTS\lib\</path>
         <kind>archive</kind>
         <file>rtsv7R4_T_be_v3D16_eabi.lib</file>
         <name>strlen.c.obj</name>
      </input_file>
      <input_file id="fl-4e">
         <path>C:\ti\ccs930\ccs\tools\compiler\ti-cgt-arm_18.12.4.LTS\lib\</path>
         <kind>archive</kind>
         <file>rtsv7R4_T_be_v3D16_eabi.lib</file>
         <name>strncpy.c.obj</name>
      </input_file>
      <input_file id="fl-4f">
         <path>C:\ti\ccs930\ccs\tools\compiler\ti-cgt-arm_18.12.4.LTS\lib\</path>
         <kind>archive</kind>
         <file>rtsv7R4_T_be_v3D16_eabi.lib</file>
         <name>strtod.c.obj</name>
      </input_file>
      <input_file id="fl-50">
         <path>C:\ti\ccs930\ccs\tools\compiler\ti-cgt-arm_18.12.4.LTS\lib\</path>
         <kind>archive</kind>
         <file>rtsv7R4_T_be_v3D16_eabi.lib</file>
         <name>strtok.c.obj</name>
      </input_file>
      <input_file id="fl-51">
         <path>C:\ti\ccs930\ccs\tools\compiler\ti-cgt-arm_18.12.4.LTS\lib\</path>
         <kind>archive</kind>
         <file>rtsv7R4_T_be_v3D16_eabi.lib</file>
         <name>errno.c.obj</name>
      </input_file>
      <input_file id="fl-52">
         <path>C:\ti\ccs930\ccs\tools\compiler\ti-cgt-arm_18.12.4.LTS\lib\</path>
         <kind>archive</kind>
         <file>rtsv7R4_T_be_v3D16_eabi.lib</file>
         <name>s_copysign.c.obj</name>
      </input_file>
      <input_file id="fl-53">
         <path>C:\ti\ccs930\ccs\tools\compiler\ti-cgt-arm_18.12.4.LTS\lib\</path>
         <kind>archive</kind>
         <file>rtsv7R4_T_be_v3D16_eabi.lib</file>
         <name>_printfi.c.obj</name>
      </input_file>
      <input_file id="fl-54">
         <path>C:\ti\ccs930\ccs\tools\compiler\ti-cgt-arm_18.12.4.LTS\lib\</path>
         <kind>archive</kind>
         <file>rtsv7R4_T_be_v3D16_eabi.lib</file>
         <name>fflush.c.obj</name>
      </input_file>
      <input_file id="fl-55">
         <path>C:\ti\ccs930\ccs\tools\compiler\ti-cgt-arm_18.12.4.LTS\lib\</path>
         <kind>archive</kind>
         <file>rtsv7R4_T_be_v3D16_eabi.lib</file>
         <name>fputs.c.obj</name>
      </input_file>
      <input_file id="fl-56">
         <path>C:\ti\ccs930\ccs\tools\compiler\ti-cgt-arm_18.12.4.LTS\lib\</path>
         <kind>archive</kind>
         <file>rtsv7R4_T_be_v3D16_eabi.lib</file>
         <name>_io_perm.c.obj</name>
      </input_file>
      <input_file id="fl-57">
         <path>C:\ti\ccs930\ccs\tools\compiler\ti-cgt-arm_18.12.4.LTS\lib\</path>
         <kind>archive</kind>
         <file>rtsv7R4_T_be_v3D16_eabi.lib</file>
         <name>setvbuf.c.obj</name>
      </input_file>
      <input_file id="fl-58">
         <path>C:\ti\ccs930\ccs\tools\compiler\ti-cgt-arm_18.12.4.LTS\lib\</path>
         <kind>archive</kind>
         <file>rtsv7R4_T_be_v3D16_eabi.lib</file>
         <name>div0.asm.obj</name>
      </input_file>
      <input_file id="fl-59">
         <path>C:\ti\ccs930\ccs\tools\compiler\ti-cgt-arm_18.12.4.LTS\lib\</path>
         <kind>archive</kind>
         <file>rtsv7R4_T_be_v3D16_eabi.lib</file>
         <name>ltoa.c.obj</name>
      </input_file>
      <input_file id="fl-5a">
         <path>C:\ti\ccs930\ccs\tools\compiler\ti-cgt-arm_18.12.4.LTS\lib\</path>
         <kind>archive</kind>
         <file>rtsv7R4_T_be_v3D16_eabi.lib</file>
         <name>memccpy.c.obj</name>
      </input_file>
      <input_file id="fl-5b">
         <path>C:\ti\ccs930\ccs\tools\compiler\ti-cgt-arm_18.12.4.LTS\lib\</path>
         <kind>archive</kind>
         <file>rtsv7R4_T_be_v3D16_eabi.lib</file>
         <name>memchr.c.obj</name>
      </input_file>
      <input_file id="fl-5c">
         <path>C:\ti\ccs930\ccs\tools\compiler\ti-cgt-arm_18.12.4.LTS\lib\</path>
         <kind>archive</kind>
         <file>rtsv7R4_T_be_v3D16_eabi.lib</file>
         <name>memory.c.obj</name>
      </input_file>
      <input_file id="fl-5d">
         <path>C:\ti\ccs930\ccs\tools\compiler\ti-cgt-arm_18.12.4.LTS\lib\</path>
         <kind>archive</kind>
         <file>rtsv7R4_T_be_v3D16_eabi.lib</file>
         <name>strchr.c.obj</name>
      </input_file>
      <input_file id="fl-5e">
         <path>C:\ti\ccs930\ccs\tools\compiler\ti-cgt-arm_18.12.4.LTS\lib\</path>
         <kind>archive</kind>
         <file>rtsv7R4_T_be_v3D16_eabi.lib</file>
         <name>strcspn.c.obj</name>
      </input_file>
      <input_file id="fl-5f">
         <path>C:\ti\ccs930\ccs\tools\compiler\ti-cgt-arm_18.12.4.LTS\lib\</path>
         <kind>archive</kind>
         <file>rtsv7R4_T_be_v3D16_eabi.lib</file>
         <name>strspn.c.obj</name>
      </input_file>
      <input_file id="fl-60">
         <path>C:\ti\ccs930\ccs\tools\compiler\ti-cgt-arm_18.12.4.LTS\lib\</path>
         <kind>archive</kind>
         <file>rtsv7R4_T_be_v3D16_eabi.lib</file>
         <name>write.c.obj</name>
      </input_file>
      <input_file id="fl-61">
         <path>C:\ti\ccs930\ccs\tools\compiler\ti-cgt-arm_18.12.4.LTS\lib\</path>
         <kind>archive</kind>
         <file>rtsv7R4_T_be_v3D16_eabi.lib</file>
         <name>host_device.c.obj</name>
      </input_file>
      <input_file id="fl-62">
         <path>C:\ti\ccs930\ccs\tools\compiler\ti-cgt-arm_18.12.4.LTS\lib\</path>
         <kind>archive</kind>
         <file>rtsv7R4_T_be_v3D16_eabi.lib</file>
         <name>wcslen.c.obj</name>
      </input_file>
      <input_file id="fl-63">
         <path>C:\ti\ccs930\ccs\tools\compiler\ti-cgt-arm_18.12.4.LTS\lib\</path>
         <kind>archive</kind>
         <file>rtsv7R4_T_be_v3D16_eabi.lib</file>
         <name>s_frexp.c.obj</name>
      </input_file>
      <input_file id="fl-64">
         <path>C:\ti\ccs930\ccs\tools\compiler\ti-cgt-arm_18.12.4.LTS\lib\</path>
         <kind>archive</kind>
         <file>rtsv7R4_T_be_v3D16_eabi.lib</file>
         <name>fopen.c.obj</name>
      </input_file>
      <input_file id="fl-65">
         <path>C:\ti\ccs930\ccs\tools\compiler\ti-cgt-arm_18.12.4.LTS\lib\</path>
         <kind>archive</kind>
         <file>rtsv7R4_T_be_v3D16_eabi.lib</file>
         <name>fseek.c.obj</name>
      </input_file>
      <input_file id="fl-66">
         <path>C:\ti\ccs930\ccs\tools\compiler\ti-cgt-arm_18.12.4.LTS\lib\</path>
         <kind>archive</kind>
         <file>rtsv7R4_T_be_v3D16_eabi.lib</file>
         <name>hostclose.c.obj</name>
      </input_file>
      <input_file id="fl-67">
         <path>C:\ti\ccs930\ccs\tools\compiler\ti-cgt-arm_18.12.4.LTS\lib\</path>
         <kind>archive</kind>
         <file>rtsv7R4_T_be_v3D16_eabi.lib</file>
         <name>hostlseek.c.obj</name>
      </input_file>
      <input_file id="fl-68">
         <path>C:\ti\ccs930\ccs\tools\compiler\ti-cgt-arm_18.12.4.LTS\lib\</path>
         <kind>archive</kind>
         <file>rtsv7R4_T_be_v3D16_eabi.lib</file>
         <name>hostopen.c.obj</name>
      </input_file>
      <input_file id="fl-69">
         <path>C:\ti\ccs930\ccs\tools\compiler\ti-cgt-arm_18.12.4.LTS\lib\</path>
         <kind>archive</kind>
         <file>rtsv7R4_T_be_v3D16_eabi.lib</file>
         <name>hostread.c.obj</name>
      </input_file>
      <input_file id="fl-6a">
         <path>C:\ti\ccs930\ccs\tools\compiler\ti-cgt-arm_18.12.4.LTS\lib\</path>
         <kind>archive</kind>
         <file>rtsv7R4_T_be_v3D16_eabi.lib</file>
         <name>hostrename.c.obj</name>
      </input_file>
      <input_file id="fl-6b">
         <path>C:\ti\ccs930\ccs\tools\compiler\ti-cgt-arm_18.12.4.LTS\lib\</path>
         <kind>archive</kind>
         <file>rtsv7R4_T_be_v3D16_eabi.lib</file>
         <name>hostunlink.c.obj</name>
      </input_file>
      <input_file id="fl-6c">
         <path>C:\ti\ccs930\ccs\tools\compiler\ti-cgt-arm_18.12.4.LTS\lib\</path>
         <kind>archive</kind>
         <file>rtsv7R4_T_be_v3D16_eabi.lib</file>
         <name>hostwrite.c.obj</name>
      </input_file>
      <input_file id="fl-6d">
         <path>C:\ti\ccs930\ccs\tools\compiler\ti-cgt-arm_18.12.4.LTS\lib\</path>
         <kind>archive</kind>
         <file>rtsv7R4_T_be_v3D16_eabi.lib</file>
         <name>trgmsg.c.obj</name>
      </input_file>
      <input_file id="fl-6e">
         <path>C:\ti\ccs930\ccs\tools\compiler\ti-cgt-arm_18.12.4.LTS\lib\</path>
         <kind>archive</kind>
         <file>rtsv7R4_T_be_v3D16_eabi.lib</file>
         <name>open.c.obj</name>
      </input_file>
      <input_file id="fl-6f">
         <path>C:\ti\ccs930\ccs\tools\compiler\ti-cgt-arm_18.12.4.LTS\lib\</path>
         <kind>archive</kind>
         <file>rtsv7R4_T_be_v3D16_eabi.lib</file>
         <name>lseek.c.obj</name>
      </input_file>
      <input_file id="fl-70">
         <path>C:\ti\ccs930\ccs\tools\compiler\ti-cgt-arm_18.12.4.LTS\lib\</path>
         <kind>archive</kind>
         <file>rtsv7R4_T_be_v3D16_eabi.lib</file>
         <name>fclose.c.obj</name>
      </input_file>
      <input_file id="fl-71">
         <path>C:\ti\ccs930\ccs\tools\compiler\ti-cgt-arm_18.12.4.LTS\lib\</path>
         <kind>archive</kind>
         <file>rtsv7R4_T_be_v3D16_eabi.lib</file>
         <name>getdevice.c.obj</name>
      </input_file>
      <input_file id="fl-72">
         <path>C:\ti\ccs930\ccs\tools\compiler\ti-cgt-arm_18.12.4.LTS\lib\</path>
         <kind>archive</kind>
         <file>rtsv7R4_T_be_v3D16_eabi.lib</file>
         <name>remove.c.obj</name>
      </input_file>
      <input_file id="fl-73">
         <path>C:\ti\ccs930\ccs\tools\compiler\ti-cgt-arm_18.12.4.LTS\lib\</path>
         <kind>archive</kind>
         <file>rtsv7R4_T_be_v3D16_eabi.lib</file>
         <name>close.c.obj</name>
      </input_file>
      <input_file id="fl-74">
         <path>C:\ti\ccs930\ccs\tools\compiler\ti-cgt-arm_18.12.4.LTS\lib\</path>
         <kind>archive</kind>
         <file>rtsv7R4_T_be_v3D16_eabi.lib</file>
         <name>unlink.c.obj</name>
      </input_file>
   </input_file_list>
   <object_component_list>
      <object_component id="oc-36">
         <name>.intvecs</name>
         <load_address>0x0</load_address>
         <run_address>0x0</run_address>
         <size>0x20</size>
         <input_file_ref idref="fl-23"/>
      </object_component>
      <object_component id="oc-170">
         <name>.kernelTEXT</name>
         <load_address>0x20</load_address>
         <run_address>0x20</run_address>
         <size>0x2bdc</size>
         <input_file_ref idref="fl-1c"/>
      </object_component>
      <object_component id="oc-333">
         <name>.kernelTEXT</name>
         <load_address>0x2bfc</load_address>
         <run_address>0x2bfc</run_address>
         <size>0x11dc</size>
         <input_file_ref idref="fl-1b"/>
      </object_component>
      <object_component id="oc-339">
         <name>.kernelTEXT</name>
         <load_address>0x3dd8</load_address>
         <run_address>0x3dd8</run_address>
         <size>0x81c</size>
         <input_file_ref idref="fl-15"/>
      </object_component>
      <object_component id="oc-ab">
         <name>.kernelTEXT</name>
         <load_address>0x45f4</load_address>
         <run_address>0x45f4</run_address>
         <size>0x4b0</size>
         <input_file_ref idref="fl-1a"/>
      </object_component>
      <object_component id="oc-361">
         <name>.kernelTEXT</name>
         <load_address>0x4aa4</load_address>
         <run_address>0x4aa4</run_address>
         <size>0x3e0</size>
         <input_file_ref idref="fl-19"/>
      </object_component>
      <object_component id="oc-355">
         <name>.kernelTEXT</name>
         <load_address>0x4e84</load_address>
         <run_address>0x4e84</run_address>
         <size>0x380</size>
         <input_file_ref idref="fl-16"/>
      </object_component>
      <object_component id="oc-8c7">
         <name>.cinit..data.load</name>
         <load_address>0x5a08</load_address>
         <run_address>0x5a08</run_address>
         <size>0x176</size>
      </object_component>
      <object_component id="oc-8c2">
         <name>__TI_handler_table</name>
         <load_address>0x5b80</load_address>
         <run_address>0x5b80</run_address>
         <size>0xc</size>
      </object_component>
      <object_component id="oc-8c4">
         <name>.cinit..kernelBSS.load</name>
         <load_address>0x5b8c</load_address>
         <run_address>0x5b8c</run_address>
         <size>0x9</size>
      </object_component>
      <object_component id="oc-8c6">
         <name>.cinit..bss.load</name>
         <load_address>0x5b98</load_address>
         <run_address>0x5b98</run_address>
         <size>0x8</size>
      </object_component>
      <object_component id="oc-8c5">
         <name>.cinit..kernelHEAP.load</name>
         <load_address>0x5ba0</load_address>
         <run_address>0x5ba0</run_address>
         <size>0x8</size>
      </object_component>
      <object_component id="oc-8c3">
         <name>__TI_cinit_table</name>
         <load_address>0x5ba8</load_address>
         <run_address>0x5ba8</run_address>
         <size>0x20</size>
      </object_component>
      <object_component id="oc-2dc">
         <name>.text</name>
         <load_address>0x8020</load_address>
         <run_address>0x8020</run_address>
         <size>0x4d48</size>
         <input_file_ref idref="fl-7"/>
      </object_component>
      <object_component id="oc-8a">
         <name>.text</name>
         <load_address>0xcd68</load_address>
         <run_address>0xcd68</run_address>
         <size>0x2cdc</size>
         <input_file_ref idref="fl-2a"/>
      </object_component>
      <object_component id="oc-18e">
         <name>.text</name>
         <load_address>0xfa44</load_address>
         <run_address>0xfa44</run_address>
         <size>0x15a4</size>
         <input_file_ref idref="fl-8"/>
      </object_component>
      <object_component id="oc-188">
         <name>.text</name>
         <load_address>0x10fe8</load_address>
         <run_address>0x10fe8</run_address>
         <size>0xef0</size>
         <input_file_ref idref="fl-20"/>
      </object_component>
      <object_component id="oc-15e">
         <name>.text</name>
         <load_address>0x11ed8</load_address>
         <run_address>0x11ed8</run_address>
         <size>0xe98</size>
         <input_file_ref idref="fl-6"/>
      </object_component>
      <object_component id="oc-19a">
         <name>.text</name>
         <load_address>0x12d70</load_address>
         <run_address>0x12d70</run_address>
         <size>0xe0c</size>
         <input_file_ref idref="fl-9"/>
      </object_component>
      <object_component id="oc-164">
         <name>.text</name>
         <load_address>0x13b7c</load_address>
         <run_address>0x13b7c</run_address>
         <size>0xcf8</size>
         <input_file_ref idref="fl-4"/>
      </object_component>
      <object_component id="oc-84">
         <name>.text</name>
         <load_address>0x14874</load_address>
         <run_address>0x14874</run_address>
         <size>0xb64</size>
         <input_file_ref idref="fl-2d"/>
      </object_component>
      <object_component id="oc-152">
         <name>.text</name>
         <load_address>0x153d8</load_address>
         <run_address>0x153d8</run_address>
         <size>0xaec</size>
         <input_file_ref idref="fl-d"/>
      </object_component>
      <object_component id="oc-43">
         <name>.text</name>
         <load_address>0x15ec4</load_address>
         <run_address>0x15ec4</run_address>
         <size>0xa58</size>
         <input_file_ref idref="fl-2c"/>
      </object_component>
      <object_component id="oc-36c">
         <name>.text:__TI_printfi</name>
         <load_address>0x1691c</load_address>
         <run_address>0x1691c</run_address>
         <size>0xa4a</size>
         <input_file_ref idref="fl-53"/>
      </object_component>
      <object_component id="oc-63f">
         <name>.text:_nop</name>
         <load_address>0x17366</load_address>
         <run_address>0x17366</run_address>
         <size>0x2</size>
         <input_file_ref idref="fl-44"/>
      </object_component>
      <object_component id="oc-16a">
         <name>.text</name>
         <load_address>0x17368</load_address>
         <run_address>0x17368</run_address>
         <size>0x9a0</size>
         <input_file_ref idref="fl-18"/>
      </object_component>
      <object_component id="oc-14c">
         <name>.text</name>
         <load_address>0x17d08</load_address>
         <run_address>0x17d08</run_address>
         <size>0x8f0</size>
         <input_file_ref idref="fl-12"/>
      </object_component>
      <object_component id="oc-100">
         <name>.text</name>
         <load_address>0x185f8</load_address>
         <run_address>0x185f8</run_address>
         <size>0x8c0</size>
         <input_file_ref idref="fl-1e"/>
      </object_component>
      <object_component id="oc-158">
         <name>.text</name>
         <load_address>0x18eb8</load_address>
         <run_address>0x18eb8</run_address>
         <size>0x7b8</size>
         <input_file_ref idref="fl-1f"/>
      </object_component>
      <object_component id="oc-2e2">
         <name>.text</name>
         <load_address>0x19670</load_address>
         <run_address>0x19670</run_address>
         <size>0x728</size>
         <input_file_ref idref="fl-5"/>
      </object_component>
      <object_component id="oc-17c">
         <name>.text</name>
         <load_address>0x19d98</load_address>
         <run_address>0x19d98</run_address>
         <size>0x6f8</size>
         <input_file_ref idref="fl-b"/>
      </object_component>
      <object_component id="oc-97">
         <name>.text</name>
         <load_address>0x1a490</load_address>
         <run_address>0x1a490</run_address>
         <size>0x6e4</size>
         <input_file_ref idref="fl-24"/>
      </object_component>
      <object_component id="oc-38b">
         <name>.text:pow</name>
         <load_address>0x1ab74</load_address>
         <run_address>0x1ab74</run_address>
         <size>0x68c</size>
         <input_file_ref idref="fl-33"/>
      </object_component>
      <object_component id="oc-78">
         <name>.text</name>
         <load_address>0x1b200</load_address>
         <run_address>0x1b200</run_address>
         <size>0x664</size>
         <input_file_ref idref="fl-f"/>
      </object_component>
      <object_component id="oc-90">
         <name>.text</name>
         <load_address>0x1b864</load_address>
         <run_address>0x1b864</run_address>
         <size>0x5bc</size>
         <input_file_ref idref="fl-10"/>
      </object_component>
      <object_component id="oc-30">
         <name>.text:retain</name>
         <load_address>0x1be20</load_address>
         <run_address>0x1be20</run_address>
         <size>0x518</size>
         <input_file_ref idref="fl-20"/>
      </object_component>
      <object_component id="oc-146">
         <name>.text</name>
         <load_address>0x1c338</load_address>
         <run_address>0x1c338</run_address>
         <size>0x484</size>
         <input_file_ref idref="fl-11"/>
      </object_component>
      <object_component id="oc-617">
         <name>.text:strtod</name>
         <load_address>0x1c7bc</load_address>
         <run_address>0x1c7bc</run_address>
         <size>0x3e8</size>
         <input_file_ref idref="fl-4f"/>
      </object_component>
      <object_component id="oc-2a">
         <name>.text:retain</name>
         <load_address>0x1cba4</load_address>
         <run_address>0x1cba4</run_address>
         <size>0x3d8</size>
         <input_file_ref idref="fl-1f"/>
      </object_component>
      <object_component id="oc-73">
         <name>.text</name>
         <load_address>0x1cf7c</load_address>
         <run_address>0x1cf7c</run_address>
         <size>0x34c</size>
         <input_file_ref idref="fl-21"/>
      </object_component>
      <object_component id="oc-41">
         <name>.text:retain</name>
         <load_address>0x1d2c8</load_address>
         <run_address>0x1d2c8</run_address>
         <size>0x2cc</size>
         <input_file_ref idref="fl-2c"/>
      </object_component>
      <object_component id="oc-5e1">
         <name>.text</name>
         <load_address>0x1d594</load_address>
         <run_address>0x1d594</run_address>
         <size>0x2b8</size>
         <input_file_ref idref="fl-3b"/>
      </object_component>
      <object_component id="oc-1b">
         <name>.text:retain</name>
         <load_address>0x1d84c</load_address>
         <run_address>0x1d84c</run_address>
         <size>0x290</size>
         <input_file_ref idref="fl-2b"/>
      </object_component>
      <object_component id="oc-545">
         <name>.text</name>
         <load_address>0x1dadc</load_address>
         <run_address>0x1dadc</run_address>
         <size>0x278</size>
         <input_file_ref idref="fl-16"/>
      </object_component>
      <object_component id="oc-385">
         <name>.text:log</name>
         <load_address>0x1dd54</load_address>
         <run_address>0x1dd54</run_address>
         <size>0x254</size>
         <input_file_ref idref="fl-32"/>
      </object_component>
      <object_component id="oc-57e">
         <name>.text:_pconv_a</name>
         <load_address>0x1dfa8</load_address>
         <run_address>0x1dfa8</run_address>
         <size>0x248</size>
         <input_file_ref idref="fl-53"/>
      </object_component>
      <object_component id="oc-35b">
         <name>.text</name>
         <load_address>0x1e1f0</load_address>
         <run_address>0x1e1f0</run_address>
         <size>0x238</size>
         <input_file_ref idref="fl-17"/>
      </object_component>
      <object_component id="oc-555">
         <name>.text</name>
         <load_address>0x1e428</load_address>
         <run_address>0x1e428</run_address>
         <size>0x1b4</size>
         <input_file_ref idref="fl-19"/>
      </object_component>
      <object_component id="oc-56c">
         <name>.text:_pconv_g</name>
         <load_address>0x1e5dc</load_address>
         <run_address>0x1e5dc</run_address>
         <size>0x1a0</size>
         <input_file_ref idref="fl-53"/>
      </object_component>
      <object_component id="oc-194">
         <name>.text</name>
         <load_address>0x1e77c</load_address>
         <run_address>0x1e77c</run_address>
         <size>0x19c</size>
         <input_file_ref idref="fl-a"/>
      </object_component>
      <object_component id="oc-32d">
         <name>.text</name>
         <load_address>0x1e918</load_address>
         <run_address>0x1e918</run_address>
         <size>0x164</size>
         <input_file_ref idref="fl-1c"/>
      </object_component>
      <object_component id="oc-306">
         <name>.text</name>
         <load_address>0x1ea7c</load_address>
         <run_address>0x1ea7c</run_address>
         <size>0x130</size>
         <input_file_ref idref="fl-3"/>
      </object_component>
      <object_component id="oc-4e8">
         <name>.text:fputs</name>
         <load_address>0x1ebac</load_address>
         <run_address>0x1ebac</run_address>
         <size>0x118</size>
         <input_file_ref idref="fl-55"/>
      </object_component>
      <object_component id="oc-7ea">
         <name>.text:aligned_alloc</name>
         <load_address>0x1ecc4</load_address>
         <run_address>0x1ecc4</run_address>
         <size>0x114</size>
         <input_file_ref idref="fl-5c"/>
      </object_component>
      <object_component id="oc-21">
         <name>.text:retain</name>
         <load_address>0x1edd8</load_address>
         <run_address>0x1edd8</run_address>
         <size>0x114</size>
         <input_file_ref idref="fl-10"/>
      </object_component>
      <object_component id="oc-9f">
         <name>.text</name>
         <load_address>0x1eeec</load_address>
         <run_address>0x1eeec</run_address>
         <size>0x10c</size>
         <input_file_ref idref="fl-13"/>
      </object_component>
      <object_component id="oc-578">
         <name>.text:_pconv_e</name>
         <load_address>0x1eff8</load_address>
         <run_address>0x1eff8</run_address>
         <size>0x104</size>
         <input_file_ref idref="fl-53"/>
      </object_component>
      <object_component id="oc-6e6">
         <name>.text:fcvt</name>
         <load_address>0x1f0fc</load_address>
         <run_address>0x1f0fc</run_address>
         <size>0xfc</size>
         <input_file_ref idref="fl-53"/>
      </object_component>
      <object_component id="oc-5ad">
         <name>.text:scalbn</name>
         <load_address>0x1f1f8</load_address>
         <run_address>0x1f1f8</run_address>
         <size>0xf0</size>
         <input_file_ref idref="fl-36"/>
      </object_component>
      <object_component id="oc-c1">
         <name>.text</name>
         <load_address>0x1f2e8</load_address>
         <run_address>0x1f2e8</run_address>
         <size>0xe8</size>
         <input_file_ref idref="fl-e"/>
      </object_component>
      <object_component id="oc-7a4">
         <name>.text:free</name>
         <load_address>0x1f3d0</load_address>
         <run_address>0x1f3d0</run_address>
         <size>0xe4</size>
         <input_file_ref idref="fl-5c"/>
      </object_component>
      <object_component id="oc-2c2">
         <name>.text:floor</name>
         <load_address>0x1f4b4</load_address>
         <run_address>0x1f4b4</run_address>
         <size>0xe0</size>
         <input_file_ref idref="fl-35"/>
      </object_component>
      <object_component id="oc-108">
         <name>.text</name>
         <load_address>0x1f594</load_address>
         <run_address>0x1f594</run_address>
         <size>0xe0</size>
         <input_file_ref idref="fl-29"/>
      </object_component>
      <object_component id="oc-752">
         <name>.text:setvbuf</name>
         <load_address>0x1f674</load_address>
         <run_address>0x1f674</run_address>
         <size>0xdc</size>
         <input_file_ref idref="fl-57"/>
      </object_component>
      <object_component id="oc-566">
         <name>.text:_ltostr</name>
         <load_address>0x1f750</load_address>
         <run_address>0x1f750</run_address>
         <size>0xad</size>
         <input_file_ref idref="fl-53"/>
      </object_component>
      <object_component id="oc-4d1">
         <name>.text</name>
         <load_address>0x1f7fe</load_address>
         <run_address>0x1f7fe</run_address>
         <size>0x2</size>
         <input_file_ref idref="fl-58"/>
      </object_component>
      <object_component id="oc-182">
         <name>.text</name>
         <load_address>0x1f800</load_address>
         <run_address>0x1f800</run_address>
         <size>0xa0</size>
         <input_file_ref idref="fl-c"/>
      </object_component>
      <object_component id="oc-5b">
         <name>.text</name>
         <load_address>0x1f8a0</load_address>
         <run_address>0x1f8a0</run_address>
         <size>0x9c</size>
         <input_file_ref idref="fl-39"/>
      </object_component>
      <object_component id="oc-3d7">
         <name>.text</name>
         <load_address>0x1f93c</load_address>
         <run_address>0x1f93c</run_address>
         <size>0x98</size>
         <input_file_ref idref="fl-3a"/>
      </object_component>
      <object_component id="oc-4ee">
         <name>.text:fflush</name>
         <load_address>0x1f9d4</load_address>
         <run_address>0x1f9d4</run_address>
         <size>0x80</size>
         <input_file_ref idref="fl-54"/>
      </object_component>
      <object_component id="oc-6df">
         <name>.text:_mcpy</name>
         <load_address>0x1fa54</load_address>
         <run_address>0x1fa54</run_address>
         <size>0x7a</size>
         <input_file_ref idref="fl-53"/>
      </object_component>
      <object_component id="oc-f2">
         <name>.text</name>
         <load_address>0x1face</load_address>
         <run_address>0x1face</run_address>
         <size>0x7a</size>
         <input_file_ref idref="fl-3d"/>
      </object_component>
      <object_component id="oc-7f1">
         <name>.text:__TI_closefile</name>
         <load_address>0x1fb48</load_address>
         <run_address>0x1fb48</run_address>
         <size>0x74</size>
         <input_file_ref idref="fl-70"/>
      </object_component>
      <object_component id="oc-6f4">
         <name>.text:frexp</name>
         <load_address>0x1fbbc</load_address>
         <run_address>0x1fbbc</run_address>
         <size>0x74</size>
         <input_file_ref idref="fl-63"/>
      </object_component>
      <object_component id="oc-82f">
         <name>.text:split</name>
         <load_address>0x1fc30</load_address>
         <run_address>0x1fc30</run_address>
         <size>0x70</size>
         <input_file_ref idref="fl-5c"/>
      </object_component>
      <object_component id="oc-81e">
         <name>.text:HOSTrename</name>
         <load_address>0x1fca0</load_address>
         <run_address>0x1fca0</run_address>
         <size>0x6c</size>
         <input_file_ref idref="fl-6a"/>
      </object_component>
      <object_component id="oc-e">
         <name>.text:decompress:lzss:__TI_decompress_lzss</name>
         <load_address>0x1fd0c</load_address>
         <run_address>0x1fd0c</run_address>
         <size>0x6c</size>
         <input_file_ref idref="fl-42"/>
      </object_component>
      <object_component id="oc-812">
         <name>.text:HOSTlseek</name>
         <load_address>0x1fd78</load_address>
         <run_address>0x1fd78</run_address>
         <size>0x68</size>
         <input_file_ref idref="fl-67"/>
      </object_component>
      <object_component id="oc-66d">
         <name>.text:__TI_wrt_ok</name>
         <load_address>0x1fde0</load_address>
         <run_address>0x1fde0</run_address>
         <size>0x64</size>
         <input_file_ref idref="fl-56"/>
      </object_component>
      <object_component id="oc-74c">
         <name>.text:fseek</name>
         <load_address>0x1fe44</load_address>
         <run_address>0x1fe44</run_address>
         <size>0x64</size>
         <input_file_ref idref="fl-65"/>
      </object_component>
      <object_component id="oc-7fa">
         <name>.text:HOSTopen</name>
         <load_address>0x1fea8</load_address>
         <run_address>0x1fea8</run_address>
         <size>0x5c</size>
         <input_file_ref idref="fl-68"/>
      </object_component>
      <object_component id="oc-806">
         <name>.text:HOSTread</name>
         <load_address>0x1ff04</load_address>
         <run_address>0x1ff04</run_address>
         <size>0x5c</size>
         <input_file_ref idref="fl-69"/>
      </object_component>
      <object_component id="oc-80c">
         <name>.text:HOSTwrite</name>
         <load_address>0x1ff60</load_address>
         <run_address>0x1ff60</run_address>
         <size>0x58</size>
         <input_file_ref idref="fl-6c"/>
      </object_component>
      <object_component id="oc-836">
         <name>.text:close</name>
         <load_address>0x1ffb8</load_address>
         <run_address>0x1ffb8</run_address>
         <size>0x58</size>
         <input_file_ref idref="fl-73"/>
      </object_component>
      <object_component id="oc-6d9">
         <name>.text:_ecpy</name>
         <load_address>0x20010</load_address>
         <run_address>0x20010</run_address>
         <size>0x54</size>
         <input_file_ref idref="fl-53"/>
      </object_component>
      <object_component id="oc-6d3">
         <name>.text:ltoa</name>
         <load_address>0x20064</load_address>
         <run_address>0x20064</run_address>
         <size>0x54</size>
         <input_file_ref idref="fl-59"/>
      </object_component>
      <object_component id="oc-572">
         <name>.text:_pconv_f</name>
         <load_address>0x200b8</load_address>
         <run_address>0x200b8</run_address>
         <size>0x50</size>
         <input_file_ref idref="fl-53"/>
      </object_component>
      <object_component id="oc-406">
         <name>.text:atoi</name>
         <load_address>0x20108</load_address>
         <run_address>0x20108</run_address>
         <size>0x50</size>
         <input_file_ref idref="fl-47"/>
      </object_component>
      <object_component id="oc-2a9">
         <name>.text</name>
         <load_address>0x20158</load_address>
         <run_address>0x20158</run_address>
         <size>0x50</size>
         <input_file_ref idref="fl-3c"/>
      </object_component>
      <object_component id="oc-679">
         <name>.text:__TI_doflush</name>
         <load_address>0x201a8</load_address>
         <run_address>0x201a8</run_address>
         <size>0x4c</size>
         <input_file_ref idref="fl-54"/>
      </object_component>
      <object_component id="oc-800">
         <name>.text:HOSTclose</name>
         <load_address>0x201f4</load_address>
         <run_address>0x201f4</run_address>
         <size>0x44</size>
         <input_file_ref idref="fl-66"/>
      </object_component>
      <object_component id="oc-818">
         <name>.text:HOSTunlink</name>
         <load_address>0x20238</load_address>
         <run_address>0x20238</run_address>
         <size>0x44</size>
         <input_file_ref idref="fl-6b"/>
      </object_component>
      <object_component id="oc-116">
         <name>.text:__TI_auto_init_nobinit_nopinit:__TI_auto_init_nobinit_nopinit</name>
         <load_address>0x2027c</load_address>
         <run_address>0x2027c</run_address>
         <size>0x44</size>
         <input_file_ref idref="fl-3e"/>
      </object_component>
      <object_component id="oc-1d7">
         <name>.text:exit</name>
         <load_address>0x202c0</load_address>
         <run_address>0x202c0</run_address>
         <size>0x44</size>
         <input_file_ref idref="fl-43"/>
      </object_component>
      <object_component id="oc-866">
         <name>.text:getdevice</name>
         <load_address>0x20304</load_address>
         <run_address>0x20304</run_address>
         <size>0x44</size>
         <input_file_ref idref="fl-71"/>
      </object_component>
      <object_component id="oc-3dc">
         <name>.text</name>
         <load_address>0x20348</load_address>
         <run_address>0x20348</run_address>
         <size>0x42</size>
         <input_file_ref idref="fl-38"/>
      </object_component>
      <object_component id="oc-6ec">
         <name>.text:_fcpy</name>
         <load_address>0x2038a</load_address>
         <run_address>0x2038a</run_address>
         <size>0x40</size>
         <input_file_ref idref="fl-53"/>
      </object_component>
      <object_component id="oc-176">
         <name>.text:sprintf</name>
         <load_address>0x203cc</load_address>
         <run_address>0x203cc</run_address>
         <size>0x40</size>
         <input_file_ref idref="fl-37"/>
      </object_component>
      <object_component id="oc-400">
         <name>.text:strtok</name>
         <load_address>0x2040c</load_address>
         <run_address>0x2040c</run_address>
         <size>0x40</size>
         <input_file_ref idref="fl-50"/>
      </object_component>
      <object_component id="oc-845">
         <name>.text:__TI_writemsg</name>
         <load_address>0x2044c</load_address>
         <run_address>0x2044c</run_address>
         <size>0x3c</size>
         <input_file_ref idref="fl-6d"/>
      </object_component>
      <object_component id="oc-2f4">
         <name>.text:strncpy</name>
         <load_address>0x20488</load_address>
         <run_address>0x20488</run_address>
         <size>0x36</size>
         <input_file_ref idref="fl-4e"/>
      </object_component>
      <object_component id="oc-7b0">
         <name>.text:__TI_cleanup</name>
         <load_address>0x204c0</load_address>
         <run_address>0x204c0</run_address>
         <size>0x34</size>
         <input_file_ref idref="fl-64"/>
      </object_component>
      <object_component id="oc-84b">
         <name>.text:__TI_readmsg</name>
         <load_address>0x204f4</load_address>
         <run_address>0x204f4</run_address>
         <size>0x34</size>
         <input_file_ref idref="fl-6d"/>
      </object_component>
      <object_component id="oc-886">
         <name>.text:finddevice</name>
         <load_address>0x20528</load_address>
         <run_address>0x20528</run_address>
         <size>0x34</size>
         <input_file_ref idref="fl-71"/>
      </object_component>
      <object_component id="oc-5a7">
         <name>.text:sqrt</name>
         <load_address>0x2055c</load_address>
         <run_address>0x2055c</run_address>
         <size>0x2c</size>
         <input_file_ref idref="fl-34"/>
      </object_component>
      <object_component id="oc-83c">
         <name>.text:unlink</name>
         <load_address>0x20588</load_address>
         <run_address>0x20588</run_address>
         <size>0x2c</size>
         <input_file_ref idref="fl-74"/>
      </object_component>
      <object_component id="oc-601">
         <name>.text:strspn</name>
         <load_address>0x205b4</load_address>
         <run_address>0x205b4</run_address>
         <size>0x2a</size>
         <input_file_ref idref="fl-5f"/>
      </object_component>
      <object_component id="oc-7e3">
         <name>.text:free_list_insert</name>
         <load_address>0x205e0</load_address>
         <run_address>0x205e0</run_address>
         <size>0x28</size>
         <input_file_ref idref="fl-5c"/>
      </object_component>
      <object_component id="oc-79c">
         <name>.text:lseek</name>
         <load_address>0x20608</load_address>
         <run_address>0x20608</run_address>
         <size>0x28</size>
         <input_file_ref idref="fl-6f"/>
      </object_component>
      <object_component id="oc-67f">
         <name>.text:write</name>
         <load_address>0x20630</load_address>
         <run_address>0x20630</run_address>
         <size>0x28</size>
         <input_file_ref idref="fl-60"/>
      </object_component>
      <object_component id="oc-607">
         <name>.text:strcspn</name>
         <load_address>0x20658</load_address>
         <run_address>0x20658</run_address>
         <size>0x22</size>
         <input_file_ref idref="fl-5e"/>
      </object_component>
      <object_component id="oc-673">
         <name>.text:memchr</name>
         <load_address>0x2067a</load_address>
         <run_address>0x2067a</run_address>
         <size>0x20</size>
         <input_file_ref idref="fl-5b"/>
      </object_component>
      <object_component id="oc-722">
         <name>.text:copysign</name>
         <load_address>0x2069a</load_address>
         <run_address>0x2069a</run_address>
         <size>0x1e</size>
         <input_file_ref idref="fl-52"/>
      </object_component>
      <object_component id="oc-300">
         <name>.text:strcat</name>
         <load_address>0x206b8</load_address>
         <run_address>0x206b8</run_address>
         <size>0x1e</size>
         <input_file_ref idref="fl-4a"/>
      </object_component>
      <object_component id="oc-2c9">
         <name>.text:_abort_msg</name>
         <load_address>0x206d8</load_address>
         <run_address>0x206d8</run_address>
         <size>0x1c</size>
         <input_file_ref idref="fl-45"/>
      </object_component>
      <object_component id="oc-7dd">
         <name>.text:free_list_remove</name>
         <load_address>0x206f4</load_address>
         <run_address>0x206f4</run_address>
         <size>0x1c</size>
         <input_file_ref idref="fl-5c"/>
      </object_component>
      <object_component id="oc-584">
         <name>.text:memccpy</name>
         <load_address>0x20710</load_address>
         <run_address>0x20710</run_address>
         <size>0x1c</size>
         <input_file_ref idref="fl-5a"/>
      </object_component>
      <object_component id="oc-372">
         <name>.text:_outs</name>
         <load_address>0x2072c</load_address>
         <run_address>0x2072c</run_address>
         <size>0x1a</size>
         <input_file_ref idref="fl-37"/>
      </object_component>
      <object_component id="oc-2fa">
         <name>.text:strcmp</name>
         <load_address>0x20746</load_address>
         <run_address>0x20746</run_address>
         <size>0x18</size>
         <input_file_ref idref="fl-4b"/>
      </object_component>
      <object_component id="oc-6fa">
         <name>.text:strchr</name>
         <load_address>0x2075e</load_address>
         <run_address>0x2075e</run_address>
         <size>0x16</size>
         <input_file_ref idref="fl-5d"/>
      </object_component>
      <object_component id="oc-2ee">
         <name>.text:strlen</name>
         <load_address>0x20774</load_address>
         <run_address>0x20774</run_address>
         <size>0x16</size>
         <input_file_ref idref="fl-4d"/>
      </object_component>
      <object_component id="oc-2e8">
         <name>.text:strcpy</name>
         <load_address>0x2078a</load_address>
         <run_address>0x2078a</run_address>
         <size>0x14</size>
         <input_file_ref idref="fl-4c"/>
      </object_component>
      <object_component id="oc-58a">
         <name>.text:wcslen</name>
         <load_address>0x2079e</load_address>
         <run_address>0x2079e</run_address>
         <size>0x12</size>
         <input_file_ref idref="fl-62"/>
      </object_component>
      <object_component id="oc-14">
         <name>.text:decompress:none:__TI_decompress_none</name>
         <load_address>0x207b0</load_address>
         <run_address>0x207b0</run_address>
         <size>0xe</size>
         <input_file_ref idref="fl-41"/>
      </object_component>
      <object_component id="oc-6d">
         <name>.text:decompress:ZI:__TI_zero_init</name>
         <load_address>0x207be</load_address>
         <run_address>0x207be</run_address>
         <size>0xc</size>
         <input_file_ref idref="fl-40"/>
      </object_component>
      <object_component id="oc-378">
         <name>.text:_outc</name>
         <load_address>0x207ca</load_address>
         <run_address>0x207ca</run_address>
         <size>0xa</size>
         <input_file_ref idref="fl-37"/>
      </object_component>
      <object_component id="oc-590">
         <name>.text:__aeabi_errno_addr</name>
         <load_address>0x207d4</load_address>
         <run_address>0x207d4</run_address>
         <size>0x8</size>
         <input_file_ref idref="fl-51"/>
      </object_component>
      <object_component id="oc-7aa">
         <name>.text:malloc</name>
         <load_address>0x207dc</load_address>
         <run_address>0x207dc</run_address>
         <size>0x8</size>
         <input_file_ref idref="fl-5c"/>
      </object_component>
      <object_component id="oc-40c">
         <name>.text:atof</name>
         <load_address>0x207e4</load_address>
         <run_address>0x207e4</run_address>
         <size>0x6</size>
         <input_file_ref idref="fl-46"/>
      </object_component>
      <object_component id="oc-1d1">
         <name>.text:abort:abort</name>
         <load_address>0x207ea</load_address>
         <run_address>0x207ea</run_address>
         <size>0x4</size>
         <input_file_ref idref="fl-43"/>
      </object_component>
      <object_component id="oc-3b">
         <name>.text:retain</name>
         <load_address>0x207f0</load_address>
         <run_address>0x207f0</run_address>
         <size>0x4</size>
         <input_file_ref idref="fl-27"/>
      </object_component>
      <object_component id="oc-7e">
         <name>.text</name>
         <load_address>0x207f4</load_address>
         <run_address>0x207f4</run_address>
         <size>0x4</size>
         <input_file_ref idref="fl-2b"/>
      </object_component>
      <object_component id="oc-8c9">
         <name>.tramp.__aeabi_ldiv0.1</name>
         <load_address>0x207f8</load_address>
         <run_address>0x207f8</run_address>
         <size>0xc</size>
         <input_file_ref idref="fl-58"/>
      </object_component>
      <object_component id="oc-2ae">
         <name>.const:het1PROGRAM</name>
         <load_address>0x20808</load_address>
         <run_address>0x20808</run_address>
         <size>0x3a0</size>
         <input_file_ref idref="fl-12"/>
      </object_component>
      <object_component id="oc-521">
         <name>.const:.string</name>
         <load_address>0x20ba8</load_address>
         <run_address>0x20ba8</run_address>
         <size>0x230</size>
         <input_file_ref idref="fl-4"/>
      </object_component>
      <object_component id="oc-27">
         <name>.const:s_vim_init</name>
         <load_address>0x20dd8</load_address>
         <run_address>0x20dd8</run_address>
         <size>0x200</size>
         <input_file_ref idref="fl-2c"/>
      </object_component>
      <object_component id="oc-612">
         <name>.const:.string:_ctypes_</name>
         <load_address>0x20fd8</load_address>
         <run_address>0x20fd8</run_address>
         <size>0x101</size>
         <input_file_ref idref="fl-48"/>
      </object_component>
      <object_component id="oc-391">
         <name>.const:.string:$P$T0$1</name>
         <load_address>0x210d9</load_address>
         <run_address>0x210d9</run_address>
         <size>0x2</size>
         <input_file_ref idref="fl-b"/>
      </object_component>
      <object_component id="oc-50d">
         <name>.const</name>
         <load_address>0x210dc</load_address>
         <run_address>0x210dc</run_address>
         <size>0x4</size>
         <input_file_ref idref="fl-5"/>
      </object_component>
      <object_component id="oc-741">
         <name>.const:$O1$$</name>
         <load_address>0x210e0</load_address>
         <run_address>0x210e0</run_address>
         <size>0xc8</size>
         <input_file_ref idref="fl-4f"/>
      </object_component>
      <object_component id="oc-46c">
         <name>.const:.string</name>
         <load_address>0x211a8</load_address>
         <run_address>0x211a8</run_address>
         <size>0x68</size>
         <input_file_ref idref="fl-b"/>
      </object_component>
      <object_component id="oc-5b3">
         <name>.const:$O1$$</name>
         <load_address>0x21210</load_address>
         <run_address>0x21210</run_address>
         <size>0x30</size>
         <input_file_ref idref="fl-33"/>
      </object_component>
      <object_component id="oc-43a">
         <name>.const:.string:$P$T1$2</name>
         <load_address>0x21240</load_address>
         <run_address>0x21240</run_address>
         <size>0x28</size>
         <input_file_ref idref="fl-9"/>
      </object_component>
      <object_component id="oc-3fa">
         <name>.const:s_het1pwmPolarity</name>
         <load_address>0x21268</load_address>
         <run_address>0x21268</run_address>
         <size>0x20</size>
         <input_file_ref idref="fl-a"/>
      </object_component>
      <object_component id="oc-2b1">
         <name>.const:s_het1pwmPolarity</name>
         <load_address>0x21288</load_address>
         <run_address>0x21288</run_address>
         <size>0x20</size>
         <input_file_ref idref="fl-12"/>
      </object_component>
      <object_component id="oc-437">
         <name>.const:.string:$P$T0$1</name>
         <load_address>0x212a8</load_address>
         <run_address>0x212a8</run_address>
         <size>0x1e</size>
         <input_file_ref idref="fl-9"/>
      </object_component>
      <object_component id="oc-43d">
         <name>.const:.string:$P$T2$3</name>
         <load_address>0x212c6</load_address>
         <run_address>0x212c6</run_address>
         <size>0x1d</size>
         <input_file_ref idref="fl-9"/>
      </object_component>
      <object_component id="oc-2bb">
         <name>.const:s_adcFiFoSize</name>
         <load_address>0x212e4</load_address>
         <run_address>0x212e4</run_address>
         <size>0x18</size>
         <input_file_ref idref="fl-d"/>
      </object_component>
      <object_component id="oc-2be">
         <name>.const:s_adcSelect</name>
         <load_address>0x212fc</load_address>
         <run_address>0x212fc</run_address>
         <size>0x18</size>
         <input_file_ref idref="fl-d"/>
      </object_component>
      <object_component id="oc-69d">
         <name>.const:.string</name>
         <load_address>0x21314</load_address>
         <run_address>0x21314</run_address>
         <size>0x14</size>
         <input_file_ref idref="fl-5"/>
      </object_component>
      <object_component id="oc-1c8">
         <name>.const:$P$T1$2</name>
         <load_address>0x21328</load_address>
         <run_address>0x21328</run_address>
         <size>0x10</size>
         <input_file_ref idref="fl-24"/>
      </object_component>
      <object_component id="oc-1c5">
         <name>.const:$P$T0$1</name>
         <load_address>0x21338</load_address>
         <run_address>0x21338</run_address>
         <size>0xc</size>
         <input_file_ref idref="fl-24"/>
      </object_component>
      <object_component id="oc-440">
         <name>.const:$P$T3$4</name>
         <load_address>0x21344</load_address>
         <run_address>0x21344</run_address>
         <size>0xc</size>
         <input_file_ref idref="fl-9"/>
      </object_component>
      <object_component id="oc-394">
         <name>.const:.string:$P$T1$2</name>
         <load_address>0x21350</load_address>
         <run_address>0x21350</run_address>
         <size>0x2</size>
         <input_file_ref idref="fl-b"/>
      </object_component>
      <object_component id="oc-397">
         <name>.const:.string:$P$T2$3</name>
         <load_address>0x21352</load_address>
         <run_address>0x21352</run_address>
         <size>0x2</size>
         <input_file_ref idref="fl-b"/>
      </object_component>
      <object_component id="oc-1e9">
         <name>.kernelBSS:init</name>
         <load_address>0x80008d0</load_address>
         <run_address>0x80008d0</run_address>
         <size>0x34</size>
         <input_file_ref idref="fl-1c"/>
      </object_component>
      <object_component id="oc-367">
         <name>.kernelBSS:uninit</name>
         <load_address>0x8000800</load_address>
         <run_address>0x8000800</run_address>
         <size>0xd0</size>
         <input_file_ref idref="fl-1c"/>
      </object_component>
      <object_component id="oc-6be">
         <name>.kernelHEAP</name>
         <uninitialized>true</uninitialized>
         <run_address>0x8001000</run_address>
         <size>0x2000</size>
         <input_file_ref idref="fl-16"/>
      </object_component>
      <object_component id="oc-51c">
         <name>.bss:g_ppcArgv</name>
         <uninitialized>true</uninitialized>
         <run_address>0x8003a64</run_address>
         <size>0x24</size>
         <input_file_ref idref="fl-3"/>
      </object_component>
      <object_component id="oc-318">
         <name>.bss:g_pcTmpBuf</name>
         <uninitialized>true</uninitialized>
         <run_address>0x8003980</run_address>
         <size>0x50</size>
         <input_file_ref idref="fl-4"/>
      </object_component>
      <object_component id="oc-324">
         <name>.bss:g_pcCmdBuf</name>
         <uninitialized>true</uninitialized>
         <run_address>0x80039d0</run_address>
         <size>0x40</size>
         <input_file_ref idref="fl-4"/>
      </object_component>
      <object_component id="oc-321">
         <name>.bss:g_sFatFs</name>
         <uninitialized>true</uninitialized>
         <run_address>0x8003000</run_address>
         <size>0x230</size>
         <input_file_ref idref="fl-4"/>
      </object_component>
      <object_component id="oc-30f">
         <name>.bss:g_sDirObject</name>
         <uninitialized>true</uninitialized>
         <run_address>0x8003a10</run_address>
         <size>0x2c</size>
         <input_file_ref idref="fl-4"/>
      </object_component>
      <object_component id="oc-315">
         <name>.bss:g_sFileInfo</name>
         <uninitialized>true</uninitialized>
         <run_address>0x8003abc</run_address>
         <size>0x18</size>
         <input_file_ref idref="fl-4"/>
      </object_component>
      <object_component id="oc-31b">
         <name>.bss:g_sFileObject</name>
         <uninitialized>true</uninitialized>
         <run_address>0x8003230</run_address>
         <size>0x228</size>
         <input_file_ref idref="fl-4"/>
      </object_component>
      <object_component id="oc-2d2">
         <name>.bss</name>
         <uninitialized>true</uninitialized>
         <run_address>0x8003b94</run_address>
         <size>0x3</size>
         <input_file_ref idref="fl-6"/>
      </object_component>
      <object_component id="oc-4ff">
         <name>.bss:FatFs</name>
         <uninitialized>true</uninitialized>
         <run_address>0x8003b4c</run_address>
         <size>0x4</size>
         <input_file_ref idref="fl-7"/>
      </object_component>
      <object_component id="oc-502">
         <name>.bss</name>
         <uninitialized>true</uninitialized>
         <run_address>0x8003b98</run_address>
         <size>0x2</size>
         <input_file_ref idref="fl-7"/>
      </object_component>
      <object_component id="oc-3ed">
         <name>.bss:ParametrosCalibracionBMP280</name>
         <uninitialized>true</uninitialized>
         <run_address>0x8003a88</run_address>
         <size>0x1c</size>
         <input_file_ref idref="fl-8"/>
      </object_component>
      <object_component id="oc-416">
         <name>.bss:receivedData</name>
         <uninitialized>true</uninitialized>
         <run_address>0x8003b04</run_address>
         <size>0x18</size>
         <input_file_ref idref="fl-9"/>
      </object_component>
      <object_component id="oc-419">
         <name>.bss:receivedData2</name>
         <uninitialized>true</uninitialized>
         <run_address>0x8003ad4</run_address>
         <size>0x18</size>
         <input_file_ref idref="fl-9"/>
      </object_component>
      <object_component id="oc-41c">
         <name>.bss:receivedData3</name>
         <uninitialized>true</uninitialized>
         <run_address>0x8003aec</run_address>
         <size>0x18</size>
         <input_file_ref idref="fl-9"/>
      </object_component>
      <object_component id="oc-41f">
         <name>.bss:auxReceivedData</name>
         <uninitialized>true</uninitialized>
         <run_address>0x8003aa4</run_address>
         <size>0x18</size>
         <input_file_ref idref="fl-9"/>
      </object_component>
      <object_component id="oc-54e">
         <name>.bss:xStart</name>
         <uninitialized>true</uninitialized>
         <run_address>0x8003b6c</run_address>
         <size>0x8</size>
         <input_file_ref idref="fl-16"/>
      </object_component>
      <object_component id="oc-b3">
         <name>.bss:g_sciTransfer_t</name>
         <uninitialized>true</uninitialized>
         <run_address>0x8003a3c</run_address>
         <size>0x28</size>
         <input_file_ref idref="fl-1f"/>
      </object_component>
      <object_component id="oc-b7">
         <name>.bss:g_spiPacket_t</name>
         <uninitialized>true</uninitialized>
         <run_address>0x8003840</run_address>
         <size>0x78</size>
         <input_file_ref idref="fl-20"/>
      </object_component>
      <object_component id="oc-1a0">
         <name>.bss:receivedData</name>
         <uninitialized>true</uninitialized>
         <run_address>0x8003b1c</run_address>
         <size>0x18</size>
         <input_file_ref idref="fl-24"/>
      </object_component>
      <object_component id="oc-870">
         <name>.bss:_CIOBUF_</name>
         <uninitialized>true</uninitialized>
         <run_address>0x8003680</run_address>
         <size>0x120</size>
         <input_file_ref idref="fl-6d"/>
      </object_component>
      <object_component id="oc-1c4">
         <name>.common:SERVO_PAYLOAD</name>
         <uninitialized>true</uninitialized>
         <run_address>0x8003b50</run_address>
         <size>0x10</size>
      </object_component>
      <object_component id="oc-1a3">
         <name>.common:xWTStartHandle</name>
         <uninitialized>true</uninitialized>
         <run_address>0x8003b90</run_address>
         <size>0x4</size>
      </object_component>
      <object_component id="oc-1ac">
         <name>.common:xTelemetryHandle</name>
         <uninitialized>true</uninitialized>
         <run_address>0x8003b8c</run_address>
         <size>0x4</size>
      </object_component>
      <object_component id="oc-1b8">
         <name>.common:SPI1_data_configCh2</name>
         <uninitialized>true</uninitialized>
         <run_address>0x8003b7c</run_address>
         <size>0x4</size>
      </object_component>
      <object_component id="oc-434">
         <name>.common:newData</name>
         <uninitialized>true</uninitialized>
         <run_address>0x8003b84</run_address>
         <size>0x4</size>
      </object_component>
      <object_component id="oc-435">
         <name>.common:newDataCopy</name>
         <uninitialized>true</uninitialized>
         <run_address>0x8003b60</run_address>
         <size>0xc</size>
      </object_component>
      <object_component id="oc-436">
         <name>.common:auxNewData</name>
         <uninitialized>true</uninitialized>
         <run_address>0x8003b80</run_address>
         <size>0x4</size>
      </object_component>
      <object_component id="oc-1b0">
         <name>.common:command</name>
         <uninitialized>true</uninitialized>
         <run_address>0x80038b8</run_address>
         <size>0x64</size>
      </object_component>
      <object_component id="oc-1b1">
         <name>.common:tramaAPI</name>
         <uninitialized>true</uninitialized>
         <run_address>0x800391c</run_address>
         <size>0x64</size>
      </object_component>
      <object_component id="oc-412">
         <name>.common:CMD_KEY</name>
         <uninitialized>true</uninitialized>
         <run_address>0x8003b34</run_address>
         <size>0x18</size>
      </object_component>
      <object_component id="oc-3d3">
         <name>.common:filew</name>
         <uninitialized>true</uninitialized>
         <run_address>0x8003458</run_address>
         <size>0x228</size>
      </object_component>
      <object_component id="oc-3d0">
         <name>.common:iFResult</name>
         <uninitialized>true</uninitialized>
         <run_address>0x8003b97</run_address>
         <size>0x1</size>
      </object_component>
      <object_component id="oc-3d4">
         <name>.common:res</name>
         <uninitialized>true</uninitialized>
         <run_address>0x8003b88</run_address>
         <size>0x4</size>
      </object_component>
      <object_component id="oc-842">
         <name>.common:__TI_tmpnams</name>
         <uninitialized>true</uninitialized>
         <run_address>0x80037a0</run_address>
         <size>0xa0</size>
      </object_component>
      <object_component id="oc-851">
         <name>.common:parmbuf</name>
         <uninitialized>true</uninitialized>
         <run_address>0x8003b74</run_address>
         <size>0x8</size>
      </object_component>
      <object_component id="oc-312">
         <name>.data:g_pcCwdBuf</name>
         <load_address>0x8003e6c</load_address>
         <run_address>0x8003e6c</run_address>
         <size>0x50</size>
         <input_file_ref idref="fl-4"/>
      </object_component>
      <object_component id="oc-30c">
         <name>.data:g_psFResultStrings</name>
         <load_address>0x8003c8c</load_address>
         <run_address>0x8003c8c</run_address>
         <size>0xa0</size>
         <input_file_ref idref="fl-4"/>
      </object_component>
      <object_component id="oc-31e">
         <name>.data:g_psCmdTable</name>
         <load_address>0x8003da4</load_address>
         <run_address>0x8003da4</run_address>
         <size>0x78</size>
         <input_file_ref idref="fl-4"/>
      </object_component>
      <object_component id="oc-50c">
         <name>.data</name>
         <load_address>0x8004032</load_address>
         <run_address>0x8004032</run_address>
         <size>0x1</size>
         <input_file_ref idref="fl-5"/>
      </object_component>
      <object_component id="oc-2cf">
         <name>.data</name>
         <load_address>0x8003f5c</load_address>
         <run_address>0x8003f5c</run_address>
         <size>0xa</size>
         <input_file_ref idref="fl-6"/>
      </object_component>
      <object_component id="oc-3e1">
         <name>.data:PRESION</name>
         <load_address>0x8003fb0</load_address>
         <run_address>0x8003fb0</run_address>
         <size>0x8</size>
         <input_file_ref idref="fl-8"/>
      </object_component>
      <object_component id="oc-3e4">
         <name>.data:ALTITUD</name>
         <load_address>0x8003f78</load_address>
         <run_address>0x8003f78</run_address>
         <size>0x8</size>
         <input_file_ref idref="fl-8"/>
      </object_component>
      <object_component id="oc-3e7">
         <name>.data:TEMPERATURA</name>
         <load_address>0x8003fc0</load_address>
         <run_address>0x8003fc0</run_address>
         <size>0x8</size>
         <input_file_ref idref="fl-8"/>
      </object_component>
      <object_component id="oc-1bb">
         <name>.data:Temp_bmp280</name>
         <load_address>0x8003fc8</load_address>
         <run_address>0x8003fc8</run_address>
         <size>0x8</size>
         <input_file_ref idref="fl-8"/>
      </object_component>
      <object_component id="oc-1c1">
         <name>.data:Pres_bmp280</name>
         <load_address>0x8003fb8</load_address>
         <run_address>0x8003fb8</run_address>
         <size>0x8</size>
         <input_file_ref idref="fl-8"/>
      </object_component>
      <object_component id="oc-1be">
         <name>.data:Alt_bmp280</name>
         <load_address>0x8003f80</load_address>
         <run_address>0x8003f80</run_address>
         <size>0x8</size>
         <input_file_ref idref="fl-8"/>
      </object_component>
      <object_component id="oc-1b2">
         <name>.data:ComandoSPI</name>
         <load_address>0x8003f88</load_address>
         <run_address>0x8003f88</run_address>
         <size>0x8</size>
         <input_file_ref idref="fl-8"/>
      </object_component>
      <object_component id="oc-1b5">
         <name>.data:DatoSPI01</name>
         <load_address>0x8003f90</load_address>
         <run_address>0x8003f90</run_address>
         <size>0x8</size>
         <input_file_ref idref="fl-8"/>
      </object_component>
      <object_component id="oc-3ea">
         <name>.data:DatoSPI02</name>
         <load_address>0x8003f98</load_address>
         <run_address>0x8003f98</run_address>
         <size>0x8</size>
         <input_file_ref idref="fl-8"/>
      </object_component>
      <object_component id="oc-3f3">
         <name>.data:DatoSPI03</name>
         <load_address>0x8003fa0</load_address>
         <run_address>0x8003fa0</run_address>
         <size>0x8</size>
         <input_file_ref idref="fl-8"/>
      </object_component>
      <object_component id="oc-3f6">
         <name>.data:DatoSPI04</name>
         <load_address>0x8003fa8</load_address>
         <run_address>0x8003fa8</run_address>
         <size>0x8</size>
         <input_file_ref idref="fl-8"/>
      </object_component>
      <object_component id="oc-3f0">
         <name>.data</name>
         <load_address>0x8003f66</load_address>
         <run_address>0x8003f66</run_address>
         <size>0x2</size>
         <input_file_ref idref="fl-8"/>
      </object_component>
      <object_component id="oc-413">
         <name>.data</name>
         <load_address>0x8003f20</load_address>
         <run_address>0x8003f20</run_address>
         <size>0x10</size>
         <input_file_ref idref="fl-9"/>
      </object_component>
      <object_component id="oc-1ad">
         <name>.data</name>
         <load_address>0x8003ebc</load_address>
         <run_address>0x8003ebc</run_address>
         <size>0x4c</size>
         <input_file_ref idref="fl-b"/>
      </object_component>
      <object_component id="oc-39a">
         <name>.data:cPACKET_COUNT</name>
         <load_address>0x8003ff0</load_address>
         <run_address>0x8003ff0</run_address>
         <size>0x6</size>
         <input_file_ref idref="fl-b"/>
      </object_component>
      <object_component id="oc-3b5">
         <name>.data:FSW_STATE</name>
         <load_address>0x8003f08</load_address>
         <run_address>0x8003f08</run_address>
         <size>0x18</size>
         <input_file_ref idref="fl-b"/>
      </object_component>
      <object_component id="oc-3ac">
         <name>.data:cSP1_PC</name>
         <load_address>0x8003ff6</load_address>
         <run_address>0x8003ff6</run_address>
         <size>0x6</size>
         <input_file_ref idref="fl-b"/>
      </object_component>
      <object_component id="oc-3af">
         <name>.data:cSP2_PC</name>
         <load_address>0x8003ffc</load_address>
         <run_address>0x8003ffc</run_address>
         <size>0x6</size>
[...]
      <symbol id="sm-1546">
         <name>vimEnableInterrupt</name>
         <value>0x1603c</value>
         <object_component_ref idref="oc-43"/>
      </symbol>
      <symbol id="sm-1547">
         <name>vimDisableInterrupt</name>
         <value>0x16204</value>
         <object_component_ref idref="oc-43"/>
      </symbol>
      <symbol id="sm-1548">
         <name>vimGetConfigValue</name>
         <value>0x162b0</value>
         <object_component_ref idref="oc-43"/>
      </symbol>
      <symbol id="sm-1549">
         <name>vimParityErrorHandler</name>
         <value>0x1d2c8</value>
         <object_component_ref idref="oc-41"/>
      </symbol>
      <symbol id="sm-15a4">
         <name>systemGetConfigValue</name>
         <value>0x14c00</value>
         <object_component_ref idref="oc-84"/>
      </symbol>
      <symbol id="sm-15a5">
         <name>trimLPO</name>
         <value>0x148d4</value>
         <object_component_ref idref="oc-84"/>
      </symbol>
      <symbol id="sm-15a6">
         <name>systemInit</name>
         <value>0x14b04</value>
         <object_component_ref idref="oc-84"/>
      </symbol>
      <symbol id="sm-15a7">
         <name>customTrimLPO</name>
         <value>0x152fc</value>
         <object_component_ref idref="oc-84"/>
      </symbol>
      <symbol id="sm-15a8">
         <name>tcmflashGetConfigValue</name>
         <value>0x15014</value>
         <object_component_ref idref="oc-84"/>
      </symbol>
      <symbol id="sm-15a9">
         <name>sramGetConfigValue</name>
         <value>0x151c0</value>
         <object_component_ref idref="oc-84"/>
      </symbol>
      <symbol id="sm-15aa">
         <name>periphInit</name>
         <value>0x14988</value>
         <object_component_ref idref="oc-84"/>
      </symbol>
      <symbol id="sm-15ab">
         <name>setupFlash</name>
         <value>0x14948</value>
         <object_component_ref idref="oc-84"/>
      </symbol>
      <symbol id="sm-15ac">
         <name>setupPLL</name>
         <value>0x14874</value>
         <object_component_ref idref="oc-84"/>
      </symbol>
      <symbol id="sm-15ad">
         <name>mapClocks</name>
         <value>0x149dc</value>
         <object_component_ref idref="oc-84"/>
      </symbol>
      <symbol id="sm-15ae">
         <name>systemPowerDown</name>
         <value>0x14bd0</value>
         <object_component_ref idref="oc-84"/>
      </symbol>
      <symbol id="sm-15e5">
         <name>log</name>
         <value>0x1dd55</value>
         <object_component_ref idref="oc-385"/>
      </symbol>
      <symbol id="sm-15e6">
         <name>logl</name>
         <value>0x1dd55</value>
         <object_component_ref idref="oc-385"/>
      </symbol>
      <symbol id="sm-165e">
         <name>pow</name>
         <value>0x1ab75</value>
         <object_component_ref idref="oc-38b"/>
      </symbol>
      <symbol id="sm-165f">
         <name>powl</name>
         <value>0x1ab75</value>
         <object_component_ref idref="oc-38b"/>
      </symbol>
      <symbol id="sm-166f">
         <name>sqrtl</name>
         <value>0x2055d</value>
         <object_component_ref idref="oc-5a7"/>
      </symbol>
      <symbol id="sm-1670">
         <name>sqrt</name>
         <value>0x2055d</value>
         <object_component_ref idref="oc-5a7"/>
      </symbol>
      <symbol id="sm-168c">
         <name>floorl</name>
         <value>0x1f4b5</value>
         <object_component_ref idref="oc-2c2"/>
      </symbol>
      <symbol id="sm-168d">
         <name>floor</name>
         <value>0x1f4b5</value>
         <object_component_ref idref="oc-2c2"/>
      </symbol>
      <symbol id="sm-16b4">
         <name>scalbn</name>
         <value>0x1f1f9</value>
         <object_component_ref idref="oc-5ad"/>
      </symbol>
      <symbol id="sm-16b5">
         <name>scalbnl</name>
         <value>0x1f1f9</value>
         <object_component_ref idref="oc-5ad"/>
      </symbol>
      <symbol id="sm-16b6">
         <name>ldexpl</name>
         <value>0x1f1f9</value>
         <object_component_ref idref="oc-5ad"/>
      </symbol>
      <symbol id="sm-16b7">
         <name>ldexp</name>
         <value>0x1f1f9</value>
         <object_component_ref idref="oc-5ad"/>
      </symbol>
      <symbol id="sm-16de">
         <name>sprintf</name>
         <value>0x203cd</value>
         <object_component_ref idref="oc-176"/>
      </symbol>
      <symbol id="sm-16e9">
         <name>__aeabi_l2f</name>
         <value>0x20349</value>
         <object_component_ref idref="oc-3dc"/>
      </symbol>
      <symbol id="sm-1704">
         <name>memcpy</name>
         <value>0x1f8a1</value>
         <object_component_ref idref="oc-5b"/>
      </symbol>
      <symbol id="sm-1705">
         <name>__aeabi_memcpy</name>
         <value>0x1f8a1</value>
         <object_component_ref idref="oc-5b"/>
      </symbol>
      <symbol id="sm-1706">
         <name>__aeabi_memcpy8</name>
         <value>0x1f8a1</value>
         <object_component_ref idref="oc-5b"/>
      </symbol>
      <symbol id="sm-1707">
         <name>__aeabi_memcpy4</name>
         <value>0x1f8a1</value>
         <object_component_ref idref="oc-5b"/>
      </symbol>
      <symbol id="sm-1715">
         <name>__aeabi_ldivmod</name>
         <value>0x1f93c</value>
         <object_component_ref idref="oc-3d7"/>
      </symbol>
      <symbol id="sm-1731">
         <name>__aeabi_uldivmod</name>
         <value>0x1d594</value>
         <object_component_ref idref="oc-5e1"/>
      </symbol>
      <symbol id="sm-173d">
         <name>__aeabi_uidivmod</name>
         <value>0x20158</value>
         <object_component_ref idref="oc-2a9"/>
      </symbol>
      <symbol id="sm-173e">
         <name>__aeabi_uidiv</name>
         <value>0x20158</value>
         <object_component_ref idref="oc-2a9"/>
      </symbol>
      <symbol id="sm-174d">
         <name>__aeabi_memset</name>
         <value>0x1fad1</value>
         <object_component_ref idref="oc-f2"/>
      </symbol>
      <symbol id="sm-174e">
         <name>memset</name>
         <value>0x1fad7</value>
         <object_component_ref idref="oc-f2"/>
      </symbol>
      <symbol id="sm-174f">
         <name>__aeabi_memset8</name>
         <value>0x1fad1</value>
         <object_component_ref idref="oc-f2"/>
      </symbol>
      <symbol id="sm-1750">
         <name>__aeabi_memset4</name>
         <value>0x1fad1</value>
         <object_component_ref idref="oc-f2"/>
      </symbol>
      <symbol id="sm-1751">
         <name>__aeabi_memclr8</name>
         <value>0x1facf</value>
         <object_component_ref idref="oc-f2"/>
      </symbol>
      <symbol id="sm-1752">
         <name>__aeabi_memclr4</name>
         <value>0x1facf</value>
         <object_component_ref idref="oc-f2"/>
      </symbol>
      <symbol id="sm-1753">
         <name>__aeabi_memclr</name>
         <value>0x1facf</value>
         <object_component_ref idref="oc-f2"/>
      </symbol>
      <symbol id="sm-177b">
         <name>__TI_auto_init_nobinit_nopinit</name>
         <value>0x2027d</value>
         <object_component_ref idref="oc-116"/>
      </symbol>
      <symbol id="sm-178e">
         <name>__TI_zero_init</name>
         <value>0x207bf</value>
         <object_component_ref idref="oc-6d"/>
      </symbol>
      <symbol id="sm-17a5">
         <name>__TI_decompress_none</name>
         <value>0x207b1</value>
         <object_component_ref idref="oc-14"/>
      </symbol>
      <symbol id="sm-17c8">
         <name>__TI_decompress_lzss</name>
         <value>0x1fd0d</value>
         <object_component_ref idref="oc-e"/>
      </symbol>
      <symbol id="sm-17ee">
         <name>C$$EXIT</name>
         <value>0x207eb</value>
         <object_component_ref idref="oc-1d1"/>
      </symbol>
      <symbol id="sm-17ef">
         <name>abort</name>
         <value>0x207eb</value>
         <object_component_ref idref="oc-1d1"/>
      </symbol>
      <symbol id="sm-17f0">
         <name>__TI_dtors_ptr</name>
         <value>0x8003f54</value>
         <object_component_ref idref="oc-480"/>
      </symbol>
      <symbol id="sm-17f1">
         <name>__TI_cleanup_ptr</name>
         <value>0x8003f50</value>
         <object_component_ref idref="oc-480"/>
      </symbol>
      <symbol id="sm-17f2">
         <name>__TI_enable_exit_profile_output</name>
         <value>0x8003f58</value>
         <object_component_ref idref="oc-480"/>
      </symbol>
      <symbol id="sm-17f3">
         <name>exit</name>
         <value>0x202c1</value>
         <object_component_ref idref="oc-1d7"/>
      </symbol>
      <symbol id="sm-1808">
         <name>_nop</name>
         <value>0x17367</value>
         <object_component_ref idref="oc-63f"/>
      </symbol>
      <symbol id="sm-1809">
         <name>_lock</name>
         <value>0x8003f68</value>
         <object_component_ref idref="oc-483"/>
      </symbol>
      <symbol id="sm-180a">
         <name>_unlock</name>
         <value>0x8003f6c</value>
         <object_component_ref idref="oc-483"/>
      </symbol>
      <symbol id="sm-181e">
         <name>_abort_msg</name>
         <value>0x206d9</value>
         <object_component_ref idref="oc-2c9"/>
      </symbol>
      <symbol id="sm-182b">
         <name>atof</name>
         <value>0x207e5</value>
         <object_component_ref idref="oc-40c"/>
      </symbol>
      <symbol id="sm-1840">
         <name>atoi</name>
         <value>0x20109</value>
         <object_component_ref idref="oc-406"/>
      </symbol>
      <symbol id="sm-184b">
         <name>_ctypes_</name>
         <value>0x20fd8</value>
         <object_component_ref idref="oc-612"/>
      </symbol>
      <symbol id="sm-1860">
         <name>__TI_tmpnams</name>
         <value>0x80037a0</value>
      </symbol>
      <symbol id="sm-1861">
         <name>__aeabi_stdout</name>
         <value>0x8003f48</value>
         <object_component_ref idref="oc-687"/>
      </symbol>
      <symbol id="sm-1862">
         <name>__aeabi_stderr</name>
         <value>0x8003f4c</value>
         <object_component_ref idref="oc-687"/>
      </symbol>
      <symbol id="sm-1863">
         <name>__aeabi_stdin</name>
         <value>0x8003f44</value>
         <object_component_ref idref="oc-687"/>
      </symbol>
      <symbol id="sm-1864">
         <name>_ftable</name>
         <value>0x8003b9c</value>
         <object_component_ref idref="oc-4f4"/>
      </symbol>
      <symbol id="sm-1865">
         <name>__TI_ft_end</name>
         <value>0x8003f40</value>
         <object_component_ref idref="oc-687"/>
      </symbol>
      <symbol id="sm-1875">
         <name>strcat</name>
         <value>0x206b9</value>
         <object_component_ref idref="oc-300"/>
      </symbol>
      <symbol id="sm-1884">
         <name>strcmp</name>
         <value>0x20747</value>
         <object_component_ref idref="oc-2fa"/>
      </symbol>
      <symbol id="sm-1892">
         <name>strcpy</name>
         <value>0x2078b</value>
         <object_component_ref idref="oc-2e8"/>
      </symbol>
      <symbol id="sm-18a0">
         <name>strlen</name>
         <value>0x20775</value>
         <object_component_ref idref="oc-2ee"/>
      </symbol>
      <symbol id="sm-18b0">
         <name>strncpy</name>
         <value>0x20489</value>
         <object_component_ref idref="oc-2f4"/>
      </symbol>
      <symbol id="sm-1905">
         <name>strtold</name>
         <value>0x1c7bd</value>
         <object_component_ref idref="oc-617"/>
      </symbol>
      <symbol id="sm-1906">
         <name>strtod</name>
         <value>0x1c7bd</value>
         <object_component_ref idref="oc-617"/>
      </symbol>
      <symbol id="sm-191e">
         <name>strtok</name>
         <value>0x2040d</value>
         <object_component_ref idref="oc-400"/>
      </symbol>
      <symbol id="sm-1934">
         <name>__aeabi_errno_addr</name>
         <value>0x207d5</value>
         <object_component_ref idref="oc-590"/>
      </symbol>
      <symbol id="sm-1935">
         <name>errno</name>
         <value>0x8004034</value>
         <object_component_ref idref="oc-70a"/>
      </symbol>
      <symbol id="sm-193f">
         <name>copysign</name>
         <value>0x2069b</value>
         <object_component_ref idref="oc-722"/>
      </symbol>
      <symbol id="sm-1940">
         <name>copysignl</name>
         <value>0x2069b</value>
         <object_component_ref idref="oc-722"/>
      </symbol>
      <symbol id="sm-1a97">
         <name>__TI_printfi</name>
         <value>0x1691d</value>
         <object_component_ref idref="oc-36c"/>
      </symbol>
      <symbol id="sm-1ab9">
         <name>__TI_doflush</name>
         <value>0x201a9</value>
         <object_component_ref idref="oc-679"/>
      </symbol>
      <symbol id="sm-1aba">
         <name>fflush</name>
         <value>0x1f9d5</value>
         <object_component_ref idref="oc-4ee"/>
      </symbol>
      <symbol id="sm-1ad8">
         <name>fputs</name>
         <value>0x1ebad</value>
         <object_component_ref idref="oc-4e8"/>
      </symbol>
      <symbol id="sm-1af0">
         <name>__TI_wrt_ok</name>
         <value>0x1fde1</value>
         <object_component_ref idref="oc-66d"/>
      </symbol>
      <symbol id="sm-1b0c">
         <name>setvbuf</name>
         <value>0x1f675</value>
         <object_component_ref idref="oc-752"/>
      </symbol>
      <symbol id="sm-1b16">
         <name>__aeabi_idiv0</name>
         <value>0x1f7ff</value>
         <object_component_ref idref="oc-4d1"/>
      </symbol>
      <symbol id="sm-1b17">
         <name>__aeabi_ldiv0</name>
         <value>0x1f7ff</value>
         <object_component_ref idref="oc-4d1"/>
      </symbol>
      <symbol id="sm-1b29">
         <name>ltoa</name>
         <value>0x20065</value>
         <object_component_ref idref="oc-6d3"/>
      </symbol>
      <symbol id="sm-1b39">
         <name>memccpy</name>
         <value>0x20711</value>
         <object_component_ref idref="oc-584"/>
      </symbol>
      <symbol id="sm-1b49">
         <name>memchr</name>
         <value>0x2067b</value>
         <object_component_ref idref="oc-673"/>
      </symbol>
      <symbol id="sm-1bd1">
         <name>_sys_memory</name>
         <value>0x5208</value>
         <object_component_ref idref="oc-4d"/>
      </symbol>
      <symbol id="sm-1bd2">
         <name>free</name>
         <value>0x1f3d1</value>
         <object_component_ref idref="oc-7a4"/>
      </symbol>
      <symbol id="sm-1bd3">
         <name>memalign</name>
         <value>0x1ecc5</value>
         <object_component_ref idref="oc-7ea"/>
      </symbol>
      <symbol id="sm-1bd4">
         <name>malloc</name>
         <value>0x207dd</value>
         <object_component_ref idref="oc-7aa"/>
      </symbol>
      <symbol id="sm-1bd5">
         <name>aligned_alloc</name>
         <value>0x1ecc5</value>
         <object_component_ref idref="oc-7ea"/>
      </symbol>
      <symbol id="sm-1be5">
         <name>strchr</name>
         <value>0x2075f</value>
         <object_component_ref idref="oc-6fa"/>
      </symbol>
      <symbol id="sm-1bf6">
         <name>strcspn</name>
         <value>0x20659</value>
         <object_component_ref idref="oc-607"/>
      </symbol>
      <symbol id="sm-1c08">
         <name>strspn</name>
         <value>0x205b5</value>
         <object_component_ref idref="oc-601"/>
      </symbol>
      <symbol id="sm-1c22">
         <name>write</name>
         <value>0x20631</value>
         <object_component_ref idref="oc-67f"/>
      </symbol>
      <symbol id="sm-1c33">
         <name>_stream</name>
         <value>0x8003e1c</value>
         <object_component_ref idref="oc-75d"/>
      </symbol>
      <symbol id="sm-1c34">
         <name>_device</name>
         <value>0x8003d2c</value>
         <object_component_ref idref="oc-7c1"/>
      </symbol>
      <symbol id="sm-1c4d">
         <name>wcslen</name>
         <value>0x2079f</value>
         <object_component_ref idref="oc-58a"/>
      </symbol>
      <symbol id="sm-1c61">
         <name>frexpl</name>
         <value>0x1fbbd</value>
         <object_component_ref idref="oc-6f4"/>
      </symbol>
      <symbol id="sm-1c62">
         <name>frexp</name>
         <value>0x1fbbd</value>
         <object_component_ref idref="oc-6f4"/>
      </symbol>
      <symbol id="sm-1c72">
         <name>__TI_cleanup</name>
         <value>0x204c1</value>
         <object_component_ref idref="oc-7b0"/>
      </symbol>
      <symbol id="sm-1c84">
         <name>fseek</name>
         <value>0x1fe45</value>
         <object_component_ref idref="oc-74c"/>
      </symbol>
      <symbol id="sm-1c95">
         <name>HOSTclose</name>
         <value>0x201f5</value>
         <object_component_ref idref="oc-800"/>
      </symbol>
      <symbol id="sm-1ca6">
         <name>HOSTlseek</name>
         <value>0x1fd79</value>
         <object_component_ref idref="oc-812"/>
      </symbol>
      <symbol id="sm-1cb8">
         <name>parmbuf</name>
         <value>0x8003b74</value>
      </symbol>
      <symbol id="sm-1cb9">
         <name>HOSTopen</name>
         <value>0x1fea9</value>
         <object_component_ref idref="oc-7fa"/>
      </symbol>
      <symbol id="sm-1cca">
         <name>HOSTread</name>
         <value>0x1ff05</value>
         <object_component_ref idref="oc-806"/>
      </symbol>
      <symbol id="sm-1cdb">
         <name>HOSTrename</name>
         <value>0x1fca1</value>
         <object_component_ref idref="oc-81e"/>
      </symbol>
      <symbol id="sm-1cec">
         <name>HOSTunlink</name>
         <value>0x20239</value>
         <object_component_ref idref="oc-818"/>
      </symbol>
      <symbol id="sm-1cfd">
         <name>HOSTwrite</name>
         <value>0x1ff61</value>
         <object_component_ref idref="oc-80c"/>
      </symbol>
      <symbol id="sm-1d21">
         <name>__TI_readmsg</name>
         <value>0x204f5</value>
         <object_component_ref idref="oc-84b"/>
      </symbol>
      <symbol id="sm-1d22">
         <name>C$$IO$$</name>
         <value>0x2047f</value>
         <object_component_ref idref="oc-845"/>
      </symbol>
      <symbol id="sm-1d23">
         <name>__CIOBUF_</name>
         <value>0x8003680</value>
         <object_component_ref idref="oc-870"/>
      </symbol>
      <symbol id="sm-1d24">
         <name>__TI_writemsg</name>
         <value>0x2044d</value>
         <object_component_ref idref="oc-845"/>
      </symbol>
      <symbol id="sm-1d35">
         <name>lseek</name>
         <value>0x20609</value>
         <object_component_ref idref="oc-79c"/>
      </symbol>
      <symbol id="sm-1d4a">
         <name>__TI_closefile</name>
         <value>0x1fb49</value>
         <object_component_ref idref="oc-7f1"/>
      </symbol>
      <symbol id="sm-1d6d">
         <name>finddevice</name>
         <value>0x20529</value>
         <object_component_ref idref="oc-886"/>
      </symbol>
      <symbol id="sm-1d6e">
         <name>getdevice</name>
         <value>0x20305</value>
         <object_component_ref idref="oc-866"/>
      </symbol>
      <symbol id="sm-1d83">
         <name>close</name>
         <value>0x1ffb9</value>
         <object_component_ref idref="oc-836"/>
      </symbol>
      <symbol id="sm-1d93">
         <name>unlink</name>
         <value>0x20589</value>
         <object_component_ref idref="oc-83c"/>
      </symbol>
      <symbol id="sm-1d94">
         <name>__TI_static_base__</name>
         <value>0x0</value>
      </symbol>
      <symbol id="sm-1d9a">
         <name>SHT$$INIT_ARRAY$$Base</name>
         <value>0x0</value>
      </symbol>
      <symbol id="sm-1d9b">
         <name>SHT$$INIT_ARRAY$$Limit</name>
         <value>0x0</value>
      </symbol>
      <symbol id="sm-1d9c">
         <name>_system_post_cinit</name>
         <value>0x0</value>
      </symbol>
      <symbol id="sm-1d9d">
         <name>remove</name>
         <value>0x20589</value>
      </symbol>
   </symbol_table>
   <title>Link successful</title>
</link_info>
